warning: profiles for the non root package will be ignored, specify profiles at the workspace root:
package:   /Users/didi/Desktop/nos/kernel/Cargo.toml
workspace: /Users/didi/Desktop/nos/Cargo.toml
warning: profiles for the non root package will be ignored, specify profiles at the workspace root:
package:   /Users/didi/Desktop/nos/bootloader/Cargo.toml
workspace: /Users/didi/Desktop/nos/Cargo.toml
warning: /Users/didi/Desktop/nos/kernel/Cargo.toml: `panic` setting is ignored for `bench` profile
warning: /Users/didi/Desktop/nos/kernel/Cargo.toml: `panic` setting is ignored for `test` profile
   Compiling kernel v0.1.0 (/Users/didi/Desktop/nos/kernel)
warning: unused import: `super::*`
 --> kernel/src/syscalls/network/options.rs:3:5
  |
3 | use super::*;
  |     ^^^^^^^^
  |
  = note: `#[warn(unused_imports)]` (part of `#[warn(unused)]`) on by default

warning: unused import: `super::*`
 --> kernel/src/syscalls/network/interface.rs:3:5
  |
3 | use super::*;
  |     ^^^^^^^^

warning: unused imports: `EAGAIN`, `EBADF`, `ECONNREFUSED`, `EEXIST`, `EINVAL`, `EISCONN`, `EMFILE`, `ENOENT`, `ENOMEM`, `ENOSYS`, `ENOTCONN`, `EOPNOTSUPP`, and `errno_neg`
  --> kernel/src/syscalls/network/mod.rs:13:33
   |
13 | ...rno::{errno_neg, EINVAL, ENOMEM, EMFILE, EBADF, ENOENT, EEXIST, ENOSYS, EOPNOTSUPP, EAGAIN, ECONNREFUSED, EISCONN, ENOTCONN};
   |          ^^^^^^^^^  ^^^^^^  ^^^^^^  ^^^^^^  ^^^^^  ^^^^^^  ^^^^^^  ^^^^^^  ^^^^^^^^^^  ^^^^^^  ^^^^^^^^^^^^  ^^^^^^^  ^^^^^^^^

warning: unused import: `TcpOptions`
  --> kernel/src/syscalls/network/mod.rs:16:32
   |
16 | use crate::net::tcp::manager::{TcpOptions, ConnectionId, TcpConnectionManager};
   |                                ^^^^^^^^^^

warning: unused import: `crate::fs::file::FileType`
  --> kernel/src/syscalls/network/mod.rs:18:5
   |
18 | use crate::fs::file::FileType;
   |     ^^^^^^^^^^^^^^^^^^^^^^^^^

warning: unused imports: `Timespec` and `Timezone`
 --> kernel/src/syscalls/time.rs:4:29
  |
4 | use crate::libc::time_lib::{Timespec, Timezone};
  |                             ^^^^^^^^  ^^^^^^^^

warning: unused import: `Timespec`
  --> kernel/src/syscalls/time.rs:44:33
   |
44 |     use crate::libc::time_lib::{Timespec, Timezone};
   |                                 ^^^^^^^^

warning: unused import: `copyinstr`
   --> kernel/src/syscalls/time.rs:218:33
    |
218 |     use crate::mm::vm::{copyin, copyinstr};
    |                                 ^^^^^^^^^

warning: unused imports: `CLOCK_REALTIME` and `TIMER_ABSTIME`
   --> kernel/src/syscalls/time.rs:317:48
    |
317 |     use crate::posix::{SigEvent, SIGEV_SIGNAL, TIMER_ABSTIME, CLOCK_REALTIME};
    |                                                ^^^^^^^^^^^^^  ^^^^^^^^^^^^^^

warning: unused import: `copyin`
   --> kernel/src/syscalls/fs.rs:791:36
    |
791 |     use crate::mm::vm::{copyinstr, copyin};
    |                                    ^^^^^^

warning: unused import: `alloc::string::ToString`
  --> kernel/src/syscalls/zero_copy.rs:21:5
   |
21 | use alloc::string::ToString;
   |     ^^^^^^^^^^^^^^^^^^^^^^^

warning: unused imports: `EBADF`, `EEXIST`, `EINVAL`, `ENOENT`, and `ENOMEM`
 --> kernel/src/syscalls/epoll.rs:9:33
  |
9 | use crate::reliability::errno::{EBADF, EINVAL, ENOENT, ENOMEM, EEXIST};
  |                                 ^^^^^  ^^^^^^  ^^^^^^  ^^^^^^  ^^^^^^

warning: unused import: `crate::syscalls::common::SyscallError`
  --> kernel/src/syscalls/batch.rs:12:5
   |
12 | use crate::syscalls::common::SyscallError;
   |     ^^^^^^^^^^^^^^^^^^^^^^^^^^^^^^^^^^^^^

warning: unused import: `AtomicUsize`
  --> kernel/src/syscalls/aio.rs:27:37
   |
27 | use core::sync::atomic::{AtomicU64, AtomicUsize, Ordering};
   |                                     ^^^^^^^^^^^

warning: unused import: `core::ptr`
  --> kernel/src/syscalls/aio.rs:28:5
   |
28 | use core::ptr;
   |     ^^^^^^^^^

warning: unused import: `FileType`
  --> kernel/src/syscalls/aio.rs:31:35
   |
31 | use crate::fs::file::{FILE_TABLE, FileType};
   |                                   ^^^^^^^^

warning: unused imports: `LIO_NOP`, `aio_offset_t`, `aio_reqprio_t`, `aio_sigevent_t`, and `off_t`
  --> kernel/src/syscalls/aio.rs:33:20
   |
33 | ...::{off_t, aiocb, aio_offset_t, aio_reqprio_t, aio_sigevent_t, AIO_CANCELED, AIO_NOTCANCELED, AIO_ALLDONE, LIO_READ, LIO_WRITE, LIO_NOP, S...
   |       ^^^^^         ^^^^^^^^^^^^  ^^^^^^^^^^^^^  ^^^^^^^^^^^^^^                                                                   ^^^^^^^

warning: unused imports: `size_t as libc_size_t` and `ssize_t as libc_ssize_t`
  --> kernel/src/syscalls/aio.rs:34:30
   |
34 | use crate::libc::interface::{size_t as libc_size_t, ssize_t as libc_ssize_t};
   |                              ^^^^^^^^^^^^^^^^^^^^^  ^^^^^^^^^^^^^^^^^^^^^^^

warning: unused import: `crate::mm::vm`
  --> kernel/src/syscalls/aio.rs:36:5
   |
36 | use crate::mm::vm;
   |     ^^^^^^^^^^^^^

warning: unused import: `core::ptr`
 --> kernel/src/syscalls/mqueue.rs:8:5
  |
8 | use core::ptr;
  |     ^^^^^^^^^

warning: unused import: `spin::Once`
  --> kernel/src/syscalls/enhanced_error_handler.rs:14:5
   |
14 | use spin::Once;
   |     ^^^^^^^^^^

warning: unused imports: `ErrorPriority`, `NetworkIoStats`, `error_classifier::ErrorClassification`, `error_prediction::ErrorPrediction`, and `self_healing::HealingExecution`
  --> kernel/src/syscalls/enhanced_error_handler.rs:19:60
   |
19 |     UnifiedError, ErrorCategory, ErrorSeverity, ErrorType, ErrorPriority,
   |                                                            ^^^^^^^^^^^^^
...
23 |     error_classifier::ErrorClassification,
   |     ^^^^^^^^^^^^^^^^^^^^^^^^^^^^^^^^^^^^^
24 |     error_prediction::ErrorPrediction,
   |     ^^^^^^^^^^^^^^^^^^^^^^^^^^^^^^^^^
25 |     self_healing::HealingExecution,
   |     ^^^^^^^^^^^^^^^^^^^^^^^^^^^^^^
...
32 |     SystemStateSnapshot, NetworkIoStats, ErrorContext,
   |                          ^^^^^^^^^^^^^^

warning: unused import: `Mode`
  --> kernel/src/syscalls/security.rs:12:35
   |
12 | use crate::posix::{Uid, Gid, Pid, Mode};
   |                                   ^^^^

warning: unused import: `Once`
  --> kernel/src/process/manager.rs:18:26
   |
18 | use crate::sync::{Mutex, Once};
   |                          ^^^^

warning: unused import: `crate::posix`
   --> kernel/src/process/manager.rs:346:5
    |
346 | use crate::posix;
    |     ^^^^^^^^^^^^

warning: unused import: `alloc::sync::Arc`
  --> kernel/src/process/thread.rs:10:5
   |
10 | use alloc::sync::Arc;
   |     ^^^^^^^^^^^^^^^^

warning: unused import: `AtomicBool`
  --> kernel/src/process/thread.rs:13:39
   |
13 | use core::sync::atomic::{AtomicUsize, AtomicBool, Ordering};
   |                                       ^^^^^^^^^^

warning: unused imports: `ProcState` and `Proc`
  --> kernel/src/process/thread.rs:16:22
   |
16 | use crate::process::{Proc, Pid, Context, TrapFrame, ProcState};
   |                      ^^^^                           ^^^^^^^^^

warning: unused import: `crate::mm::vm::PageTable`
  --> kernel/src/process/thread.rs:18:5
   |
18 | use crate::mm::vm::PageTable;
   |     ^^^^^^^^^^^^^^^^^^^^^^^^

warning: unused imports: `Elf64Header`, `Elf64Phdr`, and `PAGE_SIZE`
  --> kernel/src/process/dynamic_linker.rs:13:38
   |
13 | use crate::process::elf::{ElfLoader, Elf64Header, Elf64Phdr, ElfError, PAGE_SIZE};
   |                                      ^^^^^^^^^^^  ^^^^^^^^^            ^^^^^^^^^

warning: unused import: `alloc::vec::Vec`
  --> kernel/src/process/fd_cache.rs:10:5
   |
10 | use alloc::vec::Vec;
   |     ^^^^^^^^^^^^^^^

warning: unused import: `AtomicUsize`
  --> kernel/src/process/fd_cache.rs:11:37
   |
11 | use core::sync::atomic::{AtomicU64, AtomicUsize, Ordering};
   |                                     ^^^^^^^^^^^

warning: unused import: `alloc::sync::Arc`
  --> kernel/src/process/lock_optimized.rs:10:5
   |
10 | use alloc::sync::Arc;
   |     ^^^^^^^^^^^^^^^^

warning: unused import: `Mutex`
  --> kernel/src/process/lock_optimized.rs:12:19
   |
12 | use crate::sync::{Mutex, RwLock};
   |                   ^^^^^

warning: unused import: `super::*`
   --> kernel/src/process/lock_optimized.rs:556:9
    |
556 |     use super::*;
    |         ^^^^^^^^

warning: unused imports: `format` and `vec`
 --> kernel/src/boot/mod.rs:9:13
  |
9 | use alloc::{format, vec};
  |             ^^^^^^  ^^^

warning: unused import: `EACCES`
 --> kernel/src/cloud_native/oci.rs:9:62
  |
9 | use crate::reliability::errno::{EINVAL, ENOENT, ENOMEM, EIO, EACCES};
  |                                                              ^^^^^^

warning: unused imports: `EACCES` and `ENOMEM`
 --> kernel/src/cloud_native/virtio.rs:9:49
  |
9 | use crate::reliability::errno::{EINVAL, ENOENT, ENOMEM, EIO, EACCES, EAGAIN};
  |                                                 ^^^^^^       ^^^^^^

warning: unused imports: `ENOMEM` and `EPERM`
 --> kernel/src/cloud_native/container.rs:9:49
  |
9 | use crate::reliability::errno::{EINVAL, ENOENT, ENOMEM, EIO, EPERM};
  |                                                 ^^^^^^       ^^^^^

warning: unused imports: `EACCES` and `ENOMEM`
 --> kernel/src/cloud_native/cgroups.rs:9:49
  |
9 | use crate::reliability::errno::{EINVAL, ENOENT, ENOMEM, EIO, EACCES};
  |                                                 ^^^^^^       ^^^^^^

warning: unused imports: `AtomicU64`, `AtomicUsize`, and `Ordering`
  --> kernel/src/cloud_native/cgroups.rs:17:26
   |
17 | use core::sync::atomic::{AtomicU64, AtomicUsize, Ordering};
   |                          ^^^^^^^^^  ^^^^^^^^^^^  ^^^^^^^^

warning: unused imports: `EACCES`, `ENOMEM`, and `EPERM`
 --> kernel/src/cloud_native/namespaces.rs:9:49
  |
9 | use crate::reliability::errno::{EINVAL, ENOENT, ENOMEM, EIO, EPERM, EACCES};
  |                                                 ^^^^^^       ^^^^^  ^^^^^^

warning: unused import: `ENOENT`
  --> kernel/src/cloud_native/mod.rs:15:41
   |
15 | use crate::reliability::errno::{EINVAL, ENOENT, ENOMEM, EIO};
   |                                         ^^^^^^

warning: unused import: `alloc::vec::Vec`
  --> kernel/src/cloud_native/mod.rs:18:5
   |
18 | use alloc::vec::Vec;
   |     ^^^^^^^^^^^^^^^

warning: unused imports: `format` and `vec`
  --> kernel/src/cloud_native/mod.rs:19:13
   |
19 | use alloc::{format, vec};
   |             ^^^^^^  ^^^

warning: unused import: `alloc::string::String`
 --> kernel/src/types/stubs.rs:7:5
  |
7 | use alloc::string::String;
  |     ^^^^^^^^^^^^^^^^^^^^^

warning: unused imports: `ServicePriority` and `ServiceStatus`
  --> kernel/src/types/stubs.rs:13:64
   |
13 |     ServiceId, ServiceCategory, ServiceInfo, InterfaceVersion, ServiceStatus, ServicePriority
   |                                                                ^^^^^^^^^^^^^  ^^^^^^^^^^^^^^^

warning: type `pid_t` should have an upper camel case name
   --> kernel/src/types/stubs.rs:110:10
    |
110 | pub type pid_t = crate::posix::Pid;
    |          ^^^^^ help: convert the identifier to upper camel case: `PidT`
    |
    = note: `#[warn(non_camel_case_types)]` (part of `#[warn(nonstandard_style)]`) on by default

warning: type `uid_t` should have an upper camel case name
   --> kernel/src/types/stubs.rs:111:10
    |
111 | pub type uid_t = crate::posix::Uid;
    |          ^^^^^ help: convert the identifier to upper camel case: `UidT`

warning: type `gid_t` should have an upper camel case name
   --> kernel/src/types/stubs.rs:112:10
    |
112 | pub type gid_t = crate::posix::Gid;
    |          ^^^^^ help: convert the identifier to upper camel case: `GidT`

warning: type `AF_UNIX` should have an upper camel case name
   --> kernel/src/types/stubs.rs:113:10
    |
113 | pub type AF_UNIX = i32;
    |          ^^^^^^^ help: convert the identifier to upper camel case: `AfUnix`

warning: unused import: `ServiceRegistry`
   --> kernel/src/types/stubs.rs:118:48
    |
118 | pub use crate::microkernel::service_registry::{ServiceRegistry, get_service_registry};
    |                                                ^^^^^^^^^^^^^^^

warning: unused imports: `AtomicU32` and `AtomicU64`
   --> kernel/src/types/stubs.rs:230:30
    |
230 | pub use core::sync::atomic::{AtomicU32, AtomicU64};
    |                              ^^^^^^^^^  ^^^^^^^^^

warning: unused import: `alloc::vec`
  --> kernel/src/debug/monitoring.rs:19:5
   |
19 | use alloc::vec;
   |     ^^^^^^^^^^

warning: unused doc comment
    --> kernel/src/debug/symbols.rs:1072:1
     |
1072 |   /// 导出函数
     |   ^^^^^^^^^^^^
1073 | / unsafe extern "C" {
1074 | |     fn rust_main() -> !;
1075 | | }
     | |_- rustdoc does not generate documentation for extern blocks
     |
     = help: use `//` for a plain comment
     = note: `#[warn(unused_doc_comments)]` (part of `#[warn(unused)]`) on by default

warning: unused import: `DebugLevel`
  --> kernel/src/debug/analyzer.rs:12:42
   |
12 | use crate::debug::session::{ProcessInfo, DebugLevel};
   |                                          ^^^^^^^^^^

warning: unused imports: `LeakDetectionStats`, `LeakDetector`, `MemoryUsageStatistics`, `PerformanceSnapshot`, `StackAnalyzer`, and `StackOverflowDetector`
  --> kernel/src/debug/manager.rs:22:5
   |
22 |     LeakDetector, LeakDetectionStats, MemoryUsageStatistics,
   |     ^^^^^^^^^^^^  ^^^^^^^^^^^^^^^^^^  ^^^^^^^^^^^^^^^^^^^^^
23 |     StackAnalyzer, StackOverflowDetector, StackFrame,
   |     ^^^^^^^^^^^^^  ^^^^^^^^^^^^^^^^^^^^^
...
26 |     SystemState, CPUInfo, MemoryInfo, NetworkInfo, PerformanceSnapshot,
   |                                                    ^^^^^^^^^^^^^^^^^^^

warning: unused imports: `DebugEventType`, `DebugEvent`, `DebugLevel`, `DebugSessionStatus`, `DebugSessionType`, `DebugSession`, `ProcessInfo`, `ProcessMemoryUsage`, `ProcessState`, `SessionConfig`, `ThreadInfo`, and `ThreadState`
  --> kernel/src/debug/mod.rs:25:5
   |
25 |     DebugSession, DebugSessionType, DebugSessionStatus,
   |     ^^^^^^^^^^^^  ^^^^^^^^^^^^^^^^  ^^^^^^^^^^^^^^^^^^
26 |     ProcessInfo, ProcessState, ProcessMemoryUsage,
   |     ^^^^^^^^^^^  ^^^^^^^^^^^^  ^^^^^^^^^^^^^^^^^^
27 |     DebugEvent, DebugEventType, DebugLevel,
   |     ^^^^^^^^^^  ^^^^^^^^^^^^^^  ^^^^^^^^^^
28 |     ThreadInfo, ThreadState, SessionConfig,
   |     ^^^^^^^^^^  ^^^^^^^^^^^  ^^^^^^^^^^^^^

warning: unused imports: `BreakpointCondition`, `BreakpointManager`, `BreakpointStatus`, `BreakpointType`, `Breakpoint`, `ConditionType`, and `SourceLocation`
  --> kernel/src/debug/mod.rs:32:5
   |
32 |     BreakpointManager, Breakpoint, BreakpointType, BreakpointStatus,
   |     ^^^^^^^^^^^^^^^^^  ^^^^^^^^^^  ^^^^^^^^^^^^^^  ^^^^^^^^^^^^^^^^
33 |     BreakpointCondition, ConditionType, SourceLocation,
   |     ^^^^^^^^^^^^^^^^^^^  ^^^^^^^^^^^^^  ^^^^^^^^^^^^^^

warning: unused imports: `AllocationRecord`, `AllocationType`, `AnalysisImportance`, `AnalysisResultType`, `AnalysisResult`, `CPUInfo`, `CallFrame`, `CounterType`, `DeallocationRecord`, `DeallocationType`, `HotspotAnalysisConfig`, `HotspotAnalysis`, `HotspotFunction`, `HotspotLine`, `HotspotModule`, `ImplementationDifficulty`, `InterfaceState`, `InterfaceStatus`, `InterfaceType`, `LeakDetectionStats`, `LeakDetector`, `MappingStatus`, `MappingType`, `MemoryAnalyzer`, `MemoryInfo`, `MemoryMapping`, `MemoryPermissions`, `MemoryRegionType`, `MemoryRegion`, `MemorySnapshot`, `MemoryUsageStatistics`, `NetworkInfo`, `PerformanceAnalysisConfig`, `PerformanceAnalyzer`, `PerformanceCounter`, `PerformanceReport`, `PerformanceSample`, `PerformanceSnapshot`, `PerformanceSummary`, `RecommendationPriority`, `RecommendationType`, `Recommendation`, `ReportType`, `StackAnalyzer`, `StackFrame`, `StackOverflowDetector`, `StackTraceType`, `StackTrace`, `SystemState`, `TimeRange`, and `VariableInfo`
  --> kernel/src/debug/mod.rs:37:5
   |
37 |     MemoryAnalyzer, MemorySnapshot, MemoryRegion, MemoryRegionType, MemoryPermissions,
   |     ^^^^^^^^^^^^^^  ^^^^^^^^^^^^^^  ^^^^^^^^^^^^  ^^^^^^^^^^^^^^^^  ^^^^^^^^^^^^^^^^^
38 |     LeakDetector, AllocationRecord, DeallocationRecord, AllocationType, DeallocationType,
   |     ^^^^^^^^^^^^  ^^^^^^^^^^^^^^^^  ^^^^^^^^^^^^^^^^^^  ^^^^^^^^^^^^^^  ^^^^^^^^^^^^^^^^
39 |     LeakDetectionStats, MemoryUsageStatistics, MemoryMapping, MappingType, MappingStatus,
   |     ^^^^^^^^^^^^^^^^^^  ^^^^^^^^^^^^^^^^^^^^^  ^^^^^^^^^^^^^  ^^^^^^^^^^^  ^^^^^^^^^^^^^
40 |     StackAnalyzer, StackTrace, StackTraceType, StackOverflowDetector,
   |     ^^^^^^^^^^^^^  ^^^^^^^^^^  ^^^^^^^^^^^^^^  ^^^^^^^^^^^^^^^^^^^^^
41 |     StackFrame, CallFrame, VariableInfo,
   |     ^^^^^^^^^^  ^^^^^^^^^  ^^^^^^^^^^^^
42 |     PerformanceAnalyzer, PerformanceCounter, CounterType, PerformanceSample,
   |     ^^^^^^^^^^^^^^^^^^^  ^^^^^^^^^^^^^^^^^^  ^^^^^^^^^^^  ^^^^^^^^^^^^^^^^^
43 |     HotspotAnalysis, HotspotFunction, HotspotLine, HotspotModule,
   |     ^^^^^^^^^^^^^^^  ^^^^^^^^^^^^^^^  ^^^^^^^^^^^  ^^^^^^^^^^^^^
44 |     PerformanceReport, ReportType, TimeRange, PerformanceSummary,
   |     ^^^^^^^^^^^^^^^^^  ^^^^^^^^^^  ^^^^^^^^^  ^^^^^^^^^^^^^^^^^^
45 |     AnalysisResult, AnalysisResultType, AnalysisImportance,
   |     ^^^^^^^^^^^^^^  ^^^^^^^^^^^^^^^^^^  ^^^^^^^^^^^^^^^^^^
46 |     Recommendation, RecommendationType, RecommendationPriority, ImplementationDifficulty,
   |     ^^^^^^^^^^^^^^  ^^^^^^^^^^^^^^^^^^  ^^^^^^^^^^^^^^^^^^^^^^  ^^^^^^^^^^^^^^^^^^^^^^^^
47 |     PerformanceAnalysisConfig, SystemState, CPUInfo, MemoryInfo, NetworkInfo,
   |     ^^^^^^^^^^^^^^^^^^^^^^^^^  ^^^^^^^^^^^  ^^^^^^^  ^^^^^^^^^^  ^^^^^^^^^^^
48 |     InterfaceStatus, InterfaceState, InterfaceType, PerformanceSnapshot,
   |     ^^^^^^^^^^^^^^^  ^^^^^^^^^^^^^^  ^^^^^^^^^^^^^  ^^^^^^^^^^^^^^^^^^^
49 |     HotspotAnalysisConfig,
   |     ^^^^^^^^^^^^^^^^^^^^^

warning: unused imports: `DebugPlugin`, `PluginConfig`, `PluginInterface`, and `PluginType`
  --> kernel/src/debug/mod.rs:53:5
   |
53 |     DebugPlugin, PluginType, PluginConfig, PluginInterface,
   |     ^^^^^^^^^^^  ^^^^^^^^^^  ^^^^^^^^^^^^  ^^^^^^^^^^^^^^^

warning: unused imports: `DebugConfig`, `DebugFeature`, `DebugFormat`, `DebugInfo`, `DebugStats`, `LineMapping`, `SourceMapping`, `SymbolManager`, `SymbolScope`, `SymbolTableStats`, `SymbolTableType`, `SymbolTable`, `SymbolType`, and `Symbol`
  --> kernel/src/debug/mod.rs:57:5
   |
57 |     SymbolManager, SymbolTable, SymbolTableType, Symbol, SymbolType, SymbolScope,
   |     ^^^^^^^^^^^^^  ^^^^^^^^^^^  ^^^^^^^^^^^^^^^  ^^^^^^  ^^^^^^^^^^  ^^^^^^^^^^^
58 |     SymbolTableStats, DebugInfo, DebugFormat, DebugFeature,
   |     ^^^^^^^^^^^^^^^^  ^^^^^^^^^  ^^^^^^^^^^^  ^^^^^^^^^^^^
59 |     SourceMapping, LineMapping, DebugConfig, DebugStats,
   |     ^^^^^^^^^^^^^  ^^^^^^^^^^^  ^^^^^^^^^^^  ^^^^^^^^^^

warning: unused imports: `DebugManager` and `create_debug_manager`
  --> kernel/src/debug/mod.rs:63:5
   |
63 |     DebugManager, create_debug_manager,
   |     ^^^^^^^^^^^^  ^^^^^^^^^^^^^^^^^^^^

warning: unused import: `core::time::Duration`
  --> kernel/src/drivers/device_manager.rs:24:5
   |
24 | use core::time::Duration;
   |     ^^^^^^^^^^^^^^^^^^^^

warning: unused import: `vec`
  --> kernel/src/drivers/nvme.rs:20:21
   |
20 | use alloc::{format, vec};
   |                     ^^^

warning: unused import: `alloc::boxed::Box`
  --> kernel/src/drivers/nvme.rs:21:5
   |
21 | use alloc::boxed::Box;
   |     ^^^^^^^^^^^^^^^^^

warning: unnecessary parentheses around assigned value
   --> kernel/src/drivers/nvme.rs:662:15
    |
662 |         cc |= (4 << 20); // MQES - 最大队列大小
    |               ^       ^
    |
    = note: `#[warn(unused_parens)]` (part of `#[warn(unused)]`) on by default
help: remove these parentheses
    |
662 -         cc |= (4 << 20); // MQES - 最大队列大小
662 +         cc |= 4 << 20; // MQES - 最大队列大小
    |

warning: unnecessary parentheses around assigned value
   --> kernel/src/drivers/nvme.rs:663:15
    |
663 |         cc |= (0 << 19); // CQR - 队列配置
    |               ^       ^
    |
help: remove these parentheses
    |
663 -         cc |= (0 << 19); // CQR - 队列配置
663 +         cc |= 0 << 19; // CQR - 队列配置
    |

warning: unnecessary parentheses around assigned value
   --> kernel/src/drivers/nvme.rs:664:15
    |
664 |         cc |= (1 << 18); // AMS - arb机制
    |               ^       ^
    |
help: remove these parentheses
    |
664 -         cc |= (1 << 18); // AMS - arb机制
664 +         cc |= 1 << 18; // AMS - arb机制
    |

warning: unnecessary parentheses around assigned value
   --> kernel/src/drivers/nvme.rs:665:15
    |
665 |         cc |= (0 << 17); // SHN - 关闭通知
    |               ^       ^
    |
help: remove these parentheses
    |
665 -         cc |= (0 << 17); // SHN - 关闭通知
665 +         cc |= 0 << 17; // SHN - 关闭通知
    |

warning: unnecessary parentheses around assigned value
   --> kernel/src/drivers/nvme.rs:666:15
    |
666 |         cc |= (1 << 16); // IOSQES - I/O提交队列大小
    |               ^       ^
    |
help: remove these parentheses
    |
666 -         cc |= (1 << 16); // IOSQES - I/O提交队列大小
666 +         cc |= 1 << 16; // IOSQES - I/O提交队列大小
    |

warning: unnecessary parentheses around assigned value
   --> kernel/src/drivers/nvme.rs:667:15
    |
667 |         cc |= (1 << 14); // IOCQES - I/O完成队列大小
    |               ^       ^
    |
help: remove these parentheses
    |
667 -         cc |= (1 << 14); // IOCQES - I/O完成队列大小
667 +         cc |= 1 << 14; // IOCQES - I/O完成队列大小
    |

warning: unused import: `alloc::boxed::Box`
  --> kernel/src/drivers/usb.rs:20:5
   |
20 | use alloc::boxed::Box;
   |     ^^^^^^^^^^^^^^^^^

warning: unused import: `core::time::Duration`
  --> kernel/src/drivers/usb.rs:24:5
   |
24 | use core::time::Duration;
   |     ^^^^^^^^^^^^^^^^^^^^

warning: unused import: `alloc::boxed::Box`
 --> kernel/src/drivers/virtio_gpu.rs:7:5
  |
7 | use alloc::boxed::Box;
  |     ^^^^^^^^^^^^^^^^^

warning: unused import: `alloc::string::String`
  --> kernel/src/drivers/virtio_gpu.rs:10:5
   |
10 | use alloc::string::String;
   |     ^^^^^^^^^^^^^^^^^^^^^

warning: unused import: `AtomicU64`
  --> kernel/src/drivers/virtio_gpu.rs:11:37
   |
11 | use core::sync::atomic::{AtomicU32, AtomicU64, Ordering};
   |                                     ^^^^^^^^^

warning: unused imports: `EIO` and `ENOMEM`
  --> kernel/src/drivers/virtio_gpu.rs:13:41
   |
13 | use crate::reliability::errno::{EINVAL, ENOMEM, EIO};
   |                                         ^^^^^^  ^^^

warning: unused import: `crate::services::driver::get_driver_manager`
  --> kernel/src/drivers/mod.rs:19:9
   |
19 | pub use crate::services::driver::get_driver_manager;
   |         ^^^^^^^^^^^^^^^^^^^^^^^^^^^^^^^^^^^^^^^^^^^

warning: unused import: `SpinLock`
 --> kernel/src/error_handling/error_registry.rs:8:19
  |
8 | use crate::sync::{SpinLock, Mutex};
  |                   ^^^^^^^^

warning: unused import: `format`
  --> kernel/src/error_handling/error_registry.rs:16:13
   |
16 | use alloc::{format, vec};
   |             ^^^^^^

warning: unused import: `alloc::boxed::Box`
  --> kernel/src/error_handling/error_registry.rs:17:5
   |
17 | use alloc::boxed::Box;
   |     ^^^^^^^^^^^^^^^^^

warning: unused import: `SpinLock`
 --> kernel/src/error_handling/error_classifier.rs:8:19
  |
8 | use crate::sync::{SpinLock, Mutex};
  |                   ^^^^^^^^

warning: unused imports: `AtomicU64` and `Ordering`
  --> kernel/src/error_handling/error_classifier.rs:18:26
   |
18 | use core::sync::atomic::{AtomicU64, Ordering};
   |                          ^^^^^^^^^  ^^^^^^^^

warning: unused import: `crate::error_handling::recovery_manager::RecoveryActionExecution`
  --> kernel/src/error_handling/error_recovery.rs:20:5
   |
20 | use crate::error_handling::recovery_manager::RecoveryActionExecution;
   |     ^^^^^^^^^^^^^^^^^^^^^^^^^^^^^^^^^^^^^^^^^^^^^^^^^^^^^^^^^^^^^^^^

warning: unexpected `cfg` condition value: `process_errors`
  --> kernel/src/error_handling/unified.rs:42:7
   |
42 | #[cfg(feature = "process_errors")]
   |       ^^^^^^^^^^^^^^^^^^^^^^^^^^
   |
   = note: expected values for `feature` are: `baremetal`, `kernel_tests`, and `link_phys_end`
   = help: consider adding `process_errors` as a feature in `Cargo.toml`
   = note: see <https://doc.rust-lang.org/nightly/rustc/check-cfg/cargo-specifics.html> for more information about checking conditional configuration
   = note: `#[warn(unexpected_cfgs)]` on by default

warning: unexpected `cfg` condition value: `process_errors`
  --> kernel/src/error_handling/unified.rs:59:7
   |
59 | #[cfg(feature = "process_errors")]
   |       ^^^^^^^^^^^^^^^^^^^^^^^^^^
   |
   = note: expected values for `feature` are: `baremetal`, `kernel_tests`, and `link_phys_end`
   = help: consider adding `process_errors` as a feature in `Cargo.toml`
   = note: see <https://doc.rust-lang.org/nightly/rustc/check-cfg/cargo-specifics.html> for more information about checking conditional configuration

warning: unused import: `vec`
  --> kernel/src/error_handling/error_tracing.rs:13:21
   |
13 | use alloc::{format, vec};
   |                     ^^^

warning: unused import: `crate::collections::HashMap`
  --> kernel/src/error_handling/system_health.rs:18:5
   |
18 | use crate::collections::HashMap;
   |     ^^^^^^^^^^^^^^^^^^^^^^^^^^^

warning: unused import: `SpinLock`
 --> kernel/src/error_handling/recovery_manager.rs:9:19
  |
9 | use crate::sync::{SpinLock, Mutex};
  |                   ^^^^^^^^

warning: unused import: `format`
  --> kernel/src/error_handling/recovery_manager.rs:16:13
   |
16 | use alloc::{format, vec};
   |             ^^^^^^

warning: unused imports: `KernelError` and `KernelResult`
  --> kernel/src/error_handling/recovery_manager.rs:21:22
   |
21 | use super::unified::{KernelError, KernelResult};
   |                      ^^^^^^^^^^^  ^^^^^^^^^^^^

warning: unused import: `boxed::Box`
  --> kernel/src/error_handling/diagnostic_tools.rs:12:26
   |
12 | use alloc::{format, vec, boxed::Box};
   |                          ^^^^^^^^^^

warning: unused import: `core::any::TypeId`
  --> kernel/src/error_handling/unified_error.rs:12:5
   |
12 | use core::any::TypeId;
   |     ^^^^^^^^^^^^^^^^^

warning: unused import: `KernelResult`
  --> kernel/src/error_handling/unified_error.rs:15:35
   |
15 | use super::unified::{KernelError, KernelResult};
   |                                   ^^^^^^^^^^^^

warning: unused import: `alloc::boxed::Box`
  --> kernel/src/error_handling/unified_engine.rs:13:5
   |
13 | use alloc::boxed::Box;
   |     ^^^^^^^^^^^^^^^^^

warning: unused import: `ErrorMetadata`
  --> kernel/src/error_handling/unified_engine.rs:21:5
   |
21 |     ErrorMetadata,
   |     ^^^^^^^^^^^^^

warning: unused imports: `KernelError` and `KernelResult`
  --> kernel/src/error_handling/unified_engine.rs:27:22
   |
27 | use super::unified::{KernelError, KernelResult};
   |                      ^^^^^^^^^^^  ^^^^^^^^^^^^

warning: unused import: `hashbrown::HashMap`
  --> kernel/src/error_handling/error_prediction.rs:15:5
   |
15 | use hashbrown::HashMap;
   |     ^^^^^^^^^^^^^^^^^^

warning: unused imports: `EnhancedErrorContext` and `UnifiedError`
  --> kernel/src/error_handling/error_prediction.rs:20:5
   |
20 |     UnifiedError, ErrorPriority, EnhancedErrorContext
   |     ^^^^^^^^^^^^                 ^^^^^^^^^^^^^^^^^^^^

warning: unused imports: `EnhancedErrorContext`, `ErrorPriority`, `ExecutionCost`, `PreventionActionType`, `PreventionAction`, and `UnifiedError`
  --> kernel/src/error_handling/self_healing.rs:19:5
   |
19 |     UnifiedError, ErrorPriority, EnhancedErrorContext,
   |     ^^^^^^^^^^^^  ^^^^^^^^^^^^^  ^^^^^^^^^^^^^^^^^^^^
20 |     error_prediction::{PreventionAction, PreventionActionType, ExecutionCost}
   |                        ^^^^^^^^^^^^^^^^  ^^^^^^^^^^^^^^^^^^^^  ^^^^^^^^^^^^^

warning: unused imports: `ErrorPriority`, `HealingExecution`, `PreventionAction`, and `SelfHealingStrategy`
  --> kernel/src/error_handling/error_handling_traits.rs:19:19
   |
19 |     UnifiedError, ErrorPriority, EnhancedErrorContext,
   |                   ^^^^^^^^^^^^^
20 |     error_prediction::{ErrorPredictor, ErrorPrediction, PreventionAction},
   |                                                         ^^^^^^^^^^^^^^^^
21 |     self_healing::{SelfHealingSystem, SelfHealingStrategy, HealingExecution}
   |                                       ^^^^^^^^^^^^^^^^^^^  ^^^^^^^^^^^^^^^^

warning: unused imports: `ErrorMetadata` and `ErrorSignature`
    --> kernel/src/error_handling/mod.rs:1054:5
     |
1054 |     ErrorMetadata, ErrorSignature, EnhancedErrorContext
     |     ^^^^^^^^^^^^^  ^^^^^^^^^^^^^^

warning: unused imports: `ErrorAggregator`, `ErrorMonitor`, `PerformanceMetrics`, and `UnifiedErrorHandlingEngine`
    --> kernel/src/error_handling/mod.rs:1058:5
     |
1058 |     UnifiedErrorHandlingEngine, ErrorAggregator, ErrorMonitor,
     |     ^^^^^^^^^^^^^^^^^^^^^^^^^^  ^^^^^^^^^^^^^^^  ^^^^^^^^^^^^
1059 |     PerformanceMetrics
     |     ^^^^^^^^^^^^^^^^^^

warning: unused imports: `ComparisonOperator`, `ErrorPattern`, `ExecutionCost`, `PatternCondition`, `PredictionStats`, `PreventionActionType`, `PreventionAction`, `ProcessConditionType`, `ResourceType`, and `SystemStateSnapshot as PredictionSystemStateSnapshot`
    --> kernel/src/error_handling/mod.rs:1063:21
     |
1063 |     ErrorPredictor, ErrorPattern, ErrorPrediction, PreventionAction,
     |                     ^^^^^^^^^^^^                   ^^^^^^^^^^^^^^^^
1064 |     PatternCondition, ComparisonOperator, ProcessConditionType,
     |     ^^^^^^^^^^^^^^^^  ^^^^^^^^^^^^^^^^^^  ^^^^^^^^^^^^^^^^^^^^
1065 |     ResourceType, PreventionActionType, ExecutionCost,
     |     ^^^^^^^^^^^^  ^^^^^^^^^^^^^^^^^^^^  ^^^^^^^^^^^^^
1066 |     SystemStateSnapshot as PredictionSystemStateSnapshot, NetworkIoStats, PredictionConfig, PredictionStats
     |     ^^^^^^^^^^^^^^^^^^^^^^^^^^^^^^^^^^^^^^^^^^^^^^^^^^^^                                    ^^^^^^^^^^^^^^^

warning: unused imports: `HealingCost`, `HealingExecutionStrategy`, `HealingPriority`, `HealingResult`, `HealingStats`, `HealingTriggerCondition`, `MetricComparison`, `SelfHealingActionType`, `SelfHealingAction`, and `SelfHealingStrategy`
    --> kernel/src/error_handling/mod.rs:1070:24
     |
1070 |     SelfHealingSystem, SelfHealingStrategy, SelfHealingAction,
     |                        ^^^^^^^^^^^^^^^^^^^  ^^^^^^^^^^^^^^^^^
1071 |     HealingTriggerCondition, MetricComparison, HealingPriority,
     |     ^^^^^^^^^^^^^^^^^^^^^^^  ^^^^^^^^^^^^^^^^  ^^^^^^^^^^^^^^^
1072 |     HealingCost, HealingExecution, HealingResult, HealingExecutionStrategy,
     |     ^^^^^^^^^^^                    ^^^^^^^^^^^^^  ^^^^^^^^^^^^^^^^^^^^^^^^
1073 |     HealingConfig, HealingStats, SelfHealingActionType
     |                    ^^^^^^^^^^^^  ^^^^^^^^^^^^^^^^^^^^^

warning: unused imports: `DiagnosisDepth`, `DiagnosisResult`, `HealthCheckResult as TraitsHealthCheckResult`, `ManagerStatistics`, `RecoveryAction as TraitsRecoveryAction`, `RecoveryActionType as TraitsRecoveryActionType`, `RecoveryPriority`, `RecoveryResult as TraitsRecoveryResult`, and `RecoveryStrategy as TraitsRecoveryStrategy`
    --> kernel/src/error_handling/mod.rs:1078:45
     |
1078 |     ErrorHandlingResult, HandlerStatistics, RecoveryResult as TraitsRecoveryResult, RecoveryStrategy as TraitsRecoveryStrategy,
     |                                             ^^^^^^^^^^^^^^^^^^^^^^^^^^^^^^^^^^^^^^  ^^^^^^^^^^^^^^^^^^^^^^^^^^^^^^^^^^^^^^^^^^
1079 |     RecoveryPriority, RecoveryAction as TraitsRecoveryAction, RecoveryActionType as TraitsRecoveryActionType,
     |     ^^^^^^^^^^^^^^^^  ^^^^^^^^^^^^^^^^^^^^^^^^^^^^^^^^^^^^^^  ^^^^^^^^^^^^^^^^^^^^^^^^^^^^^^^^^^^^^^^^^^^^^^
1080 |     DiagnosisResult, ImpactScope, DiagnosisDepth,
     |     ^^^^^^^^^^^^^^^               ^^^^^^^^^^^^^^
1081 |     UnifiedErrorHandlingManager, ManagerStatistics, HealthCheckResult as TraitsHealthCheckResult
     |                                  ^^^^^^^^^^^^^^^^^  ^^^^^^^^^^^^^^^^^^^^^^^^^^^^^^^^^^^^^^^^^^^^

warning: unused import: `alloc::collections::binary_heap::BinaryHeap`
  --> kernel/src/formal_verification/model_checker.rs:12:5
   |
12 | use alloc::collections::binary_heap::BinaryHeap;
   |     ^^^^^^^^^^^^^^^^^^^^^^^^^^^^^^^^^^^^^^^^^^^

warning: unused import: `AtomicU64`
  --> kernel/src/formal_verification/model_checker.rs:19:26
   |
19 | use core::sync::atomic::{AtomicU64, Ordering};
   |                          ^^^^^^^^^

warning: unused import: `HashSet`
 --> kernel/src/formal_verification/theorem_prover.rs:8:26
  |
8 | use hashbrown::{HashMap, HashSet};
  |                          ^^^^^^^

warning: unused import: `AtomicU64`
  --> kernel/src/formal_verification/theorem_prover.rs:14:26
   |
14 | use core::sync::atomic::{AtomicU64, Ordering};
   |                          ^^^^^^^^^

warning: unused import: `HashSet`
 --> kernel/src/formal_verification/static_analyzer.rs:8:26
  |
8 | use hashbrown::{HashMap, HashSet};
  |                          ^^^^^^^

warning: unused import: `AtomicU64`
  --> kernel/src/formal_verification/static_analyzer.rs:15:26
   |
15 | use core::sync::atomic::{AtomicU64, Ordering};
   |                          ^^^^^^^^^

warning: unused import: `HashSet`
 --> kernel/src/formal_verification/type_checker.rs:8:26
  |
8 | use hashbrown::{HashMap, HashSet};
  |                          ^^^^^^^

warning: unused import: `AtomicU64`
  --> kernel/src/formal_verification/type_checker.rs:16:26
   |
16 | use core::sync::atomic::{AtomicU64, Ordering};
   |                          ^^^^^^^^^

warning: unused imports: `HashMap` and `HashSet`
 --> kernel/src/formal_verification/memory_safety.rs:8:17
  |
8 | use hashbrown::{HashMap, HashSet};
  |                 ^^^^^^^  ^^^^^^^

warning: unused import: `alloc::string::String`
  --> kernel/src/formal_verification/memory_safety.rs:12:5
   |
12 | use alloc::string::String;
   |     ^^^^^^^^^^^^^^^^^^^^^

warning: unused import: `vec`
  --> kernel/src/formal_verification/memory_safety.rs:13:21
   |
13 | use alloc::{format, vec};
   |                     ^^^

warning: unused import: `AtomicU64`
  --> kernel/src/formal_verification/memory_safety.rs:14:26
   |
14 | use core::sync::atomic::{AtomicU64, Ordering};
   |                          ^^^^^^^^^

warning: unused import: `crate::compat::DefaultHasherBuilder`
  --> kernel/src/formal_verification/memory_safety.rs:16:5
   |
16 | use crate::compat::DefaultHasherBuilder;
   |     ^^^^^^^^^^^^^^^^^^^^^^^^^^^^^^^^^^^

warning: unused imports: `HashMap` and `HashSet`
 --> kernel/src/formal_verification/concurrency_verifier.rs:8:17
  |
8 | use hashbrown::{HashMap, HashSet};
  |                 ^^^^^^^  ^^^^^^^

warning: unused import: `alloc::string::String`
  --> kernel/src/formal_verification/concurrency_verifier.rs:12:5
   |
12 | use alloc::string::String;
   |     ^^^^^^^^^^^^^^^^^^^^^

warning: unused import: `vec`
  --> kernel/src/formal_verification/concurrency_verifier.rs:13:21
   |
13 | use alloc::{format, vec};
   |                     ^^^

warning: unused import: `AtomicU64`
  --> kernel/src/formal_verification/concurrency_verifier.rs:14:26
   |
14 | use core::sync::atomic::{AtomicU64, Ordering};
   |                          ^^^^^^^^^

warning: unused import: `crate::compat::DefaultHasherBuilder`
  --> kernel/src/formal_verification/concurrency_verifier.rs:16:5
   |
16 | use crate::compat::DefaultHasherBuilder;
   |     ^^^^^^^^^^^^^^^^^^^^^^^^^^^^^^^^^^^

warning: unused imports: `HashMap` and `HashSet`
 --> kernel/src/formal_verification/security_prover.rs:8:17
  |
8 | use hashbrown::{HashMap, HashSet};
  |                 ^^^^^^^  ^^^^^^^

warning: unused import: `alloc::string::String`
  --> kernel/src/formal_verification/security_prover.rs:12:5
   |
12 | use alloc::string::String;
   |     ^^^^^^^^^^^^^^^^^^^^^

warning: unused import: `vec`
  --> kernel/src/formal_verification/security_prover.rs:13:21
   |
13 | use alloc::{format, vec};
   |                     ^^^

warning: unused import: `AtomicU64`
  --> kernel/src/formal_verification/security_prover.rs:14:26
   |
14 | use core::sync::atomic::{AtomicU64, Ordering};
   |                          ^^^^^^^^^

warning: unused import: `crate::compat::DefaultHasherBuilder`
  --> kernel/src/formal_verification/security_prover.rs:16:5
   |
16 | use crate::compat::DefaultHasherBuilder;
   |     ^^^^^^^^^^^^^^^^^^^^^^^^^^^^^^^^^^^

warning: unused import: `HashSet`
 --> kernel/src/formal_verification/verification_pipeline.rs:8:26
  |
8 | use hashbrown::{HashMap, HashSet};
  |                          ^^^^^^^

warning: unused import: `alloc::boxed::Box`
  --> kernel/src/formal_verification/verification_pipeline.rs:15:5
   |
15 | use alloc::boxed::Box;
   |     ^^^^^^^^^^^^^^^^^

warning: unused import: `AtomicU64`
  --> kernel/src/formal_verification/verification_pipeline.rs:16:26
   |
16 | use core::sync::atomic::{AtomicU64, Ordering};
   |                          ^^^^^^^^^

warning: unused imports: `HashMap` and `HashSet`
 --> kernel/src/formal_verification/proof_assistant.rs:8:17
  |
8 | use hashbrown::{HashMap, HashSet};
  |                 ^^^^^^^  ^^^^^^^

warning: unused import: `alloc::string::String`
  --> kernel/src/formal_verification/proof_assistant.rs:11:5
   |
11 | use alloc::string::String;
   |     ^^^^^^^^^^^^^^^^^^^^^

warning: unused imports: `AtomicU64` and `Ordering`
  --> kernel/src/formal_verification/proof_assistant.rs:12:26
   |
12 | use core::sync::atomic::{AtomicU64, Ordering};
   |                          ^^^^^^^^^  ^^^^^^^^

warning: unused import: `super::*`
  --> kernel/src/formal_verification/proof_assistant.rs:15:5
   |
15 | use super::*;
   |     ^^^^^^^^

warning: unused import: `HashSet`
 --> kernel/src/formal_verification/spec_language.rs:8:26
  |
8 | use hashbrown::{HashMap, HashSet};
  |                          ^^^^^^^

warning: unused import: `alloc::boxed::Box`
  --> kernel/src/formal_verification/spec_language.rs:12:5
   |
12 | use alloc::boxed::Box;
   |     ^^^^^^^^^^^^^^^^^

warning: unused imports: `AtomicU64` and `Ordering`
  --> kernel/src/formal_verification/spec_language.rs:13:26
   |
13 | use core::sync::atomic::{AtomicU64, Ordering};
   |                          ^^^^^^^^^  ^^^^^^^^

warning: unused import: `super::*`
  --> kernel/src/formal_verification/spec_language.rs:17:5
   |
17 | use super::*;
   |     ^^^^^^^^

warning: unused import: `crate::security::audit::AuditSeverity`
  --> kernel/src/ids/network_ids.rs:19:5
   |
19 | use crate::security::audit::AuditSeverity;
   |     ^^^^^^^^^^^^^^^^^^^^^^^^^^^^^^^^^^^^^

warning: unused import: `alloc::collections::BTreeMap`
 --> kernel/src/ids/host_ids/types.rs:5:5
  |
5 | use alloc::collections::BTreeMap;
  |     ^^^^^^^^^^^^^^^^^^^^^^^^^^^^

warning: unused import: `alloc::vec::Vec`
 --> kernel/src/ids/host_ids/types.rs:6:5
  |
6 | use alloc::vec::Vec;
  |     ^^^^^^^^^^^^^^^

warning: unused import: `alloc::string::String`
 --> kernel/src/ids/host_ids/types.rs:7:5
  |
7 | use alloc::string::String;
  |     ^^^^^^^^^^^^^^^^^^^^^

warning: unused imports: `Evidence` and `ThreatLevel`
 --> kernel/src/ids/host_ids/types.rs:9:20
  |
9 | use super::super::{ThreatLevel, Evidence};
  |                    ^^^^^^^^^^^  ^^^^^^^^

warning: unused import: `alloc::collections::BTreeMap`
 --> kernel/src/ids/host_ids/syscall.rs:8:5
  |
8 | use alloc::collections::BTreeMap;
  |     ^^^^^^^^^^^^^^^^^^^^^^^^^^^^

warning: unused import: `alloc::vec::Vec`
 --> kernel/src/ids/host_ids/syscall.rs:9:5
  |
9 | use alloc::vec::Vec;
  |     ^^^^^^^^^^^^^^^

warning: unused import: `alloc::string::String`
  --> kernel/src/ids/host_ids/syscall.rs:10:5
   |
10 | use alloc::string::String;
   |     ^^^^^^^^^^^^^^^^^^^^^

warning: unused import: `crate::security::audit::AuditEvent`
  --> kernel/src/ids/host_ids/syscall.rs:11:5
   |
11 | use crate::security::audit::AuditEvent;
   |     ^^^^^^^^^^^^^^^^^^^^^^^^^^^^^^^^^^

warning: unused imports: `IntrusionDetection` and `ThreatLevel`
  --> kernel/src/ids/host_ids/syscall.rs:12:20
   |
12 | use super::super::{IntrusionDetection, ThreatLevel};
   |                    ^^^^^^^^^^^^^^^^^^  ^^^^^^^^^^^

warning: unused imports: `ArgPatternType`, `ArgPattern`, `CallChainType`, `CallChain`, `CallFrame`, `CallTracer`, `SyscallAnomalyDetector`, `SyscallAnomalyModel`, `SyscallArgType`, `SyscallArg`, `SyscallMonitor`, `SyscallStats`, and `SyscallThresholds`
  --> kernel/src/ids/host_ids/syscall.rs:16:5
   |
16 |     SyscallMonitor, SyscallStats, SyscallAnomalyDetector, SyscallAnomalyModel,
   |     ^^^^^^^^^^^^^^  ^^^^^^^^^^^^  ^^^^^^^^^^^^^^^^^^^^^^  ^^^^^^^^^^^^^^^^^^^
17 |     ArgPattern, ArgPatternType, SyscallThresholds, CallTracer, CallFrame,
   |     ^^^^^^^^^^  ^^^^^^^^^^^^^^  ^^^^^^^^^^^^^^^^^  ^^^^^^^^^^  ^^^^^^^^^
18 |     SyscallArg, SyscallArgType, CallChain, CallChainType,
   |     ^^^^^^^^^^  ^^^^^^^^^^^^^^  ^^^^^^^^^  ^^^^^^^^^^^^^

warning: unused import: `alloc::collections::BTreeMap`
 --> kernel/src/ids/host_ids/file.rs:8:5
  |
8 | use alloc::collections::BTreeMap;
  |     ^^^^^^^^^^^^^^^^^^^^^^^^^^^^

warning: unused import: `alloc::vec::Vec`
 --> kernel/src/ids/host_ids/file.rs:9:5
  |
9 | use alloc::vec::Vec;
  |     ^^^^^^^^^^^^^^^

warning: unused import: `alloc::string::String`
  --> kernel/src/ids/host_ids/file.rs:10:5
   |
10 | use alloc::string::String;
   |     ^^^^^^^^^^^^^^^^^^^^^

warning: unused import: `crate::security::audit::AuditEvent`
  --> kernel/src/ids/host_ids/file.rs:11:5
   |
11 | use crate::security::audit::AuditEvent;
   |     ^^^^^^^^^^^^^^^^^^^^^^^^^^^^^^^^^^

warning: unused imports: `IntrusionDetection` and `ThreatLevel`
  --> kernel/src/ids/host_ids/file.rs:12:20
   |
12 | use super::super::{IntrusionDetection, ThreatLevel};
   |                    ^^^^^^^^^^^^^^^^^^  ^^^^^^^^^^^

warning: unused imports: `ChangeDetectionMode`, `ChangeDetector`, `FileChangeType`, `FileChange`, `FileEventDetails`, `FileEventType`, `FileEvent`, `FileMonitor`, and `SensitivityLevel`
  --> kernel/src/ids/host_ids/file.rs:16:5
   |
16 |     FileMonitor, FileEvent, FileEventType, FileEventDetails,
   |     ^^^^^^^^^^^  ^^^^^^^^^  ^^^^^^^^^^^^^  ^^^^^^^^^^^^^^^^
17 |     SensitivityLevel, ChangeDetector, ChangeDetectionMode,
   |     ^^^^^^^^^^^^^^^^  ^^^^^^^^^^^^^^  ^^^^^^^^^^^^^^^^^^^
18 |     FileChange, FileChangeType,
   |     ^^^^^^^^^^  ^^^^^^^^^^^^^^

warning: unused import: `alloc::collections::BTreeMap`
 --> kernel/src/ids/host_ids/process.rs:8:5
  |
8 | use alloc::collections::BTreeMap;
  |     ^^^^^^^^^^^^^^^^^^^^^^^^^^^^

warning: unused import: `alloc::vec::Vec`
 --> kernel/src/ids/host_ids/process.rs:9:5
  |
9 | use alloc::vec::Vec;
  |     ^^^^^^^^^^^^^^^

warning: unused import: `alloc::string::String`
  --> kernel/src/ids/host_ids/process.rs:10:5
   |
10 | use alloc::string::String;
   |     ^^^^^^^^^^^^^^^^^^^^^

warning: unused import: `crate::security::audit::AuditEvent`
  --> kernel/src/ids/host_ids/process.rs:11:5
   |
11 | use crate::security::audit::AuditEvent;
   |     ^^^^^^^^^^^^^^^^^^^^^^^^^^^^^^^^^^

warning: unused imports: `Evidence`, `IntrusionDetection`, and `ThreatLevel`
  --> kernel/src/ids/host_ids/process.rs:12:20
   |
12 | use super::super::{IntrusionDetection, ThreatLevel, Evidence};
   |                    ^^^^^^^^^^^^^^^^^^  ^^^^^^^^^^^  ^^^^^^^^

warning: unused imports: `BehaviorCondition`, `BehaviorPatternType`, `BehaviorPattern`, `ConditionOperator`, `EscalationMethod`, `GroupPrivileges`, `PrivilegeAction`, `PrivilegeCondition`, `PrivilegeEscalation`, `PrivilegeGidCondition`, `PrivilegeModel`, `PrivilegeMonitor`, `PrivilegeRule`, `PrivilegeUidCondition`, `ProcessAnomalyThresholds`, `ProcessBehaviorDetector`, `ProcessBehaviorModel`, `ProcessInfo`, `ProcessMonitor`, `ProcessStatus`, `ProcessTree`, and `UserPrivileges`
  --> kernel/src/ids/host_ids/process.rs:16:5
   |
16 |     ProcessMonitor, ProcessInfo, ProcessStatus, ProcessTree,
   |     ^^^^^^^^^^^^^^  ^^^^^^^^^^^  ^^^^^^^^^^^^^  ^^^^^^^^^^^
17 |     ProcessBehaviorDetector, ProcessBehaviorModel, BehaviorPattern,
   |     ^^^^^^^^^^^^^^^^^^^^^^^  ^^^^^^^^^^^^^^^^^^^^  ^^^^^^^^^^^^^^^
18 |     BehaviorPatternType, BehaviorCondition, ConditionOperator,
   |     ^^^^^^^^^^^^^^^^^^^  ^^^^^^^^^^^^^^^^^  ^^^^^^^^^^^^^^^^^
19 |     ProcessAnomalyThresholds, PrivilegeMonitor, PrivilegeEscalation,
   |     ^^^^^^^^^^^^^^^^^^^^^^^^  ^^^^^^^^^^^^^^^^  ^^^^^^^^^^^^^^^^^^^
20 |     EscalationMethod, PrivilegeModel, UserPrivileges, GroupPrivileges,
   |     ^^^^^^^^^^^^^^^^  ^^^^^^^^^^^^^^  ^^^^^^^^^^^^^^  ^^^^^^^^^^^^^^^
21 |     PrivilegeRule, PrivilegeCondition, PrivilegeUidCondition,
   |     ^^^^^^^^^^^^^  ^^^^^^^^^^^^^^^^^^  ^^^^^^^^^^^^^^^^^^^^^
22 |     PrivilegeGidCondition, PrivilegeAction,
   |     ^^^^^^^^^^^^^^^^^^^^^  ^^^^^^^^^^^^^^^

warning: unused import: `super::super::network_ids::ComparisonOperator`
  --> kernel/src/ids/host_ids/process.rs:24:9
   |
24 | pub use super::super::network_ids::ComparisonOperator;
   |         ^^^^^^^^^^^^^^^^^^^^^^^^^^^^^^^^^^^^^^^^^^^^^

warning: unused import: `alloc::vec::Vec`
 --> kernel/src/ids/host_ids/registry.rs:8:5
  |
8 | use alloc::vec::Vec;
  |     ^^^^^^^^^^^^^^^

warning: unused import: `alloc::string::String`
 --> kernel/src/ids/host_ids/registry.rs:9:5
  |
9 | use alloc::string::String;
  |     ^^^^^^^^^^^^^^^^^^^^^

warning: unused import: `crate::security::audit::AuditEvent`
  --> kernel/src/ids/host_ids/registry.rs:10:5
   |
10 | use crate::security::audit::AuditEvent;
   |     ^^^^^^^^^^^^^^^^^^^^^^^^^^^^^^^^^^

warning: unused imports: `IntrusionDetection` and `ThreatLevel`
  --> kernel/src/ids/host_ids/registry.rs:11:20
   |
11 | use super::super::{IntrusionDetection, ThreatLevel};
   |                    ^^^^^^^^^^^^^^^^^^  ^^^^^^^^^^^

warning: unused imports: `MonitorOptions`, `RegistryChangeType`, `RegistryChange`, `RegistryMonitor`, `StartupChange`, `StartupItemType`, `StartupItem`, and `StartupMonitor`
  --> kernel/src/ids/host_ids/registry.rs:15:5
   |
15 |     RegistryMonitor, RegistryChange, RegistryChangeType,
   |     ^^^^^^^^^^^^^^^  ^^^^^^^^^^^^^^  ^^^^^^^^^^^^^^^^^^
16 |     StartupMonitor, StartupItem, StartupItemType, MonitorOptions,
   |     ^^^^^^^^^^^^^^  ^^^^^^^^^^^  ^^^^^^^^^^^^^^^  ^^^^^^^^^^^^^^
17 |     StartupChange,
   |     ^^^^^^^^^^^^^

warning: unused import: `alloc::collections::BTreeMap`
 --> kernel/src/ids/host_ids/network.rs:8:5
  |
8 | use alloc::collections::BTreeMap;
  |     ^^^^^^^^^^^^^^^^^^^^^^^^^^^^

warning: unused import: `alloc::vec::Vec`
 --> kernel/src/ids/host_ids/network.rs:9:5
  |
9 | use alloc::vec::Vec;
  |     ^^^^^^^^^^^^^^^

warning: unused import: `alloc::string::String`
  --> kernel/src/ids/host_ids/network.rs:10:5
   |
10 | use alloc::string::String;
   |     ^^^^^^^^^^^^^^^^^^^^^

warning: unused import: `crate::security::audit::AuditEvent`
  --> kernel/src/ids/host_ids/network.rs:11:5
   |
11 | use crate::security::audit::AuditEvent;
   |     ^^^^^^^^^^^^^^^^^^^^^^^^^^^^^^^^^^

warning: unused imports: `IntrusionDetection` and `ThreatLevel`
  --> kernel/src/ids/host_ids/network.rs:12:20
   |
12 | use super::super::{IntrusionDetection, ThreatLevel};
   |                    ^^^^^^^^^^^^^^^^^^  ^^^^^^^^^^^

warning: unused imports: `ConnectionState`, `ConnectionStats`, `NetworkAnomalyDetector`, `NetworkAnomalyModel`, `NetworkAnomalyThresholds`, `NetworkConnection`, `NetworkModelType`, and `NetworkMonitor`
  --> kernel/src/ids/host_ids/network.rs:16:5
   |
16 |     NetworkMonitor, NetworkConnection, ConnectionState, ConnectionStats,
   |     ^^^^^^^^^^^^^^  ^^^^^^^^^^^^^^^^^  ^^^^^^^^^^^^^^^  ^^^^^^^^^^^^^^^
17 |     NetworkAnomalyDetector, NetworkAnomalyModel, NetworkModelType,
   |     ^^^^^^^^^^^^^^^^^^^^^^  ^^^^^^^^^^^^^^^^^^^  ^^^^^^^^^^^^^^^^
18 |     NetworkAnomalyThresholds,
   |     ^^^^^^^^^^^^^^^^^^^^^^^^

warning: unused import: `alloc::collections::BTreeMap`
 --> kernel/src/ids/host_ids/user.rs:8:5
  |
8 | use alloc::collections::BTreeMap;
  |     ^^^^^^^^^^^^^^^^^^^^^^^^^^^^

warning: unused import: `alloc::vec::Vec`
 --> kernel/src/ids/host_ids/user.rs:9:5
  |
9 | use alloc::vec::Vec;
  |     ^^^^^^^^^^^^^^^

warning: unused import: `alloc::string::String`
  --> kernel/src/ids/host_ids/user.rs:10:5
   |
10 | use alloc::string::String;
   |     ^^^^^^^^^^^^^^^^^^^^^

warning: unused import: `crate::security::audit::AuditEvent`
  --> kernel/src/ids/host_ids/user.rs:11:5
   |
11 | use crate::security::audit::AuditEvent;
   |     ^^^^^^^^^^^^^^^^^^^^^^^^^^^^^^^^^^

warning: unused imports: `IntrusionDetection` and `ThreatLevel`
  --> kernel/src/ids/host_ids/user.rs:12:20
   |
12 | use super::super::{IntrusionDetection, ThreatLevel};
   |                    ^^^^^^^^^^^^^^^^^^  ^^^^^^^^^^^

warning: unused imports: `LoginEvent`, `LoginType`, `SessionState`, `SessionType`, `UserBehaviorAnalyzer`, `UserMonitor`, and `UserSession`
  --> kernel/src/ids/host_ids/user.rs:16:5
   |
16 |     UserMonitor, UserSession, SessionType, SessionState,
   |     ^^^^^^^^^^^  ^^^^^^^^^^^  ^^^^^^^^^^^  ^^^^^^^^^^^^
17 |     LoginEvent, LoginType, UserBehaviorAnalyzer,
   |     ^^^^^^^^^^  ^^^^^^^^^  ^^^^^^^^^^^^^^^^^^^^

warning: unused import: `alloc::collections::BTreeMap`
 --> kernel/src/ids/host_ids/integrity.rs:8:5
  |
8 | use alloc::collections::BTreeMap;
  |     ^^^^^^^^^^^^^^^^^^^^^^^^^^^^

warning: unused import: `alloc::vec::Vec`
 --> kernel/src/ids/host_ids/integrity.rs:9:5
  |
9 | use alloc::vec::Vec;
  |     ^^^^^^^^^^^^^^^

warning: unused import: `alloc::string::String`
  --> kernel/src/ids/host_ids/integrity.rs:10:5
   |
10 | use alloc::string::String;
   |     ^^^^^^^^^^^^^^^^^^^^^

warning: unused imports: `IntrusionDetection` and `ThreatLevel`
  --> kernel/src/ids/host_ids/integrity.rs:11:20
   |
11 | use super::super::{IntrusionDetection, ThreatLevel};
   |                    ^^^^^^^^^^^^^^^^^^  ^^^^^^^^^^^

warning: unused imports: `CheckScheduler`, `CheckWindow`, `FileHash`, `IntegrityBaseline`, `IntegrityChecker`, and `ScheduleConfig`
  --> kernel/src/ids/host_ids/integrity.rs:15:5
   |
15 |     IntegrityChecker, FileHash, IntegrityBaseline,
   |     ^^^^^^^^^^^^^^^^  ^^^^^^^^  ^^^^^^^^^^^^^^^^^
16 |     CheckScheduler, ScheduleConfig, CheckWindow,
   |     ^^^^^^^^^^^^^^  ^^^^^^^^^^^^^^  ^^^^^^^^^^^

warning: unused import: `alloc::collections::BTreeMap`
 --> kernel/src/ids/host_ids/malware.rs:8:5
  |
8 | use alloc::collections::BTreeMap;
  |     ^^^^^^^^^^^^^^^^^^^^^^^^^^^^

warning: unused import: `alloc::vec::Vec`
 --> kernel/src/ids/host_ids/malware.rs:9:5
  |
9 | use alloc::vec::Vec;
  |     ^^^^^^^^^^^^^^^

warning: unused import: `alloc::string::String`
  --> kernel/src/ids/host_ids/malware.rs:10:5
   |
10 | use alloc::string::String;
   |     ^^^^^^^^^^^^^^^^^^^^^

warning: unused imports: `IntrusionDetection` and `ThreatLevel`
  --> kernel/src/ids/host_ids/malware.rs:11:20
   |
11 | use super::super::{IntrusionDetection, ThreatLevel};
   |                    ^^^^^^^^^^^^^^^^^^  ^^^^^^^^^^^

warning: unused imports: `BehaviorAnalysisEngine`, `BehaviorClassifier`, `ClassificationModel`, `ExtractorConfig`, `FeatureExtractor`, `HeuristicEngine`, `HeuristicScoringSystem`, `MalwareBehaviorAnalyzer`, `MalwareScanner`, `PreprocessingConfig`, `SignatureType`, and `VirusSignature`
  --> kernel/src/ids/host_ids/malware.rs:15:5
   |
15 |     MalwareScanner, VirusSignature, SignatureType,
   |     ^^^^^^^^^^^^^^  ^^^^^^^^^^^^^^  ^^^^^^^^^^^^^
16 |     HeuristicEngine, HeuristicScoringSystem, MalwareBehaviorAnalyzer,
   |     ^^^^^^^^^^^^^^^  ^^^^^^^^^^^^^^^^^^^^^^  ^^^^^^^^^^^^^^^^^^^^^^^
17 |     BehaviorAnalysisEngine, BehaviorClassifier, FeatureExtractor,
   |     ^^^^^^^^^^^^^^^^^^^^^^  ^^^^^^^^^^^^^^^^^^  ^^^^^^^^^^^^^^^^
18 |     ExtractorConfig, PreprocessingConfig, ClassificationModel,
   |     ^^^^^^^^^^^^^^^  ^^^^^^^^^^^^^^^^^^^  ^^^^^^^^^^^^^^^^^^^

warning: unused import: `alloc::format`
  --> kernel/src/ids/host_ids/host_ids.rs:11:5
   |
11 | use alloc::format;
   |     ^^^^^^^^^^^^^

warning: unused imports: `AtomicU64` and `Ordering`
  --> kernel/src/ids/host_ids/host_ids.rs:13:26
   |
13 | use core::sync::atomic::{AtomicU64, Ordering};
   |                          ^^^^^^^^^  ^^^^^^^^

warning: unused import: `crate::types::Process`
  --> kernel/src/ids/host_ids/host_ids.rs:16:5
   |
16 | use crate::types::Process;
   |     ^^^^^^^^^^^^^^^^^^^^^

warning: unused import: `AuditSeverity`
  --> kernel/src/ids/host_ids/host_ids.rs:17:58
   |
17 | use crate::security::audit::{AuditEvent, AuditEventType, AuditSeverity};
   |                                                          ^^^^^^^^^^^^^

warning: unused imports: `AttackInfo`, `DetectionSource`, `DetectionType`, `ResponseAction`, and `TargetInfo`
  --> kernel/src/ids/host_ids/host_ids.rs:19:25
   |
19 |     IntrusionDetection, DetectionType, ThreatLevel, DetectionSource, TargetInfo,
   |                         ^^^^^^^^^^^^^               ^^^^^^^^^^^^^^^  ^^^^^^^^^^
20 |     AttackInfo, Evidence, ResponseAction, HostIdsConfig
   |     ^^^^^^^^^^            ^^^^^^^^^^^^^^

warning: unused import: `HostIdsStats`
  --> kernel/src/ids/host_ids/mod.rs:24:14
   |
24 |     HostIds, HostIdsStats,
   |              ^^^^^^^^^^^^

warning: unused imports: `FileMonitor`, `IntegrityChecker`, `MalwareScanner`, `NetworkMonitor`, `ProcessMonitor`, `RegistryMonitor`, `SyscallMonitor`, and `UserMonitor`
  --> kernel/src/ids/host_ids/mod.rs:29:5
   |
29 |     SyscallMonitor, FileMonitor, ProcessMonitor, RegistryMonitor,
   |     ^^^^^^^^^^^^^^  ^^^^^^^^^^^  ^^^^^^^^^^^^^^  ^^^^^^^^^^^^^^^
30 |     NetworkMonitor, UserMonitor, IntegrityChecker, MalwareScanner,
   |     ^^^^^^^^^^^^^^  ^^^^^^^^^^^  ^^^^^^^^^^^^^^^^  ^^^^^^^^^^^^^^

warning: unused import: `host_ids::*`
  --> kernel/src/ids/mod.rs:19:9
   |
19 | pub use host_ids::*;
   |         ^^^^^^^^^^^

warning: unused import: `anomaly_detection::*`
  --> kernel/src/ids/mod.rs:20:9
   |
20 | pub use anomaly_detection::*;
   |         ^^^^^^^^^^^^^^^^^^^^

warning: unused import: `signature_detection::*`
  --> kernel/src/ids/mod.rs:21:9
   |
21 | pub use signature_detection::*;
   |         ^^^^^^^^^^^^^^^^^^^^^^

warning: unused import: `behavior_analysis::*`
  --> kernel/src/ids/mod.rs:22:9
   |
22 | pub use behavior_analysis::*;
   |         ^^^^^^^^^^^^^^^^^^^^

warning: unused import: `threat_intelligence::*`
  --> kernel/src/ids/mod.rs:23:9
   |
23 | pub use threat_intelligence::*;
   |         ^^^^^^^^^^^^^^^^^^^^^^

warning: unused import: `response_engine::*`
  --> kernel/src/ids/mod.rs:24:9
   |
24 | pub use response_engine::*;
   |         ^^^^^^^^^^^^^^^^^^

warning: unused import: `correlation_engine::*`
  --> kernel/src/ids/mod.rs:25:9
   |
25 | pub use correlation_engine::*;
   |         ^^^^^^^^^^^^^^^^^^^^^

warning: unused imports: `AuditEventType` and `AuditSeverity`
  --> kernel/src/ids/mod.rs:34:42
   |
34 | use crate::security::audit::{AuditEvent, AuditEventType, AuditSeverity};
   |                                          ^^^^^^^^^^^^^^  ^^^^^^^^^^^^^

warning: unused import: `alloc::string::String`
  --> kernel/src/ipc/mod.rs:14:5
   |
14 | use alloc::string::String;
   |     ^^^^^^^^^^^^^^^^^^^^^

warning: type `size_t` should have an upper camel case name
 --> kernel/src/libc/interface.rs:8:10
  |
8 | pub type size_t = usize;
  |          ^^^^^^ help: convert the identifier to upper camel case: `SizeT`

warning: type `ssize_t` should have an upper camel case name
  --> kernel/src/libc/interface.rs:10:10
   |
10 | pub type ssize_t = isize;
   |          ^^^^^^^ help: convert the identifier to upper camel case: `SsizeT`

warning: type `c_long` should have an upper camel case name
  --> kernel/src/libc/interface.rs:13:10
   |
13 | pub type c_long = isize;
   |          ^^^^^^ help: convert the identifier to upper camel case: `CLong`

warning: type `c_ulong` should have an upper camel case name
  --> kernel/src/libc/interface.rs:15:10
   |
15 | pub type c_ulong = usize;
   |          ^^^^^^^ help: convert the identifier to upper camel case: `CUlong`

warning: type `c_short` should have an upper camel case name
  --> kernel/src/libc/interface.rs:17:10
   |
17 | pub type c_short = i16;
   |          ^^^^^^^ help: convert the identifier to upper camel case: `CShort`

warning: type `c_ushort` should have an upper camel case name
  --> kernel/src/libc/interface.rs:19:10
   |
19 | pub type c_ushort = u16;
   |          ^^^^^^^^ help: convert the identifier to upper camel case: `CUshort`

warning: type `time_t` should have an upper camel case name
  --> kernel/src/libc/interface.rs:21:10
   |
21 | pub type time_t = i64;
   |          ^^^^^^ help: convert the identifier to upper camel case: `TimeT`

warning: type `suseconds_t` should have an upper camel case name
  --> kernel/src/libc/interface.rs:23:10
   |
23 | pub type suseconds_t = i64;
   |          ^^^^^^^^^^^ help: convert the identifier to upper camel case: `SusecondsT`

warning: type `c_longlong` should have an upper camel case name
  --> kernel/src/libc/interface.rs:25:10
   |
25 | pub type c_longlong = i64;
   |          ^^^^^^^^^^ help: convert the identifier to upper camel case: `CLonglong`

warning: unused import: `super::*`
   --> kernel/src/libc/interface.rs:777:9
    |
777 |     use super::*;
    |         ^^^^^^^^

warning: unused import: `core::ffi::c_int`
 --> kernel/src/libc/config.rs:6:5
  |
6 | use core::ffi::c_int;
  |     ^^^^^^^^^^^^^^^^

warning: unused import: `CLibStats`
 --> kernel/src/libc/config.rs:7:50
  |
7 | use crate::libc::interface::{ImplementationType, CLibStats};
  |                                                  ^^^^^^^^^

warning: unused import: `c_uint`
  --> kernel/src/libc/io_manager.rs:12:40
   |
12 | use core::ffi::{c_char, c_int, c_void, c_uint};
   |                                        ^^^^^^

warning: type `size_t` should have an upper camel case name
  --> kernel/src/libc/io_manager.rs:15:10
   |
15 | pub type size_t = usize;
   |          ^^^^^^ help: convert the identifier to upper camel case: `SizeT`

warning: unused import: `get_errno`
  --> kernel/src/libc/io_manager.rs:19:26
   |
19 | use crate::libc::error::{get_errno, set_errno};
   |                          ^^^^^^^^^

warning: unused imports: `EAGAIN` and `EIO`
  --> kernel/src/libc/io_manager.rs:20:64
   |
20 | use crate::libc::error::errno::{EBADF, EINVAL, ENOMEM, ENOENT, EIO, EAGAIN, EMFILE};
   |                                                                ^^^  ^^^^^^

warning: unused imports: `FileMode as VfsFileMode` and `file as VfsFile`
  --> kernel/src/libc/io_manager.rs:21:18
   |
21 | use crate::vfs::{file as VfsFile, FileMode as VfsFileMode};
   |                  ^^^^^^^^^^^^^^^  ^^^^^^^^^^^^^^^^^^^^^^^

warning: unused import: `crate::compat::loader::OpenFlags`
  --> kernel/src/libc/io_manager.rs:22:5
   |
22 | use crate::compat::loader::OpenFlags;
   |     ^^^^^^^^^^^^^^^^^^^^^^^^^^^^^^^^

warning: unused import: `crate::drivers::console`
  --> kernel/src/libc/io_manager.rs:23:5
   |
23 | use crate::drivers::console;
   |     ^^^^^^^^^^^^^^^^^^^^^^^

warning: type `c_long` should have an upper camel case name
   --> kernel/src/libc/io_manager.rs:800:10
    |
800 | pub type c_long = isize;
    |          ^^^^^^ help: convert the identifier to upper camel case: `CLong`

warning: unused import: `c_uint`
  --> kernel/src/libc/formatter.rs:11:40
   |
11 | use core::ffi::{c_char, c_int, c_void, c_uint};
   |                                        ^^^^^^

warning: unused import: `core::ptr::null_mut`
  --> kernel/src/libc/formatter.rs:12:5
   |
12 | use core::ptr::null_mut;
   |     ^^^^^^^^^^^^^^^^^^^

warning: unused import: `crate::drivers::console`
  --> kernel/src/libc/formatter.rs:13:5
   |
13 | use crate::drivers::console;
   |     ^^^^^^^^^^^^^^^^^^^^^^^

warning: unused import: `get_errno`
  --> kernel/src/libc/math_lib.rs:11:26
   |
11 | use crate::libc::error::{get_errno, set_errno};
   |                          ^^^^^^^^^

warning: type `size_t` should have an upper camel case name
  --> kernel/src/libc/string_lib.rs:13:10
   |
13 | pub type size_t = usize;
   |          ^^^^^^ help: convert the identifier to upper camel case: `SizeT`

warning: unused import: `get_errno`
  --> kernel/src/libc/string_lib.rs:14:26
   |
14 | use crate::libc::error::{get_errno, set_errno};
   |                          ^^^^^^^^^

warning: type `c_long` should have an upper camel case name
   --> kernel/src/libc/string_lib.rs:727:10
    |
727 | pub type c_long = isize;
    |          ^^^^^^ help: convert the identifier to upper camel case: `CLong`

warning: type `c_ulong` should have an upper camel case name
   --> kernel/src/libc/string_lib.rs:728:10
    |
728 | pub type c_ulong = usize;
    |          ^^^^^^^ help: convert the identifier to upper camel case: `CUlong`

warning: unused import: `c_longlong`
  --> kernel/src/libc/time_lib.rs:14:46
   |
14 | use crate::libc::interface::{size_t, c_long, c_longlong, time_t};
   |                                              ^^^^^^^^^^

warning: type `suseconds_t` should have an upper camel case name
  --> kernel/src/libc/time_lib.rs:15:10
   |
15 | pub type suseconds_t = i64;
   |          ^^^^^^^^^^^ help: convert the identifier to upper camel case: `SusecondsT`

warning: unused import: `get_errno`
  --> kernel/src/libc/time_lib.rs:16:26
   |
16 | use crate::libc::error::{get_errno, set_errno};
   |                          ^^^^^^^^^

warning: unused import: `crate::drivers::console`
  --> kernel/src/libc/time_lib.rs:18:5
   |
18 | use crate::drivers::console;
   |     ^^^^^^^^^^^^^^^^^^^^^^^

warning: unused imports: `get_errno` and `set_errno`
  --> kernel/src/libc/random_lib.rs:13:26
   |
13 | use crate::libc::error::{get_errno, set_errno};
   |                          ^^^^^^^^^  ^^^^^^^^^

warning: unused import: `crate::libc::error::errno::EINVAL`
  --> kernel/src/libc/random_lib.rs:14:5
   |
14 | use crate::libc::error::errno::EINVAL;
   |     ^^^^^^^^^^^^^^^^^^^^^^^^^^^^^^^^^

warning: unused import: `get_errno`
  --> kernel/src/libc/env_lib.rs:15:26
   |
15 | use crate::libc::error::{get_errno, set_errno};
   |                          ^^^^^^^^^

warning: unused import: `ENOENT`
  --> kernel/src/libc/env_lib.rs:16:49
   |
16 | use crate::libc::error::errno::{EINVAL, ENOMEM, ENOENT};
   |                                                 ^^^^^^

warning: unused import: `c_short`
  --> kernel/src/libc/sysinfo_lib.rs:11:32
   |
11 | use core::ffi::{c_char, c_int, c_short, c_long, c_uint, c_double, c_ushort};
   |                                ^^^^^^^

warning: unused import: `get_errno`
  --> kernel/src/libc/sysinfo_lib.rs:13:26
   |
13 | use crate::libc::error::{get_errno, set_errno};
   |                          ^^^^^^^^^

warning: unused import: `crate::libc::memory_adapter::get_libc_adapter`
  --> kernel/src/libc/implementations.rs:20:5
   |
20 | use crate::libc::memory_adapter::get_libc_adapter;
   |     ^^^^^^^^^^^^^^^^^^^^^^^^^^^^^^^^^^^^^^^^^^^^^

warning: unused import: `c_ulong`
  --> kernel/src/libc/implementations.rs:21:58
   |
21 | use core::ffi::{c_int, c_char, c_void, c_uint, c_double, c_ulong};
   |                                                          ^^^^^^^

warning: unused imports: `Layout` and `alloc`
  --> kernel/src/libc/implementations.rs:22:20
   |
22 | use alloc::alloc::{alloc, Layout};
   |                    ^^^^^  ^^^^^^

warning: unused import: `crate::libc::implementations::UnifiedCLib`
  --> kernel/src/libc/implementations.rs:44:13
   |
44 |     pub use crate::libc::implementations::UnifiedCLib;
   |             ^^^^^^^^^^^^^^^^^^^^^^^^^^^^^^^^^^^^^^^^^

warning: unused import: `crate::libc::implementations::UnifiedCLib`
  --> kernel/src/libc/implementations.rs:48:13
   |
48 |     pub use crate::libc::implementations::UnifiedCLib;
   |             ^^^^^^^^^^^^^^^^^^^^^^^^^^^^^^^^^^^^^^^^^

warning: unused import: `error::*`
  --> kernel/src/libc/mod.rs:55:9
   |
55 | pub use error::*;
   |         ^^^^^^^^

warning: unused import: `config::*`
  --> kernel/src/libc/mod.rs:56:9
   |
56 | pub use config::*;
   |         ^^^^^^^^^

warning: unused import: `implementations::*`
  --> kernel/src/libc/mod.rs:60:9
   |
60 | pub use implementations::*;
   |         ^^^^^^^^^^^^^^^^^^

warning: unused import: `crate::libc::interface::macros::*`
   --> kernel/src/libc/mod.rs:184:9
    |
184 |     use crate::libc::interface::macros::*;
    |         ^^^^^^^^^^^^^^^^^^^^^^^^^^^^^^^^^

warning: unused import: `AtomicU64`
 --> kernel/src/microkernel/scheduler.rs:9:26
  |
9 | use core::sync::atomic::{AtomicU64, AtomicUsize, Ordering};
  |                          ^^^^^^^^^

warning: unused import: `Thread`
  --> kernel/src/microkernel/scheduler.rs:12:30
   |
12 | use crate::process::thread::{Thread, ThreadState, Tid};
   |                              ^^^^^^

warning: unused import: `EINVAL`
  --> kernel/src/microkernel/interrupt.rs:11:33
   |
11 | use crate::reliability::errno::{EINVAL, ENOENT, EBUSY};
   |                                 ^^^^^^

warning: unused import: `ETIMEDOUT`
  --> kernel/src/microkernel/timer.rs:11:41
   |
11 | use crate::reliability::errno::{EINVAL, ETIMEDOUT, EALREADY, ENOENT};
   |                                         ^^^^^^^^^

warning: unused imports: `ENOMEM` and `EPERM`
  --> kernel/src/microkernel/service_registry.rs:13:41
   |
13 | use crate::reliability::errno::{EINVAL, ENOMEM, EEXIST, ENOENT, EPERM, EBUSY, ETIMEDOUT};
   |                                         ^^^^^^                  ^^^^^

warning: unused imports: `EINVAL` and `ENOMEM`
  --> kernel/src/microkernel/mod.rs:13:33
   |
13 | use crate::reliability::errno::{ENOMEM, EINVAL};
   |                                 ^^^^^^  ^^^^^^

warning: unused import: `crate::println`
 --> kernel/src/mm/phys.rs:5:5
  |
5 | use crate::println;
  |     ^^^^^^^^^^^^^^

warning: unused import: `AllocatorStats`
  --> kernel/src/mm/allocator.rs:28:63
   |
28 | use crate::mm::traits::{UnifiedAllocator, AllocatorWithStats, AllocatorStats};
   |                                                               ^^^^^^^^^^^^^^

warning: unused import: `core::ptr::null_mut`
 --> kernel/src/mm/compress.rs:8:5
  |
8 | use core::ptr::null_mut;
  |     ^^^^^^^^^^^^^^^^^^^

warning: unused import: `crate::sync::Mutex`
  --> kernel/src/mm/compress.rs:12:5
   |
12 | use crate::sync::Mutex;
   |     ^^^^^^^^^^^^^^^^^^

warning: unused import: `core::alloc::Layout`
 --> kernel/src/mm/hugepage.rs:5:5
  |
5 | use core::alloc::Layout;
  |     ^^^^^^^^^^^^^^^^^^^

warning: unexpected `cfg` condition value: `hpage_2mb`
  --> kernel/src/mm/hugepage.rs:47:17
   |
47 |         if cfg!(feature = "hpage_2mb") {
   |                 ^^^^^^^^^^^^^^^^^^^^^
   |
   = note: expected values for `feature` are: `baremetal`, `kernel_tests`, and `link_phys_end`
   = help: consider adding `hpage_2mb` as a feature in `Cargo.toml`
   = note: see <https://doc.rust-lang.org/nightly/rustc/check-cfg/cargo-specifics.html> for more information about checking conditional configuration

warning: unexpected `cfg` condition value: `hpage_1gb`
  --> kernel/src/mm/hugepage.rs:52:17
   |
52 |         if cfg!(feature = "hpage_1gb") {
   |                 ^^^^^^^^^^^^^^^^^^^^^
   |
   = note: expected values for `feature` are: `baremetal`, `kernel_tests`, and `link_phys_end`
   = help: consider adding `hpage_1gb` as a feature in `Cargo.toml`
   = note: see <https://doc.rust-lang.org/nightly/rustc/check-cfg/cargo-specifics.html> for more information about checking conditional configuration

warning: unused import: `traits::*`
  --> kernel/src/mm/mod.rs:14:9
   |
14 | pub use traits::*;
   |         ^^^^^^^^^

warning: unused import: `log_info`
  --> kernel/src/net/mod.rs:11:13
   |
11 | use crate::{log_info, log_error};
   |             ^^^^^^^^

warning: unused import: `PacketBuffer`
  --> kernel/src/net/interface.rs:14:29
   |
14 | use super::packet::{Packet, PacketBuffer, PacketType, PacketError};
   |                             ^^^^^^^^^^^^

warning: unused import: `alloc::sync::Arc`
 --> kernel/src/net/device.rs:7:5
  |
7 | use alloc::sync::Arc;
  |     ^^^^^^^^^^^^^^^^

warning: unused imports: `PacketType` and `Packet`
  --> kernel/src/net/arp.rs:12:21
   |
12 | use super::packet::{Packet, PacketType};
   |                     ^^^^^^  ^^^^^^^^^^

warning: unused import: `alloc::string::String`
 --> kernel/src/net/icmp.rs:7:5
  |
7 | use alloc::string::String;
  |     ^^^^^^^^^^^^^^^^^^^^^

warning: unused imports: `max` and `min`
 --> kernel/src/net/tcp.rs:7:17
  |
7 | use core::cmp::{min, max};
  |                 ^^^  ^^^

warning: unused import: `core::time::Duration`
 --> kernel/src/net/tcp/state.rs:9:5
  |
9 | use core::time::Duration;
  |     ^^^^^^^^^^^^^^^^^^^^

warning: unused imports: `TcpHeader` and `TcpSocket`
  --> kernel/src/net/tcp/state.rs:12:13
   |
12 | use super::{TcpHeader, TcpPacket, TcpState, TcpSocket};
   |             ^^^^^^^^^                       ^^^^^^^^^

warning: unused import: `TcpSocket`
  --> kernel/src/net/tcp/manager.rs:12:13
   |
12 | use super::{TcpSocket, TcpState};
   |             ^^^^^^^^^

warning: unused import: `crate::net::packet::PacketError`
   --> kernel/src/net/tcp/manager.rs:155:13
    |
155 |         use crate::net::packet::PacketError;
    |             ^^^^^^^^^^^^^^^^^^^^^^^^^^^^^^^

warning: unused import: `super::interface::Interface`
  --> kernel/src/net/route.rs:11:5
   |
11 | use super::interface::Interface;
   |     ^^^^^^^^^^^^^^^^^^^^^^^^^^^

warning: unnecessary parentheses around `if` condition
   --> kernel/src/net/fragment.rs:125:16
    |
125 |             if (fragment.offset < existing_end && fragment_end > existing_offset) {
    |                ^                                                                ^
    |
help: remove these parentheses
    |
125 -             if (fragment.offset < existing_end && fragment_end > existing_offset) {
125 +             if fragment.offset < existing_end && fragment_end > existing_offset {
    |

warning: unused import: `MacAddr`
 --> kernel/src/net/processor.rs:9:36
  |
9 | use super::device::{NetworkDevice, MacAddr};
  |                                    ^^^^^^^

warning: unused import: `ArpHeader`
  --> kernel/src/net/processor.rs:11:18
   |
11 | use super::arp::{ArpHeader, ArpProcessor, ArpPacket};
   |                  ^^^^^^^^^

warning: unused import: `Ipv4Header`
  --> kernel/src/net/processor.rs:12:41
   |
12 | use super::ipv4::{Ipv4Addr, Ipv4Packet, Ipv4Header};
   |                                         ^^^^^^^^^^

warning: unused import: `UdpSocketState`
  --> kernel/src/net/processor.rs:14:40
   |
14 | use super::udp::{UdpPacket, UdpSocket, UdpSocketState};
   |                                        ^^^^^^^^^^^^^^

warning: unused import: `crate::sync::Mutex`
   --> kernel/src/net/socket.rs:405:17
    |
405 |             use crate::sync::Mutex;
    |                 ^^^^^^^^^^^^^^^^^^

warning: unused import: `crate::sync::Mutex`
   --> kernel/src/net/socket.rs:452:17
    |
452 |             use crate::sync::Mutex;
    |                 ^^^^^^^^^^^^^^^^^^

warning: unused imports: `InterfaceConfig` and `InterfaceError`
   --> kernel/src/net/mod.rs:172:33
    |
172 |     use crate::net::interface::{InterfaceConfig, InterfaceError};
    |                                 ^^^^^^^^^^^^^^^  ^^^^^^^^^^^^^^

warning: unused imports: `PacketBuffer` and `PacketType`
   --> kernel/src/net/mod.rs:270:32
    |
270 | pub use self::packet::{Packet, PacketBuffer, PacketType};
    |                                ^^^^^^^^^^^^  ^^^^^^^^^^

warning: unused import: `NetworkDeviceType`
   --> kernel/src/net/mod.rs:272:39
    |
272 | pub use self::device::{NetworkDevice, NetworkDeviceType};
    |                                       ^^^^^^^^^^^^^^^^^

warning: unused imports: `ArpCache` and `ArpEntry`
   --> kernel/src/net/mod.rs:273:21
    |
273 | pub use self::arp::{ArpCache, ArpEntry};
    |                     ^^^^^^^^  ^^^^^^^^

warning: unused imports: `Ipv4Header` and `Ipv4Packet`
   --> kernel/src/net/mod.rs:274:32
    |
274 | pub use self::ipv4::{Ipv4Addr, Ipv4Header, Ipv4Packet};
    |                                ^^^^^^^^^^  ^^^^^^^^^^

warning: unused imports: `IcmpCode`, `IcmpPacket`, and `IcmpType`
   --> kernel/src/net/mod.rs:275:22
    |
275 | pub use self::icmp::{IcmpPacket, IcmpType, IcmpCode};
    |                      ^^^^^^^^^^  ^^^^^^^^  ^^^^^^^^

warning: unused imports: `UdpHeader`, `UdpPacket`, and `UdpSocket`
   --> kernel/src/net/mod.rs:276:21
    |
276 | pub use self::udp::{UdpHeader, UdpPacket, UdpSocket};
    |                     ^^^^^^^^^  ^^^^^^^^^  ^^^^^^^^^

warning: unused imports: `TcpHeader`, `TcpPacket`, `TcpSocket`, and `TcpState`
   --> kernel/src/net/mod.rs:278:5
    |
278 |     TcpHeader, TcpPacket, TcpState, TcpSocket
    |     ^^^^^^^^^  ^^^^^^^^^  ^^^^^^^^  ^^^^^^^^^

warning: unused import: `self::tcp::state::TcpStateMachine`
   --> kernel/src/net/mod.rs:280:9
    |
280 | pub use self::tcp::state::TcpStateMachine;
    |         ^^^^^^^^^^^^^^^^^^^^^^^^^^^^^^^^^

warning: unused imports: `TcpConnectionManager` and `TcpConnection`
   --> kernel/src/net/mod.rs:281:30
    |
281 | pub use self::tcp::manager::{TcpConnection, TcpConnectionManager};
    |                              ^^^^^^^^^^^^^  ^^^^^^^^^^^^^^^^^^^^

warning: unused imports: `RouteEntry`, `RouteManager`, and `RoutingTable`
   --> kernel/src/net/mod.rs:282:23
    |
282 | pub use self::route::{RouteEntry, RoutingTable, RouteManager};
    |                       ^^^^^^^^^^  ^^^^^^^^^^^^  ^^^^^^^^^^^^

warning: unused imports: `FragmentReassembler`, `Fragmenter`, and `ReassemblyEntry`
   --> kernel/src/net/mod.rs:283:26
    |
283 | pub use self::fragment::{FragmentReassembler, Fragmenter, ReassemblyEntry};
    |                          ^^^^^^^^^^^^^^^^^^^  ^^^^^^^^^^  ^^^^^^^^^^^^^^^

warning: unused imports: `NetworkProcessor` and `PacketResult`
   --> kernel/src/net/mod.rs:284:27
    |
284 | pub use self::processor::{NetworkProcessor, PacketResult};
    |                           ^^^^^^^^^^^^^^^^  ^^^^^^^^^^^^

warning: unused imports: `ProtocolFamily`, `SocketAddr`, `SocketEntry`, `SocketOptions`, `SocketState`, `SocketType`, and `Socket`
   --> kernel/src/net/mod.rs:286:5
    |
286 |     Socket, SocketType, ProtocolFamily, SocketAddr,
    |     ^^^^^^  ^^^^^^^^^^  ^^^^^^^^^^^^^^  ^^^^^^^^^^
287 |     SocketOptions, SocketEntry, SocketState
    |     ^^^^^^^^^^^^^  ^^^^^^^^^^^  ^^^^^^^^^^^

warning: unused import: `Mutex`
   --> kernel/src/net/mod.rs:294:19
    |
294 | use crate::sync::{Mutex, Once};
    |                   ^^^^^

warning: unused import: `alloc::sync::Arc`
  --> kernel/src/posix/mqueue.rs:19:5
   |
19 | use alloc::sync::Arc;
   |     ^^^^^^^^^^^^^^^^

warning: unused import: `core::ptr`
  --> kernel/src/posix/mqueue.rs:21:5
   |
21 | use core::ptr;
   |     ^^^^^^^^^

warning: unused import: `ENOENT`
  --> kernel/src/posix/shm.rs:10:46
   |
10 | use crate::reliability::errno::{EOK, EINVAL, ENOENT};
   |                                              ^^^^^^

warning: unused import: `Proc as Process`
  --> kernel/src/posix/advanced_signal.rs:11:22
   |
11 | use crate::process::{Proc as Process, Pid as ProcessId};
   |                      ^^^^^^^^^^^^^^^

warning: unused imports: `AtomicU32` and `Ordering`
  --> kernel/src/posix/realtime.rs:13:26
   |
13 | use core::sync::atomic::{AtomicU32, Ordering};
   |                          ^^^^^^^^^  ^^^^^^^^

warning: unused import: `Timespec`
  --> kernel/src/posix/advanced_thread.rs:10:34
   |
10 | use crate::posix::{Pid, ClockId, Timespec};
   |                                  ^^^^^^^^

warning: unused imports: `AtomicU32` and `Ordering`
  --> kernel/src/posix/security.rs:16:26
   |
16 | use core::sync::atomic::{AtomicU32, Ordering};
   |                          ^^^^^^^^^  ^^^^^^^^

warning: unused import: `crate::posix::*`
    --> kernel/src/posix/advanced_tests.rs:12:5
     |
  12 | use crate::posix::*;
     |     ^^^^^^^^^^^^^^^
     |
help: if this is a test module, consider adding a `#[cfg(test)]` to the containing module
    --> kernel/src/posix/mod.rs:1434:1
     |
1434 | pub mod advanced_tests;
     | ^^^^^^^^^^^^^^^^^^^^^^^

warning: unused import: `crate::posix::advanced_signal::*`
    --> kernel/src/posix/advanced_tests.rs:13:5
     |
  13 | use crate::posix::advanced_signal::*;
     |     ^^^^^^^^^^^^^^^^^^^^^^^^^^^^^^^^
     |
help: if this is a test module, consider adding a `#[cfg(test)]` to the containing module
    --> kernel/src/posix/mod.rs:1434:1
     |
1434 | pub mod advanced_tests;
     | ^^^^^^^^^^^^^^^^^^^^^^^

warning: unused import: `crate::posix::realtime::*`
    --> kernel/src/posix/advanced_tests.rs:14:5
     |
  14 | use crate::posix::realtime::*;
     |     ^^^^^^^^^^^^^^^^^^^^^^^^^
     |
help: if this is a test module, consider adding a `#[cfg(test)]` to the containing module
    --> kernel/src/posix/mod.rs:1434:1
     |
1434 | pub mod advanced_tests;
     | ^^^^^^^^^^^^^^^^^^^^^^^

warning: unused import: `crate::posix::advanced_thread::*`
    --> kernel/src/posix/advanced_tests.rs:15:5
     |
  15 | use crate::posix::advanced_thread::*;
     |     ^^^^^^^^^^^^^^^^^^^^^^^^^^^^^^^^
     |
help: if this is a test module, consider adding a `#[cfg(test)]` to the containing module
    --> kernel/src/posix/mod.rs:1434:1
     |
1434 | pub mod advanced_tests;
     | ^^^^^^^^^^^^^^^^^^^^^^^

warning: unused import: `crate::posix::security::*`
    --> kernel/src/posix/advanced_tests.rs:16:5
     |
  16 | use crate::posix::security::*;
     |     ^^^^^^^^^^^^^^^^^^^^^^^^^
     |
help: if this is a test module, consider adding a `#[cfg(test)]` to the containing module
    --> kernel/src/posix/mod.rs:1434:1
     |
1434 | pub mod advanced_tests;
     | ^^^^^^^^^^^^^^^^^^^^^^^

warning: unused import: `crate::syscalls::common::SyscallError`
    --> kernel/src/posix/advanced_tests.rs:17:5
     |
  17 | use crate::syscalls::common::SyscallError;
     |     ^^^^^^^^^^^^^^^^^^^^^^^^^^^^^^^^^^^^^
     |
help: if this is a test module, consider adding a `#[cfg(test)]` to the containing module
    --> kernel/src/posix/mod.rs:1434:1
     |
1434 | pub mod advanced_tests;
     | ^^^^^^^^^^^^^^^^^^^^^^^

warning: unused import: `alloc::vec::Vec`
    --> kernel/src/posix/advanced_tests.rs:19:5
     |
  19 | use alloc::vec::Vec;
     |     ^^^^^^^^^^^^^^^
     |
help: if this is a test module, consider adding a `#[cfg(test)]` to the containing module
    --> kernel/src/posix/mod.rs:1434:1
     |
1434 | pub mod advanced_tests;
     | ^^^^^^^^^^^^^^^^^^^^^^^

warning: unused import: `crate::posix::*`
    --> kernel/src/posix/integration_tests.rs:7:5
     |
   7 | use crate::posix::*;
     |     ^^^^^^^^^^^^^^^
     |
help: if this is a test module, consider adding a `#[cfg(test)]` to the containing module
    --> kernel/src/posix/mod.rs:1435:1
     |
1435 | pub mod integration_tests;
     | ^^^^^^^^^^^^^^^^^^^^^^^^^^

warning: unused import: `crate::posix::advanced_signal::*`
    --> kernel/src/posix/integration_tests.rs:8:5
     |
   8 | use crate::posix::advanced_signal::*;
     |     ^^^^^^^^^^^^^^^^^^^^^^^^^^^^^^^^
     |
help: if this is a test module, consider adding a `#[cfg(test)]` to the containing module
    --> kernel/src/posix/mod.rs:1435:1
     |
1435 | pub mod integration_tests;
     | ^^^^^^^^^^^^^^^^^^^^^^^^^^

warning: unused import: `crate::posix::realtime::*`
    --> kernel/src/posix/integration_tests.rs:9:5
     |
   9 | use crate::posix::realtime::*;
     |     ^^^^^^^^^^^^^^^^^^^^^^^^^
     |
help: if this is a test module, consider adding a `#[cfg(test)]` to the containing module
    --> kernel/src/posix/mod.rs:1435:1
     |
1435 | pub mod integration_tests;
     | ^^^^^^^^^^^^^^^^^^^^^^^^^^

warning: unused import: `crate::posix::advanced_thread::*`
    --> kernel/src/posix/integration_tests.rs:10:5
     |
  10 | use crate::posix::advanced_thread::*;
     |     ^^^^^^^^^^^^^^^^^^^^^^^^^^^^^^^^
     |
help: if this is a test module, consider adding a `#[cfg(test)]` to the containing module
    --> kernel/src/posix/mod.rs:1435:1
     |
1435 | pub mod integration_tests;
     | ^^^^^^^^^^^^^^^^^^^^^^^^^^

warning: unused import: `crate::posix::security::*`
    --> kernel/src/posix/integration_tests.rs:11:5
     |
  11 | use crate::posix::security::*;
     |     ^^^^^^^^^^^^^^^^^^^^^^^^^
     |
help: if this is a test module, consider adding a `#[cfg(test)]` to the containing module
    --> kernel/src/posix/mod.rs:1435:1
     |
1435 | pub mod integration_tests;
     | ^^^^^^^^^^^^^^^^^^^^^^^^^^

warning: unused import: `crate::syscalls::common::SyscallError`
    --> kernel/src/posix/integration_tests.rs:12:5
     |
  12 | use crate::syscalls::common::SyscallError;
     |     ^^^^^^^^^^^^^^^^^^^^^^^^^^^^^^^^^^^^^
     |
help: if this is a test module, consider adding a `#[cfg(test)]` to the containing module
    --> kernel/src/posix/mod.rs:1435:1
     |
1435 | pub mod integration_tests;
     | ^^^^^^^^^^^^^^^^^^^^^^^^^^

warning: unused import: `self::semaphore::*`
    --> kernel/src/posix/mod.rs:1438:9
     |
1438 | pub use self::semaphore::*;
     |         ^^^^^^^^^^^^^^^^^^

warning: unused import: `self::shm::*`
    --> kernel/src/posix/mod.rs:1440:9
     |
1440 | pub use self::shm::*;
     |         ^^^^^^^^^^^^

warning: unused import: `self::timer::*`
    --> kernel/src/posix/mod.rs:1441:9
     |
1441 | pub use self::timer::*;
     |         ^^^^^^^^^^^^^^

warning: unused import: `self::advanced_signal::*`
    --> kernel/src/posix/mod.rs:1442:9
     |
1442 | pub use self::advanced_signal::*;
     |         ^^^^^^^^^^^^^^^^^^^^^^^^

warning: unused import: `self::advanced_thread::*`
    --> kernel/src/posix/mod.rs:1444:9
     |
1444 | pub use self::advanced_thread::*;
     |         ^^^^^^^^^^^^^^^^^^^^^^^^

warning: unused import: `self::security::*`
    --> kernel/src/posix/mod.rs:1445:9
     |
1445 | pub use self::security::*;
     |         ^^^^^^^^^^^^^^^^^

warning: type `clock_t` should have an upper camel case name
    --> kernel/src/posix/mod.rs:1577:10
     |
1577 | pub type clock_t = i64;
     |          ^^^^^^^ help: convert the identifier to upper camel case: `ClockT`

warning: type `id_t` should have an upper camel case name
    --> kernel/src/posix/mod.rs:1580:10
     |
1580 | pub type id_t = u32;
     |          ^^^^ help: convert the identifier to upper camel case: `IdT`

warning: type `utsname` should have an upper camel case name
    --> kernel/src/posix/mod.rs:1605:10
     |
1605 | pub type utsname = Utsname;
     |          ^^^^^^^ help: convert the identifier to upper camel case (notice the capitalization): `Utsname`

warning: type `gid_t` should have an upper camel case name
    --> kernel/src/posix/mod.rs:1626:10
     |
1626 | pub type gid_t = Gid;
     |          ^^^^^ help: convert the identifier to upper camel case: `GidT`

warning: type `uid_t` should have an upper camel case name
    --> kernel/src/posix/mod.rs:1627:10
     |
1627 | pub type uid_t = Uid;
     |          ^^^^^ help: convert the identifier to upper camel case: `UidT`

warning: type `socklen_t` should have an upper camel case name
    --> kernel/src/posix/mod.rs:1628:10
     |
1628 | pub type socklen_t = u32;
     |          ^^^^^^^^^ help: convert the identifier to upper camel case: `SocklenT`

warning: type `pthread_t` should have an upper camel case name
    --> kernel/src/posix/mod.rs:1635:10
     |
1635 | pub type pthread_t = usize;
     |          ^^^^^^^^^ help: convert the identifier to upper camel case: `PthreadT`

warning: type `pthread_key_t` should have an upper camel case name
    --> kernel/src/posix/mod.rs:1674:10
     |
1674 | pub type pthread_key_t = u32;
     |          ^^^^^^^^^^^^^ help: convert the identifier to upper camel case: `PthreadKeyT`

warning: type `clockid_t` should have an upper camel case name
    --> kernel/src/posix/mod.rs:1677:10
     |
1677 | pub type clockid_t = i32;
     |          ^^^^^^^^^ help: convert the identifier to upper camel case: `ClockidT`

warning: type `sem_t` should have an upper camel case name
    --> kernel/src/posix/mod.rs:1717:10
     |
1717 | pub type sem_t = SemT;
     |          ^^^^^ help: convert the identifier to upper camel case: `SemT`

warning: type `mqd_t` should have an upper camel case name
    --> kernel/src/posix/mod.rs:1720:10
     |
1720 | pub type mqd_t = i32;
     |          ^^^^^ help: convert the identifier to upper camel case: `MqdT`

warning: type `sockaddr` should have an upper camel case name
    --> kernel/src/posix/mod.rs:1727:10
     |
1727 | pub type sockaddr = Sockaddr;
     |          ^^^^^^^^ help: convert the identifier to upper camel case (notice the capitalization): `Sockaddr`

warning: type `off_t` should have an upper camel case name
    --> kernel/src/posix/mod.rs:1734:10
     |
1734 | pub type off_t = Off;
     |          ^^^^^ help: convert the identifier to upper camel case: `OffT`

warning: type `mode_t` should have an upper camel case name
    --> kernel/src/posix/mod.rs:1737:10
     |
1737 | pub type mode_t = Mode;
     |          ^^^^^^ help: convert the identifier to upper camel case: `ModeT`

warning: type `timeval` should have an upper camel case name
    --> kernel/src/posix/mod.rs:1750:10
     |
1750 | pub type timeval = Timeval;
     |          ^^^^^^^ help: convert the identifier to upper camel case: `Timeval`

warning: type `fd_set` should have an upper camel case name
    --> kernel/src/posix/mod.rs:1772:10
     |
1772 | pub type fd_set = FdSet;
     |          ^^^^^^ help: convert the identifier to upper camel case: `FdSet`

warning: type `aio_reqprio_t` should have an upper camel case name
    --> kernel/src/posix/mod.rs:1840:10
     |
1840 | pub type aio_reqprio_t = i32;
     |          ^^^^^^^^^^^^^ help: convert the identifier to upper camel case: `AioReqprioT`

warning: type `aio_offset_t` should have an upper camel case name
    --> kernel/src/posix/mod.rs:1871:10
     |
1871 | pub type aio_offset_t = off_t;
     |          ^^^^^^^^^^^^ help: convert the identifier to upper camel case: `AioOffsetT`

warning: unused import: `AtomicU64`
  --> kernel/src/security/smap_smep.rs:12:38
   |
12 | use core::sync::atomic::{AtomicBool, AtomicU64, Ordering};
   |                                      ^^^^^^^^^

warning: unused import: `crate::arch`
  --> kernel/src/security/smap_smep.rs:15:5
   |
15 | use crate::arch;
   |     ^^^^^^^^^^^

warning: unused import: `FileMode`
  --> kernel/src/security/acl.rs:18:18
   |
18 | use crate::vfs::{FileMode};
   |                  ^^^^^^^^

warning: unused import: `alloc::sync::Arc`
 --> kernel/src/security/capabilities.rs:9:5
  |
9 | use alloc::sync::Arc;
  |     ^^^^^^^^^^^^^^^^

warning: unused imports: `AtomicU64` and `Ordering`
  --> kernel/src/security/capabilities.rs:11:26
   |
11 | use core::sync::atomic::{AtomicU64, Ordering};
   |                          ^^^^^^^^^  ^^^^^^^^

warning: unused import: `spin::Mutex`
  --> kernel/src/security/capabilities.rs:12:5
   |
12 | use spin::Mutex;
   |     ^^^^^^^^^^^

warning: unused imports: `AtomicU64` and `Ordering`
  --> kernel/src/security/selinux.rs:14:26
   |
14 | use core::sync::atomic::{AtomicU64, Ordering};
   |                          ^^^^^^^^^  ^^^^^^^^

warning: unused import: `crate::types::stubs::*`
  --> kernel/src/security/permission_check.rs:13:5
   |
13 | use crate::types::stubs::*;
   |     ^^^^^^^^^^^^^^^^^^^^^^

warning: unused imports: `EACCES`, `ENOENT`, `ENOMEM`, and `EPERM`
  --> kernel/src/security/mod.rs:18:41
   |
18 | use crate::reliability::errno::{EINVAL, ENOENT, ENOMEM, EIO, EPERM, EACCES};
   |                                         ^^^^^^  ^^^^^^       ^^^^^  ^^^^^^

warning: unused import: `AtomicUsize`
  --> kernel/src/security/mod.rs:26:37
   |
26 | use core::sync::atomic::{AtomicU64, AtomicUsize, Ordering};
   |                                     ^^^^^^^^^^^

warning: unused imports: `AslrConfig`, `AslrStats`, `MemoryRegionType`, `get_aslr_config`, `get_aslr_statistics`, `init_process_aslr`, `is_address_randomized`, `is_aslr_enabled`, `randomize_memory_region`, `rerandomize_process`, `update_aslr_config`, and `validate_process_aslr`
  --> kernel/src/security/mod.rs:31:20
   |
31 |     AslrSubsystem, AslrConfig, AslrStats, MemoryRegionType,
   |                    ^^^^^^^^^^  ^^^^^^^^^  ^^^^^^^^^^^^^^^^
32 |     init_process_aslr, randomize_memory_region, is_aslr_enabled,
   |     ^^^^^^^^^^^^^^^^^  ^^^^^^^^^^^^^^^^^^^^^^^  ^^^^^^^^^^^^^^^
33 |     get_aslr_config, update_aslr_config, get_aslr_statistics,
   |     ^^^^^^^^^^^^^^^  ^^^^^^^^^^^^^^^^^^  ^^^^^^^^^^^^^^^^^^^
34 |     validate_process_aslr, is_address_randomized, rerandomize_process
   |     ^^^^^^^^^^^^^^^^^^^^^  ^^^^^^^^^^^^^^^^^^^^^  ^^^^^^^^^^^^^^^^^^^

warning: unused imports: `SmapSmepConfig`, `SmapSmepStats`, `SmapSmepViolation`, `ViolationSeverity`, `ViolationType`, `add_smap_allowed_region`, `disable_smap_temporarily`, `enable_smap_temporarily`, `get_smap_smep_statistics`, `init_smap_smep`, `is_smap_enabled`, `is_smep_enabled`, and `update_smap_smep_config`
  --> kernel/src/security/mod.rs:38:24
   |
38 |     SmapSmepSubsystem, SmapSmepConfig, SmapSmepStats, SmapSmepViolation,
   |                        ^^^^^^^^^^^^^^  ^^^^^^^^^^^^^  ^^^^^^^^^^^^^^^^^
39 |     ViolationType, ViolationSeverity, init_smap_smep, is_smap_enabled,
   |     ^^^^^^^^^^^^^  ^^^^^^^^^^^^^^^^^  ^^^^^^^^^^^^^^  ^^^^^^^^^^^^^^^
40 |     is_smep_enabled, disable_smap_temporarily, enable_smap_temporarily,
   |     ^^^^^^^^^^^^^^^  ^^^^^^^^^^^^^^^^^^^^^^^^  ^^^^^^^^^^^^^^^^^^^^^^^
41 |     add_smap_allowed_region, get_smap_smep_statistics, update_smap_smep_config
   |     ^^^^^^^^^^^^^^^^^^^^^^^  ^^^^^^^^^^^^^^^^^^^^^^^^  ^^^^^^^^^^^^^^^^^^^^^^^

warning: unused imports: `AccessControlList`, `AccessDecision`, `AccessRequest`, `AclConfig`, `AclEntry`, `AclPermissions`, `AclStats`, `AclType`, `InheritanceFlags`, `ResourceType`, `check_file_access`, `create_acl`, `get_acl_statistics`, and `update_acl_config`
  --> kernel/src/security/mod.rs:45:19
   |
45 |     AclSubsystem, AclConfig, AclStats, AclEntry, AclPermissions, AclType,
   |                   ^^^^^^^^^  ^^^^^^^^  ^^^^^^^^  ^^^^^^^^^^^^^^  ^^^^^^^
46 |     AccessControlList, AccessRequest, AccessDecision, ResourceType, InheritanceFlags,
   |     ^^^^^^^^^^^^^^^^^  ^^^^^^^^^^^^^  ^^^^^^^^^^^^^^  ^^^^^^^^^^^^  ^^^^^^^^^^^^^^^^
47 |     check_file_access, create_acl, get_acl_statistics, update_acl_config
   |     ^^^^^^^^^^^^^^^^^  ^^^^^^^^^^  ^^^^^^^^^^^^^^^^^^  ^^^^^^^^^^^^^^^^^

warning: unused imports: `CapType`, `CapabilitySets`, `Capability`, `ProcessCapabilities`, `add_process_capability`, `cleanup_process_capabilities`, `exec_capabilities`, `fork_capabilities`, `get_process_capabilities`, `init_process_capabilities`, `process_has_capability`, and `remove_process_capability`
  --> kernel/src/security/mod.rs:51:26
   |
51 |     CapabilitySubsystem, CapabilitySets, ProcessCapabilities, Capability, CapType,
   |                          ^^^^^^^^^^^^^^  ^^^^^^^^^^^^^^^^^^^  ^^^^^^^^^^  ^^^^^^^
52 |     init_process_capabilities, process_has_capability, get_process_capabilities,
   |     ^^^^^^^^^^^^^^^^^^^^^^^^^  ^^^^^^^^^^^^^^^^^^^^^^  ^^^^^^^^^^^^^^^^^^^^^^^^
53 |     add_process_capability, remove_process_capability, fork_capabilities,
   |     ^^^^^^^^^^^^^^^^^^^^^^  ^^^^^^^^^^^^^^^^^^^^^^^^^  ^^^^^^^^^^^^^^^^^
54 |     exec_capabilities, cleanup_process_capabilities
   |     ^^^^^^^^^^^^^^^^^  ^^^^^^^^^^^^^^^^^^^^^^^^^^^^

warning: unused imports: `SeccompAction`, `SeccompCmpOp`, `SeccompFilter`, `SeccompRule`, `check_seccomp_syscall`, `get_seccomp_statistics`, `install_seccomp_filter`, and `remove_seccomp_filter`
  --> kernel/src/security/mod.rs:58:23
   |
58 |     SeccompSubsystem, SeccompFilter, SeccompRule, SeccompAction, SeccompCmpOp,
   |                       ^^^^^^^^^^^^^  ^^^^^^^^^^^  ^^^^^^^^^^^^^  ^^^^^^^^^^^^
59 |     install_seccomp_filter, check_seccomp_syscall, remove_seccomp_filter,
   |     ^^^^^^^^^^^^^^^^^^^^^^  ^^^^^^^^^^^^^^^^^^^^^  ^^^^^^^^^^^^^^^^^^^^^
60 |     get_seccomp_statistics
   |     ^^^^^^^^^^^^^^^^^^^^^^

warning: unused imports: `SelinuxContext`, `SelinuxPermission`, `SelinuxRuleType`, `SelinuxRule`, `check_selinux_access`, `get_file_selinux_context`, `get_process_selinux_context`, `get_selinux_statistics`, `init_process_selinux`, `is_selinux_enforcing`, `set_file_selinux_context`, `set_process_selinux_context`, and `set_selinux_enforcing`
  --> kernel/src/security/mod.rs:64:23
   |
64 |     SelinuxSubsystem, SelinuxContext, SelinuxRule, SelinuxPermission, SelinuxRuleType,
   |                       ^^^^^^^^^^^^^^  ^^^^^^^^^^^  ^^^^^^^^^^^^^^^^^  ^^^^^^^^^^^^^^^
65 |     init_process_selinux, get_process_selinux_context, set_process_selinux_context,
   |     ^^^^^^^^^^^^^^^^^^^^  ^^^^^^^^^^^^^^^^^^^^^^^^^^^  ^^^^^^^^^^^^^^^^^^^^^^^^^^^
66 |     check_selinux_access, get_file_selinux_context, set_file_selinux_context,
   |     ^^^^^^^^^^^^^^^^^^^^  ^^^^^^^^^^^^^^^^^^^^^^^^  ^^^^^^^^^^^^^^^^^^^^^^^^
67 |     is_selinux_enforcing, set_selinux_enforcing, get_selinux_statistics
   |     ^^^^^^^^^^^^^^^^^^^^  ^^^^^^^^^^^^^^^^^^^^^  ^^^^^^^^^^^^^^^^^^^^^^

warning: unused imports: `AuditConfig`, `AuditEventType`, `AuditEvent`, `AuditFilter`, `AuditSeverity`, `AuditStats`, `create_audit_event`, `get_audit_events`, `get_audit_statistics`, `log_audit_event`, `log_authentication_event`, `log_security_violation`, and `update_audit_config`
  --> kernel/src/security/mod.rs:71:21
   |
71 |     AuditSubsystem, AuditEvent, AuditEventType, AuditSeverity, AuditConfig, AuditFilter,
   |                     ^^^^^^^^^^  ^^^^^^^^^^^^^^  ^^^^^^^^^^^^^  ^^^^^^^^^^^  ^^^^^^^^^^^
72 |     AuditStats, create_audit_event, log_audit_event, log_security_violation,
   |     ^^^^^^^^^^  ^^^^^^^^^^^^^^^^^^  ^^^^^^^^^^^^^^^  ^^^^^^^^^^^^^^^^^^^^^^
73 |     log_authentication_event, get_audit_events, get_audit_statistics,
   |     ^^^^^^^^^^^^^^^^^^^^^^^^  ^^^^^^^^^^^^^^^^  ^^^^^^^^^^^^^^^^^^^^
74 |     update_audit_config
   |     ^^^^^^^^^^^^^^^^^^^

warning: unused imports: `Operation`, `PermissionContext`, `PermissionRequest`, `PermissionResult`, `UnifiedPermissionChecker`, `check_permission`, `get_unified_checker`, and `init_unified_permission_checker`
  --> kernel/src/security/mod.rs:78:5
   |
78 |     UnifiedPermissionChecker, PermissionRequest, PermissionResult, PermissionContext,
   |     ^^^^^^^^^^^^^^^^^^^^^^^^  ^^^^^^^^^^^^^^^^^  ^^^^^^^^^^^^^^^^  ^^^^^^^^^^^^^^^^^
79 |     Operation, init_unified_permission_checker, check_permission,
   |     ^^^^^^^^^  ^^^^^^^^^^^^^^^^^^^^^^^^^^^^^^^  ^^^^^^^^^^^^^^^^
80 |     get_unified_checker
   |     ^^^^^^^^^^^^^^^^^^^

warning: unused import: `alloc::vec`
  --> kernel/src/security_audit/events.rs:11:5
   |
11 | use alloc::vec;
   |     ^^^^^^^^^^

warning: unused import: `Ordering`
  --> kernel/src/security_audit/events.rs:14:37
   |
14 | use core::sync::atomic::{AtomicU64, Ordering};
   |                                     ^^^^^^^^

warning: unused import: `alloc::collections::BTreeMap`
 --> kernel/src/security_audit/logging.rs:8:5
  |
8 | use alloc::collections::BTreeMap;
  |     ^^^^^^^^^^^^^^^^^^^^^^^^^^^^

warning: unused import: `alloc::vec`
  --> kernel/src/security_audit/logging.rs:11:5
   |
11 | use alloc::vec;
   |     ^^^^^^^^^^

warning: unused import: `Ordering`
  --> kernel/src/security_audit/logging.rs:15:37
   |
15 | use core::sync::atomic::{AtomicU64, Ordering};
   |                                     ^^^^^^^^

warning: unused imports: `AuditEventType` and `AuditSeverity`
  --> kernel/src/security_audit/logging.rs:18:42
   |
18 | use crate::security::audit::{AuditEvent, AuditEventType, AuditSeverity};
   |                                          ^^^^^^^^^^^^^^  ^^^^^^^^^^^^^

warning: unused imports: `BackupConfig`, `CompressionConfig`, and `EncryptionConfig`
  --> kernel/src/security_audit/logging.rs:19:41
   |
19 | use super::{StorageConfig, StorageType, CompressionConfig, EncryptionConfig, BackupConfig};
   |                                         ^^^^^^^^^^^^^^^^^  ^^^^^^^^^^^^^^^^  ^^^^^^^^^^^^

warning: unused import: `Ordering`
  --> kernel/src/security_audit/compliance.rs:13:37
   |
13 | use core::sync::atomic::{AtomicU64, Ordering};
   |                                     ^^^^^^^^

warning: unused import: `AuditSeverity`
  --> kernel/src/security_audit/compliance.rs:16:58
   |
16 | use crate::security::audit::{AuditEvent, AuditEventType, AuditSeverity};
   |                                                          ^^^^^^^^^^^^^

warning: unused import: `SecurityAuditStats`
  --> kernel/src/security_audit/compliance.rs:17:69
   |
17 | use super::{ComplianceStandard, ComplianceResult, ComplianceStatus, SecurityAuditStats};
   |                                                                     ^^^^^^^^^^^^^^^^^^

warning: unused import: `alloc::format`
 --> kernel/src/security_audit/analysis.rs:7:5
  |
7 | use alloc::format;
  |     ^^^^^^^^^^^^^

warning: unused import: `Ordering`
  --> kernel/src/security_audit/analysis.rs:14:37
   |
14 | use core::sync::atomic::{AtomicU64, Ordering};
   |                                     ^^^^^^^^

warning: unused import: `AuditEvent`
  --> kernel/src/security_audit/reporting.rs:18:30
   |
18 | use crate::security::audit::{AuditEvent, AuditEventType, AuditSeverity};
   |                              ^^^^^^^^^^

warning: unused import: `ReportFrequency`
  --> kernel/src/security_audit/reporting.rs:19:25
   |
19 | use super::{ReportType, ReportFrequency, ReportFormat, ReportingConfig};
   |                         ^^^^^^^^^^^^^^^

warning: unused import: `AtomicU64`
  --> kernel/src/security_audit/monitoring.rs:13:26
   |
13 | use core::sync::atomic::{AtomicU64, AtomicBool, Ordering};
   |                          ^^^^^^^^^

warning: unused imports: `AuditEventType`, `AuditEvent`, and `AuditSeverity`
  --> kernel/src/security_audit/monitoring.rs:16:30
   |
16 | use crate::security::audit::{AuditEvent, AuditEventType, AuditSeverity};
   |                              ^^^^^^^^^^  ^^^^^^^^^^^^^^  ^^^^^^^^^^^^^

warning: unused import: `AlertRateLimit`
  --> kernel/src/security_audit/monitoring.rs:17:51
   |
17 | use super::{AlertConfig, AlertChannel, AlertRule, AlertRateLimit};
   |                                                   ^^^^^^^^^^^^^^

warning: unused import: `AtomicU64`
  --> kernel/src/security_audit/mod.rs:22:26
   |
22 | use core::sync::atomic::{AtomicU64, AtomicBool, Ordering};
   |                          ^^^^^^^^^

warning: unused imports: `AuditFilter` and `AuditStats`
  --> kernel/src/security_audit/mod.rs:26:48
   |
26 |     AuditEvent, AuditEventType, AuditSeverity, AuditFilter, AuditStats
   |                                                ^^^^^^^^^^^  ^^^^^^^^^^

warning: variant `PCI_DSS` should have an upper camel case name
   --> kernel/src/security_audit/mod.rs:122:5
    |
122 |     PCI_DSS,
    |     ^^^^^^^ help: convert the identifier to upper camel case: `PciDss`

warning: variant `ISO_27001` should have an upper camel case name
   --> kernel/src/security_audit/mod.rs:124:5
    |
124 |     ISO_27001,
    |     ^^^^^^^^^ help: convert the identifier to upper camel case: `Iso27001`

warning: unused imports: `format` and `vec`
 --> kernel/src/services/mod.rs:8:13
  |
8 | use alloc::{format, vec};
  |             ^^^^^^  ^^^

warning: unused import: `EPERM`
  --> kernel/src/services/memory.rs:14:57
   |
14 | use crate::reliability::errno::{EINVAL, ENOMEM, EFAULT, EPERM};
   |                                                         ^^^^^

warning: unused imports: `ECHILD`, `ENOMEM`, and `EPERM`
  --> kernel/src/services/process.rs:26:41
   |
26 | use crate::reliability::errno::{EINVAL, ENOMEM, EFAULT, EPERM, ESRCH, ECHILD};
   |                                         ^^^^^^          ^^^^^         ^^^^^^

warning: unused imports: `NOFILE`, `NPROC`, and `Proc`
  --> kernel/src/services/process.rs:27:33
   |
27 | use crate::process::{ProcState, Proc, NPROC, NOFILE};
   |                                 ^^^^  ^^^^^  ^^^^^^

warning: unused imports: `ENOMEM`, `ENOSPC`, `ENOTEMPTY`, and `EPERM`
  --> kernel/src/services/fs.rs:14:41
   |
14 | use crate::reliability::errno::{EINVAL, ENOMEM, EFAULT, EPERM, ENOENT, EEXIST, ENOTEMPTY, ENOSPC};
   |                                         ^^^^^^          ^^^^^                  ^^^^^^^^^  ^^^^^^

warning: unused imports: `InodeType`, `ROOTINO`, and `SuperBlock`
  --> kernel/src/services/fs.rs:15:17
   |
15 | use crate::fs::{InodeType, MAXPATH, ROOTINO, SuperBlock};
   |                 ^^^^^^^^^           ^^^^^^^  ^^^^^^^^^^

warning: unused imports: `MessageType`, `Message`, `receive_message`, and `send_message`
 --> kernel/src/services/syscall.rs:8:38
  |
8 | use crate::types::stubs::{ServiceId, Message, MessageType, send_message, receive_message,
  |                                      ^^^^^^^  ^^^^^^^^^^^  ^^^^^^^^^^^^  ^^^^^^^^^^^^^^^

warning: unused import: `EINVAL`
  --> kernel/src/services/syscall.rs:11:33
   |
11 | use crate::reliability::errno::{EINVAL, ENOSYS, EPERM, EACCES};
   |                                 ^^^^^^

warning: unused import: `alloc::format`
  --> kernel/src/services/syscall.rs:18:5
   |
18 | use alloc::format;
   |     ^^^^^^^^^^^^^

warning: unused import: `AtomicUsize`
  --> kernel/src/services/syscall.rs:21:37
   |
21 | use core::sync::atomic::{AtomicU64, AtomicUsize, Ordering};
   |                                     ^^^^^^^^^^^

warning: unused imports: `MessageType`, `Message`, `SOCK_DGRAM`, `SOCK_RAW`, `SOCK_STREAM`, `receive_message`, and `send_message`
  --> kernel/src/services/network.rs:10:27
   |
10 | use crate::types::stubs::{Message, MessageType, send_message, receive_message,
   |                           ^^^^^^^  ^^^^^^^^^^^  ^^^^^^^^^^^^  ^^^^^^^^^^^^^^^
11 |                           AF_INET, AF_INET6, AF_UNIX, SOCK_STREAM, SOCK_DGRAM, SOCK_RAW, get_service_registry};
   |                                                       ^^^^^^^^^^^  ^^^^^^^^^^  ^^^^^^^^

warning: unused imports: `EEXIST`, `EINVAL`, `EIO`, `ENOENT`, and `ENOMEM`
  --> kernel/src/services/network.rs:13:33
   |
13 | use crate::reliability::errno::{EINVAL, ENOENT, EEXIST, ENOMEM, EIO};
   |                                 ^^^^^^  ^^^^^^  ^^^^^^  ^^^^^^  ^^^

warning: unused import: `alloc::format`
  --> kernel/src/services/network.rs:18:5
   |
18 | use alloc::format;
   |     ^^^^^^^^^^^^^

warning: unused imports: `MessageType`, `Message`, `receive_message`, and `send_message`
  --> kernel/src/services/driver.rs:10:27
   |
10 | use crate::types::stubs::{Message, MessageType, send_message, receive_message, BlockDevice, get_service_registry};
   |                           ^^^^^^^  ^^^^^^^^^^^  ^^^^^^^^^^^^  ^^^^^^^^^^^^^^^

warning: unused imports: `EEXIST`, `EINVAL`, `EIO`, `ENODEV`, `ENOENT`, and `ENOMEM`
  --> kernel/src/services/driver.rs:14:33
   |
14 | use crate::reliability::errno::{EINVAL, ENOENT, EEXIST, ENOMEM, EIO, ENODEV};
   |                                 ^^^^^^  ^^^^^^  ^^^^^^  ^^^^^^  ^^^  ^^^^^^

warning: unused import: `alloc::vec`
  --> kernel/src/services/driver.rs:18:5
   |
18 | use alloc::vec;
   |     ^^^^^^^^^^

warning: unused import: `alloc::format`
  --> kernel/src/services/driver.rs:19:5
   |
19 | use alloc::format;
   |     ^^^^^^^^^^^^^

warning: unused imports: `MessageType`, `Message`, `receive_message`, and `send_message`
  --> kernel/src/services/ipc.rs:21:38
   |
21 | use crate::types::stubs::{ServiceId, Message, MessageType, send_message, receive_message,
   |                                      ^^^^^^^  ^^^^^^^^^^^  ^^^^^^^^^^^^  ^^^^^^^^^^^^^^^

warning: unused imports: `EEXIST`, `EINVAL`, `EIO`, and `ENOMEM`
  --> kernel/src/services/ipc.rs:24:33
   |
24 | use crate::reliability::errno::{EINVAL, ENOENT, EEXIST, ENOMEM, EIO, EAGAIN, ENODEV};
   |                                 ^^^^^^          ^^^^^^  ^^^^^^  ^^^

warning: unused import: `alloc::vec`
  --> kernel/src/services/ipc.rs:28:5
   |
28 | use alloc::vec;
   |     ^^^^^^^^^^

warning: unexpected `cfg` condition value: `realtime`
   --> kernel/src/sync/mod.rs:162:7
    |
162 | #[cfg(feature = "realtime")]
    |       ^^^^^^^^^^^^^^^^^^^^
    |
    = note: expected values for `feature` are: `baremetal`, `kernel_tests`, and `link_phys_end`
    = help: consider adding `realtime` as a feature in `Cargo.toml`
    = note: see <https://doc.rust-lang.org/nightly/rustc/check-cfg/cargo-specifics.html> for more information about checking conditional configuration

warning: unused import: `fence`
 --> kernel/src/sync/mod.rs:8:61
  |
8 | use core::sync::atomic::{AtomicBool, AtomicUsize, Ordering, fence};
  |                                                             ^^^^^

warning: unused import: `AtomicBool`
  --> kernel/src/sync/primitives.rs:11:26
   |
11 | use core::sync::atomic::{AtomicBool, AtomicUsize, AtomicU64, AtomicPtr, Ordering};
   |                          ^^^^^^^^^^

warning: unused import: `crate::println`
 --> kernel/src/trap/mod.rs:6:5
  |
6 | use crate::println;
  |     ^^^^^^^^^^^^^^

warning: unused import: `super::*`
   --> kernel/src/trap/mod.rs:102:9
    |
102 |     use super::*;
    |         ^^^^^^^^

warning: unused import: `Hash`
  --> kernel/src/vfs/mod.rs:13:18
   |
13 | use core::hash::{Hash, Hasher};
   |                  ^^^^

warning: unused import: `Ordering`
 --> kernel/src/vfs/dentry.rs:5:39
  |
5 | use core::sync::atomic::{AtomicUsize, Ordering};
  |                                       ^^^^^^^^

warning: unused import: `AtomicU32`
 --> kernel/src/vfs/ext4.rs:9:26
  |
9 | use core::sync::atomic::{AtomicU32, AtomicU64, Ordering};
  |                          ^^^^^^^^^

warning: unused import: `crate::drivers::BlockDevice`
  --> kernel/src/vfs/ext4.rs:12:5
   |
12 | use crate::drivers::BlockDevice;
   |     ^^^^^^^^^^^^^^^^^^^^^^^^^^^

warning: unused import: `dir::DirEntry`
  --> kernel/src/vfs/procfs/proc_info.rs:10:5
   |
10 |     dir::DirEntry,
   |     ^^^^^^^^^^^^^

warning: unused import: `crate::sync::Mutex`
 --> kernel/src/vfs/procfs/sys_info.rs:7:5
  |
7 | use crate::sync::Mutex;
  |     ^^^^^^^^^^^^^^^^^^

warning: unused import: `types::*`
  --> kernel/src/vfs/procfs/sys_info.rs:10:5
   |
10 |     types::*,
   |     ^^^^^^^^

warning: unused import: `fs::*`
  --> kernel/src/vfs/procfs/mod.rs:12:9
   |
12 | pub use fs::*;
   |         ^^^^^

warning: unused import: `string::String`
 --> kernel/src/vfs/sysfs/devices.rs:4:13
  |
4 | use alloc::{string::String, sync::Arc};
  |             ^^^^^^^^^^^^^^

warning: unused import: `types::*`
 --> kernel/src/vfs/sysfs/devices.rs:7:5
  |
7 |     types::*,
  |     ^^^^^^^^

warning: unused import: `String`
 --> kernel/src/vfs/sysfs/kernel.rs:4:34
  |
4 | use alloc::{boxed::Box, string::{String, ToString}, sync::Arc};
  |                                  ^^^^^^

warning: unused import: `types::*`
 --> kernel/src/vfs/sysfs/kernel.rs:7:5
  |
7 |     types::*,
  |     ^^^^^^^^

error[E0308]: mismatched types
  --> kernel/src/syscalls/realtime.rs:58:15
   |
58 |     if pid != current_pid && current_pid != 0 {
   |        ---    ^^^^^^^^^^^ expected `i32`, found `usize`
   |        |
   |        expected because this is `i32`
   |
help: you can convert a `usize` to an `i32` and panic if the converted value doesn't fit
   |
58 |     if pid != current_pid.try_into().unwrap() && current_pid != 0 {
   |                          ++++++++++++++++++++

error[E0308]: mismatched types
   --> kernel/src/syscalls/realtime.rs:123:15
    |
123 |     if pid != current_pid && current_pid != 0 {
    |        ---    ^^^^^^^^^^^ expected `i32`, found `usize`
    |        |
    |        expected because this is `i32`
    |
help: you can convert a `usize` to an `i32` and panic if the converted value doesn't fit
    |
123 |     if pid != current_pid.try_into().unwrap() && current_pid != 0 {
    |                          ++++++++++++++++++++

error[E0308]: mismatched types
   --> kernel/src/syscalls/realtime.rs:156:15
    |
156 |     if pid != current_pid && current_pid != 0 {
    |        ---    ^^^^^^^^^^^ expected `i32`, found `usize`
    |        |
    |        expected because this is `i32`
    |
help: you can convert a `usize` to an `i32` and panic if the converted value doesn't fit
    |
156 |     if pid != current_pid.try_into().unwrap() && current_pid != 0 {
    |                          ++++++++++++++++++++

error[E0308]: mismatched types
   --> kernel/src/syscalls/realtime.rs:223:15
    |
223 |     if pid != current_pid && current_pid != 0 {
    |        ---    ^^^^^^^^^^^ expected `i32`, found `usize`
    |        |
    |        expected because this is `i32`
    |
help: you can convert a `usize` to an `i32` and panic if the converted value doesn't fit
    |
223 |     if pid != current_pid.try_into().unwrap() && current_pid != 0 {
    |                          ++++++++++++++++++++

error[E0308]: mismatched types
   --> kernel/src/syscalls/realtime.rs:323:15
    |
323 |     if pid != current_pid && current_pid != 0 {
    |        ---    ^^^^^^^^^^^ expected `i32`, found `usize`
    |        |
    |        expected because this is `i32`
    |
help: you can convert a `usize` to an `i32` and panic if the converted value doesn't fit
    |
323 |     if pid != current_pid.try_into().unwrap() && current_pid != 0 {
    |                          ++++++++++++++++++++

error[E0308]: mismatched types
   --> kernel/src/syscalls/realtime.rs:391:15
    |
391 |     if pid != current_pid && current_pid != 0 {
    |        ---    ^^^^^^^^^^^ expected `i32`, found `usize`
    |        |
    |        expected because this is `i32`
    |
help: you can convert a `usize` to an `i32` and panic if the converted value doesn't fit
    |
391 |     if pid != current_pid.try_into().unwrap() && current_pid != 0 {
    |                          ++++++++++++++++++++

error[E0308]: mismatched types
   --> kernel/src/syscalls/realtime.rs:459:15
    |
459 |     if pid != current_pid && current_pid != 0 {
    |        ---    ^^^^^^^^^^^ expected `i32`, found `usize`
    |        |
    |        expected because this is `i32`
    |
help: you can convert a `usize` to an `i32` and panic if the converted value doesn't fit
    |
459 |     if pid != current_pid.try_into().unwrap() && current_pid != 0 {
    |                          ++++++++++++++++++++

error[E0308]: mismatched types
   --> kernel/src/syscalls/advanced_thread.rs:95:64
    |
 95 |         unsafe { core::mem::transmute::<[u8; 256], ThreadAttr>(attr_data) }
    |                  --------------------------------------------- ^^^^^^^^^ expected an array with a size of 256, found one with a size of 168
    |                  |
    |                  arguments to this function are incorrect
    |
note: function defined here
   --> /Users/didi/.rustup/toolchains/nightly-aarch64-apple-darwin/lib/rustlib/src/rust/library/core/src/intrinsics/mod.rs:838:21
    |
838 | pub const unsafe fn transmute<Src, Dst>(src: Src) -> Dst;
    |                     ^^^^^^^^^

error[E0308]: mismatched types
   --> kernel/src/syscalls/advanced_thread.rs:172:64
    |
172 |         unsafe { core::mem::transmute::<[u8; 256], ThreadAttr>(attr_data) }
    |                  --------------------------------------------- ^^^^^^^^^ expected an array with a size of 256, found one with a size of 168
    |                  |
    |                  arguments to this function are incorrect
    |
note: function defined here
   --> /Users/didi/.rustup/toolchains/nightly-aarch64-apple-darwin/lib/rustlib/src/rust/library/core/src/intrinsics/mod.rs:838:21
    |
838 | pub const unsafe fn transmute<Src, Dst>(src: Src) -> Dst;
    |                     ^^^^^^^^^

error[E0308]: mismatched types
   --> kernel/src/syscalls/advanced_thread.rs:238:64
    |
238 |         unsafe { core::mem::transmute::<[u8; 256], ThreadAttr>(attr_data) }
    |                  --------------------------------------------- ^^^^^^^^^ expected an array with a size of 256, found one with a size of 168
    |                  |
    |                  arguments to this function are incorrect
    |
note: function defined here
   --> /Users/didi/.rustup/toolchains/nightly-aarch64-apple-darwin/lib/rustlib/src/rust/library/core/src/intrinsics/mod.rs:838:21
    |
838 | pub const unsafe fn transmute<Src, Dst>(src: Src) -> Dst;
    |                     ^^^^^^^^^

error[E0308]: mismatched types
   --> kernel/src/syscalls/advanced_thread.rs:254:63
    |
254 |         unsafe { core::mem::transmute::<[u8; 16], SchedParam>(param_data) }
    |                  -------------------------------------------- ^^^^^^^^^^ expected an array with a size of 16, found one with a size of 4
    |                  |
    |                  arguments to this function are incorrect
    |
note: function defined here
   --> /Users/didi/.rustup/toolchains/nightly-aarch64-apple-darwin/lib/rustlib/src/rust/library/core/src/intrinsics/mod.rs:838:21
    |
838 | pub const unsafe fn transmute<Src, Dst>(src: Src) -> Dst;
    |                     ^^^^^^^^^

error[E0308]: mismatched types
   --> kernel/src/syscalls/advanced_thread.rs:331:64
    |
331 |         unsafe { core::mem::transmute::<[u8; 256], ThreadAttr>(attr_data) }
    |                  --------------------------------------------- ^^^^^^^^^ expected an array with a size of 256, found one with a size of 168
    |                  |
    |                  arguments to this function are incorrect
    |
note: function defined here
   --> /Users/didi/.rustup/toolchains/nightly-aarch64-apple-darwin/lib/rustlib/src/rust/library/core/src/intrinsics/mod.rs:838:21
    |
838 | pub const unsafe fn transmute<Src, Dst>(src: Src) -> Dst;
    |                     ^^^^^^^^^

error[E0308]: mismatched types
   --> kernel/src/syscalls/advanced_thread.rs:399:64
    |
399 |         unsafe { core::mem::transmute::<[u8; 256], ThreadAttr>(attr_data) }
    |                  --------------------------------------------- ^^^^^^^^^ expected an array with a size of 256, found one with a size of 168
    |                  |
    |                  arguments to this function are incorrect
    |
note: function defined here
   --> /Users/didi/.rustup/toolchains/nightly-aarch64-apple-darwin/lib/rustlib/src/rust/library/core/src/intrinsics/mod.rs:838:21
    |
838 | pub const unsafe fn transmute<Src, Dst>(src: Src) -> Dst;
    |                     ^^^^^^^^^

error[E0308]: mismatched types
   --> kernel/src/syscalls/advanced_thread.rs:476:64
    |
476 |         unsafe { core::mem::transmute::<[u8; 256], ThreadAttr>(attr_data) }
    |                  --------------------------------------------- ^^^^^^^^^ expected an array with a size of 256, found one with a size of 168
    |                  |
    |                  arguments to this function are incorrect
    |
note: function defined here
   --> /Users/didi/.rustup/toolchains/nightly-aarch64-apple-darwin/lib/rustlib/src/rust/library/core/src/intrinsics/mod.rs:838:21
    |
838 | pub const unsafe fn transmute<Src, Dst>(src: Src) -> Dst;
    |                     ^^^^^^^^^

error[E0308]: mismatched types
   --> kernel/src/syscalls/advanced_thread.rs:541:63
    |
541 |         unsafe { core::mem::transmute::<[u8; 16], SchedParam>(param_data) }
    |                  -------------------------------------------- ^^^^^^^^^^ expected an array with a size of 16, found one with a size of 4
    |                  |
    |                  arguments to this function are incorrect
    |
note: function defined here
   --> /Users/didi/.rustup/toolchains/nightly-aarch64-apple-darwin/lib/rustlib/src/rust/library/core/src/intrinsics/mod.rs:838:21
    |
838 | pub const unsafe fn transmute<Src, Dst>(src: Src) -> Dst;
    |                     ^^^^^^^^^

error[E0308]: mismatched types
   --> kernel/src/syscalls/advanced_thread.rs:698:35
    |
698 |     match registry.create_barrier(thread_id, count) {
    |                    -------------- ^^^^^^^^^ expected `i32`, found `usize`
    |                    |
    |                    arguments to this method are incorrect
    |
note: method defined here
   --> kernel/src/posix/advanced_thread.rs:557:12
    |
557 |     pub fn create_barrier(&mut self, thread_id: Pid, count: usize) -> Result<(), ThreadError> {
    |            ^^^^^^^^^^^^^^            --------------
help: you can convert a `usize` to an `i32` and panic if the converted value doesn't fit
    |
698 |     match registry.create_barrier(thread_id.try_into().unwrap(), count) {
    |                                            ++++++++++++++++++++

error[E0308]: mismatched types
   --> kernel/src/syscalls/advanced_thread.rs:758:46
    |
758 |     let barrier = match registry.get_barrier(thread_id) {
    |                                  ----------- ^^^^^^^^^ expected `i32`, found `usize`
    |                                  |
    |                                  arguments to this method are incorrect
    |
note: method defined here
   --> kernel/src/posix/advanced_thread.rs:568:12
    |
568 |     pub fn get_barrier(&self, thread_id: Pid) -> Option<&Barrier> {
    |            ^^^^^^^^^^^        --------------
help: you can convert a `usize` to an `i32` and panic if the converted value doesn't fit
    |
758 |     let barrier = match registry.get_barrier(thread_id.try_into().unwrap()) {
    |                                                       ++++++++++++++++++++

error[E0308]: mismatched types
   --> kernel/src/syscalls/advanced_thread.rs:791:35
    |
791 |     match registry.remove_barrier(thread_id) {
    |                    -------------- ^^^^^^^^^ expected `i32`, found `usize`
    |                    |
    |                    arguments to this method are incorrect
    |
note: method defined here
   --> kernel/src/posix/advanced_thread.rs:573:12
    |
573 |     pub fn remove_barrier(&mut self, thread_id: Pid) -> Result<Barrier, ThreadError> {
    |            ^^^^^^^^^^^^^^            --------------
help: you can convert a `usize` to an `i32` and panic if the converted value doesn't fit
    |
791 |     match registry.remove_barrier(thread_id.try_into().unwrap()) {
    |                                            ++++++++++++++++++++

error[E0308]: mismatched types
   --> kernel/src/syscalls/advanced_thread.rs:822:36
    |
822 |     match registry.create_spinlock(thread_id) {
    |                    --------------- ^^^^^^^^^ expected `i32`, found `usize`
    |                    |
    |                    arguments to this method are incorrect
    |
note: method defined here
   --> kernel/src/posix/advanced_thread.rs:579:12
    |
579 |     pub fn create_spinlock(&mut self, thread_id: Pid) -> Result<(), ThreadError> {
    |            ^^^^^^^^^^^^^^^            --------------
help: you can convert a `usize` to an `i32` and panic if the converted value doesn't fit
    |
822 |     match registry.create_spinlock(thread_id.try_into().unwrap()) {
    |                                             ++++++++++++++++++++

error[E0308]: mismatched types
   --> kernel/src/syscalls/advanced_thread.rs:881:48
    |
881 |     let spinlock = match registry.get_spinlock(thread_id) {
    |                                   ------------ ^^^^^^^^^ expected `i32`, found `usize`
    |                                   |
    |                                   arguments to this method are incorrect
    |
note: method defined here
   --> kernel/src/posix/advanced_thread.rs:590:12
    |
590 |     pub fn get_spinlock(&self, thread_id: Pid) -> Option<&Spinlock> {
    |            ^^^^^^^^^^^^        --------------
help: you can convert a `usize` to an `i32` and panic if the converted value doesn't fit
    |
881 |     let spinlock = match registry.get_spinlock(thread_id.try_into().unwrap()) {
    |                                                         ++++++++++++++++++++

error[E0308]: mismatched types
   --> kernel/src/syscalls/advanced_thread.rs:912:48
    |
912 |     let spinlock = match registry.get_spinlock(thread_id) {
    |                                   ------------ ^^^^^^^^^ expected `i32`, found `usize`
    |                                   |
    |                                   arguments to this method are incorrect
    |
note: method defined here
   --> kernel/src/posix/advanced_thread.rs:590:12
    |
590 |     pub fn get_spinlock(&self, thread_id: Pid) -> Option<&Spinlock> {
    |            ^^^^^^^^^^^^        --------------
help: you can convert a `usize` to an `i32` and panic if the converted value doesn't fit
    |
912 |     let spinlock = match registry.get_spinlock(thread_id.try_into().unwrap()) {
    |                                                         ++++++++++++++++++++

error[E0308]: mismatched types
   --> kernel/src/syscalls/advanced_thread.rs:943:36
    |
943 |     match registry.remove_spinlock(thread_id) {
    |                    --------------- ^^^^^^^^^ expected `i32`, found `usize`
    |                    |
    |                    arguments to this method are incorrect
    |
note: method defined here
   --> kernel/src/posix/advanced_thread.rs:595:12
    |
595 |     pub fn remove_spinlock(&mut self, thread_id: Pid) -> Result<Spinlock, ThreadError> {
    |            ^^^^^^^^^^^^^^^            --------------
help: you can convert a `usize` to an `i32` and panic if the converted value doesn't fit
    |
943 |     match registry.remove_spinlock(thread_id.try_into().unwrap()) {
    |                                             ++++++++++++++++++++

error[E0308]: mismatched types
  --> kernel/src/syscalls/security.rs:62:15
   |
62 |     if pid != current_pid {
   |        ---    ^^^^^^^^^^^ expected `i32`, found `usize`
   |        |
   |        expected because this is `i32`
   |
help: you can convert a `usize` to an `i32` and panic if the converted value doesn't fit
   |
62 |     if pid != current_pid.try_into().unwrap() {
   |                          ++++++++++++++++++++

error[E0308]: mismatched types
   --> kernel/src/syscalls/security.rs:102:81
    |
102 | ...e { core::mem::transmute::<[u8; 12], CapHeader>(header_data) }, &mut unsafe { core::mem::transmute::<[u8; 12], CapData>(data_dat...
    |        ------------------------------------------- ^^^^^^^^^^^ expected an array with a size of 12, found one with a size of 8
    |        |
    |        arguments to this function are incorrect
    |
note: function defined here
   --> /Users/didi/.rustup/toolchains/nightly-aarch64-apple-darwin/lib/rustlib/src/rust/library/core/src/intrinsics/mod.rs:838:21
    |
838 | pub const unsafe fn transmute<Src, Dst>(src: Src) -> Dst;
    |                     ^^^^^^^^^

error[E0308]: mismatched types
   --> kernel/src/syscalls/security.rs:134:15
    |
134 |     if pid != current_pid {
    |        ---    ^^^^^^^^^^^ expected `i32`, found `usize`
    |        |
    |        expected because this is `i32`
    |
help: you can convert a `usize` to an `i32` and panic if the converted value doesn't fit
    |
134 |     if pid != current_pid.try_into().unwrap() {
    |                          ++++++++++++++++++++

error[E0308]: mismatched types
   --> kernel/src/syscalls/security.rs:174:77
    |
174 | ...e { core::mem::transmute::<[u8; 12], CapHeader>(header_data) }, &unsafe { core::mem::transmute::<[u8; 12], CapData>(data_data) }) {
    |        ------------------------------------------- ^^^^^^^^^^^ expected an array with a size of 12, found one with a size of 8
    |        |
    |        arguments to this function are incorrect
    |
note: function defined here
   --> /Users/didi/.rustup/toolchains/nightly-aarch64-apple-darwin/lib/rustlib/src/rust/library/core/src/intrinsics/mod.rs:838:21
    |
838 | pub const unsafe fn transmute<Src, Dst>(src: Src) -> Dst;
    |                     ^^^^^^^^^

error[E0308]: mismatched types
   --> kernel/src/syscalls/security.rs:237:22
    |
237 |           Ok(entry) => {
    |  ______________________^
238 | |             // Copy entry back to user space
239 | |             if pwd_ptr != 0 {
240 | |                 let entry_data = unsafe { 
...   |
316 | |             Ok(0);
    | |                  - help: remove this semicolon to return this value
317 | |         }
    | |_________^ expected `Result<u64, SyscallError>`, found `()`
    |
    = note:   expected enum `core::result::Result<u64, SyscallError>`
            found unit type `()`

error[E0308]: mismatched types
   --> kernel/src/syscalls/security.rs:358:22
    |
358 |           Ok(entry) => {
    |  ______________________^
359 | |             // Copy entry back to user space (same as getpwnam)
360 | |             if pwd_ptr != 0 {
361 | |                 let entry_data = unsafe { 
...   |
437 | |             Ok(0);
    | |                  - help: remove this semicolon to return this value
438 | |         }
    | |_________^ expected `Result<u64, SyscallError>`, found `()`
    |
    = note:   expected enum `core::result::Result<u64, SyscallError>`
            found unit type `()`

error[E0308]: mismatched types
   --> kernel/src/syscalls/security.rs:498:22
    |
498 |           Ok(entry) => {
    |  ______________________^
499 | |             // Copy entry back to user space
500 | |             if grp_ptr != 0 {
501 | |                 let entry_data = unsafe { 
...   |
556 | |             Ok(0);
    | |                  - help: remove this semicolon to return this value
557 | |         }
    | |_________^ expected `Result<u64, SyscallError>`, found `()`
    |
    = note:   expected enum `core::result::Result<u64, SyscallError>`
            found unit type `()`

error[E0308]: mismatched types
   --> kernel/src/syscalls/security.rs:598:22
    |
598 |           Ok(entry) => {
    |  ______________________^
599 | |             // Copy entry back to user space (same as getgrnam)
600 | |             if grp_ptr != 0 {
601 | |                 let entry_data = unsafe { 
...   |
656 | |             Ok(0);
    | |                  - help: remove this semicolon to return this value
657 | |         }
    | |_________^ expected `Result<u64, SyscallError>`, found `()`
    |
    = note:   expected enum `core::result::Result<u64, SyscallError>`
            found unit type `()`

error[E0061]: this function takes 2 arguments but 1 argument was supplied
   --> kernel/src/syscalls/security.rs:676:11
    |
676 |     match setuid(uid) {
    |           ^^^^^^----- argument #2 of type `u32` is missing
    |
note: function defined here
   --> kernel/src/posix/security.rs:513:8
    |
513 | pub fn setuid(ruid: Uid, euid: Uid) -> Result<(), SecurityError> {
    |        ^^^^^^            ---------
help: provide the argument
    |
676 |     match setuid(uid, /* u32 */) {
    |                     +++++++++++

error[E0061]: this function takes 2 arguments but 1 argument was supplied
   --> kernel/src/syscalls/security.rs:697:11
    |
697 |     match setgid(gid) {
    |           ^^^^^^----- argument #2 of type `u32` is missing
    |
note: function defined here
   --> kernel/src/posix/security.rs:536:8
    |
536 | pub fn setgid(rgid: Gid, egid: Gid) -> Result<(), SecurityError> {
    |        ^^^^^^            ---------
help: provide the argument
    |
697 |     match setgid(gid, /* u32 */) {
    |                     +++++++++++

error[E0308]: mismatched types
   --> kernel/src/syscalls/mod.rs:853:21
    |
852 |                 return match fast_path_batch(args) {
    |                              --------------------- this expression has type `Option<core::result::Result<u64, SyscallError>>`
853 |                     Ok(value) => value as isize,
    |                     ^^^^^^^^^ expected `Option<Result<u64, SyscallError>>`, found `Result<_, _>`
    |
    = note: expected enum `Option<core::result::Result<u64, SyscallError>>`
               found enum `core::result::Result<_, _>`
help: try wrapping the pattern in `core::prelude::v1::Some`
    |
853 |                     core::prelude::v1::Some(Ok(value)) => value as isize,
    |                     ++++++++++++++++++++++++         +

error[E0308]: mismatched types
   --> kernel/src/syscalls/mod.rs:854:21
    |
852 |                 return match fast_path_batch(args) {
    |                              --------------------- this expression has type `Option<core::result::Result<u64, SyscallError>>`
853 |                     Ok(value) => value as isize,
854 |                     Err(error) => -(syscall_error_to_errno(error) as isize),
    |                     ^^^^^^^^^^ expected `Option<Result<u64, SyscallError>>`, found `Result<_, _>`
    |
    = note: expected enum `Option<core::result::Result<u64, SyscallError>>`
               found enum `core::result::Result<_, _>`
help: try wrapping the pattern in `core::prelude::v1::Some`
    |
854 |                     core::prelude::v1::Some(Err(error)) => -(syscall_error_to_errno(error) as isize),
    |                     ++++++++++++++++++++++++          +

error[E0560]: struct `BatchConfig` has no field named `enable_parallel_execution`
    --> kernel/src/syscalls/mod.rs:1026:13
     |
1026 |             enable_parallel_execution: false, // Disabled for now
     |             ^^^^^^^^^^^^^^^^^^^^^^^^^ `BatchConfig` does not have this field
     |
     = note: available fields are: `enable_auto_batching`, `default_timeout_ms`, `enable_stats`

error[E0560]: struct `BatchConfig` has no field named `timeout_ms`
    --> kernel/src/syscalls/mod.rs:1027:13
     |
1027 |             timeout_ms: 1000,
     |             ^^^^^^^^^^ `BatchConfig` does not have this field
     |
     = note: available fields are: `enable_auto_batching`, `default_timeout_ms`, `enable_stats`

error[E0308]: mismatched types
    --> kernel/src/syscalls/mod.rs:1031:13
     |
1030 |         match BatchProcessor::new(config) {
     |               --------------------------- this expression has type `BatchProcessor`
1031 |             Ok(processor) => {
     |             ^^^^^^^^^^^^^ expected `BatchProcessor`, found `Result<_, _>`
     |
     = note: expected struct `BatchProcessor`
                  found enum `core::result::Result<_, _>`

error[E0308]: mismatched types
    --> kernel/src/syscalls/mod.rs:1034:13
     |
1030 |         match BatchProcessor::new(config) {
     |               --------------------------- this expression has type `BatchProcessor`
...
1034 |             Err(_) => {
     |             ^^^^^^ expected `BatchProcessor`, found `Result<_, _>`
     |
     = note: expected struct `BatchProcessor`
                  found enum `core::result::Result<_, _>`

error[E0433]: failed to resolve: use of unresolved module or unlinked crate `bincode`
    --> kernel/src/syscalls/mod.rs:1058:31
     |
1058 |     let batch_request = match bincode::deserialize::<BatchRequest>(&batch_req_data) {
     |                               ^^^^^^^ use of unresolved module or unlinked crate `bincode`
     |
     = help: if you wanted to use a crate named `bincode`, use `cargo add bincode` to add it to your `Cargo.toml`

error[E0433]: failed to resolve: use of unresolved module or unlinked crate `bincode`
    --> kernel/src/syscalls/mod.rs:1067:31
     |
1067 |     let response_data = match bincode::serialize(&batch_response) {
     |                               ^^^^^^^ use of unresolved module or unlinked crate `bincode`
     |
     = help: if you wanted to use a crate named `bincode`, use `cargo add bincode` to add it to your `Cargo.toml`

error[E0277]: the trait bound `AtomicUsize: Clone` is not satisfied
  --> kernel/src/process/lock_optimized.rs:18:5
   |
15 | #[derive(Debug, Clone)]
   |                 ----- in this derive macro expansion
...
18 |     pub read_lock_acquires: AtomicUsize,
   |     ^^^^^^^^^^^^^^^^^^^^^^^^^^^^^^^^^^^ the trait `Clone` is not implemented for `AtomicUsize`

error[E0277]: the trait bound `AtomicUsize: Clone` is not satisfied
  --> kernel/src/process/lock_optimized.rs:20:5
   |
15 | #[derive(Debug, Clone)]
   |                 ----- in this derive macro expansion
...
20 |     pub write_lock_acquires: AtomicUsize,
   |     ^^^^^^^^^^^^^^^^^^^^^^^^^^^^^^^^^^^^ the trait `Clone` is not implemented for `AtomicUsize`

error[E0277]: the trait bound `AtomicUsize: Clone` is not satisfied
  --> kernel/src/process/lock_optimized.rs:22:5
   |
15 | #[derive(Debug, Clone)]
   |                 ----- in this derive macro expansion
...
22 |     pub read_lock_releases: AtomicUsize,
   |     ^^^^^^^^^^^^^^^^^^^^^^^^^^^^^^^^^^^ the trait `Clone` is not implemented for `AtomicUsize`

error[E0277]: the trait bound `AtomicUsize: Clone` is not satisfied
  --> kernel/src/process/lock_optimized.rs:24:5
   |
15 | #[derive(Debug, Clone)]
   |                 ----- in this derive macro expansion
...
24 |     pub write_lock_releases: AtomicUsize,
   |     ^^^^^^^^^^^^^^^^^^^^^^^^^^^^^^^^^^^^ the trait `Clone` is not implemented for `AtomicUsize`

error[E0277]: the trait bound `AtomicUsize: Clone` is not satisfied
  --> kernel/src/process/lock_optimized.rs:26:5
   |
15 | #[derive(Debug, Clone)]
   |                 ----- in this derive macro expansion
...
26 |     pub contentions: AtomicUsize,
   |     ^^^^^^^^^^^^^^^^^^^^^^^^^^^^ the trait `Clone` is not implemented for `AtomicUsize`

error[E0277]: the trait bound `AtomicUsize: Clone` is not satisfied
  --> kernel/src/process/lock_optimized.rs:28:5
   |
15 | #[derive(Debug, Clone)]
   |                 ----- in this derive macro expansion
...
28 |     pub avg_wait_time_ns: AtomicUsize,
   |     ^^^^^^^^^^^^^^^^^^^^^^^^^^^^^^^^^ the trait `Clone` is not implemented for `AtomicUsize`

error[E0277]: the trait bound `AtomicUsize: Clone` is not satisfied
  --> kernel/src/process/lock_optimized.rs:30:5
   |
15 | #[derive(Debug, Clone)]
   |                 ----- in this derive macro expansion
...
30 |     pub max_wait_time_ns: AtomicUsize,
   |     ^^^^^^^^^^^^^^^^^^^^^^^^^^^^^^^^^ the trait `Clone` is not implemented for `AtomicUsize`

error[E0061]: this method takes 4 arguments but 3 arguments were supplied
   --> kernel/src/process/lock_optimized.rs:355:42
    |
355 |         if self.lock_upgrade_in_progress.compare_exchange(false, true, Ordering::Acquire) != Ok(false) {
    |                                          ^^^^^^^^^^^^^^^^-------------------------------- argument #4 of type `core::sync::atomic::Ordering` is missing
    |
note: method defined here
   --> /Users/didi/.rustup/toolchains/nightly-aarch64-apple-darwin/lib/rustlib/src/rust/library/core/src/sync/atomic.rs:916:12
    |
916 |     pub fn compare_exchange(
    |            ^^^^^^^^^^^^^^^^
help: provide the argument
    |
355 |         if self.lock_upgrade_in_progress.compare_exchange(false, true, Ordering::Acquire, /* core::sync::atomic::Ordering */) != Ok(false) {
    |                                                                                         ++++++++++++++++++++++++++++++++++++

error[E0599]: no method named `build_hasher` found for struct `DefaultHasherBuilder` in the current scope
   --> kernel/src/error_handling/unified_error.rs:926:51
    |
926 |             let mut hasher = DefaultHasherBuilder.build_hasher();
    |                                                   ^^^^^^^^^^^^ method not found in `DefaultHasherBuilder`
    |
   ::: /Users/didi/.rustup/toolchains/nightly-aarch64-apple-darwin/lib/rustlib/src/rust/library/core/src/hash/mod.rs:657:8
    |
657 |     fn build_hasher(&self) -> Self::Hasher;
    |        ------------ the method is available for `DefaultHasherBuilder` here
    |
   ::: kernel/src/compat/mod.rs:33:1
    |
 33 | pub struct DefaultHasherBuilder;
    | ------------------------------- method `build_hasher` not found for this struct
    |
    = help: items from traits can only be used if the trait is in scope
help: trait `BuildHasher` which provides `build_hasher` is implemented but not in scope; perhaps you want to import it
    |
  6 + use core::hash::BuildHasher;
    |

error[E0308]: mismatched types
   --> kernel/src/error_handling/unified_error.rs:980:31
    |
980 |                 impact_scope: ImpactScope::Local,
    |                               ^^^^^^^^^^^^^^^^^^ expected `error_classifier::ImpactScope`, found `error_handling_traits::ImpactScope`
    |
    = note: `error_handling_traits::ImpactScope` and `error_classifier::ImpactScope` have similar names, but are actually distinct types
note: `error_handling_traits::ImpactScope` is defined in module `crate::error_handling::error_handling_traits` of the current crate
   --> kernel/src/error_handling/error_handling_traits.rs:233:1
    |
233 | pub enum ImpactScope {
    | ^^^^^^^^^^^^^^^^^^^^
note: `error_classifier::ImpactScope` is defined in module `crate::error_handling::error_classifier` of the current crate
   --> kernel/src/error_handling/error_classifier.rs:161:1
    |
161 | pub enum ImpactScope {
    | ^^^^^^^^^^^^^^^^^^^^

error[E0277]: the trait bound `ErrorRateTrend: Default` is not satisfied
   --> kernel/src/error_handling/unified_engine.rs:282:5
    |
273 | #[derive(Debug, Clone, Default)]
    |                        ------- in this derive macro expansion
...
282 |     pub error_rate_trend: ErrorRateTrend,
    |     ^^^^^^^^^^^^^^^^^^^^^^^^^^^^^^^^^^^^ unsatisfied trait bound
    |
help: the trait `Default` is not implemented for `ErrorRateTrend`
   --> kernel/src/error_handling/unified_engine.rs:293:1
    |
293 | pub enum ErrorRateTrend {
    | ^^^^^^^^^^^^^^^^^^^^^^^

error[E0609]: no field `source` on type `BasicContext`
   --> kernel/src/error_handling/unified_engine.rs:861:71
    |
861 |         let metadata = error.generate_metadata(&context.basic_context.source);
    |                                                                       ^^^^^^ unknown field
    |
    = note: available fields are: `timestamp`, `process_id`, `thread_id`, `cpu_id`, `error_message`, `error_description`

error[E0308]: mismatched types
   --> kernel/src/error_handling/unified_engine.rs:865:19
    |
865 |             code: metadata.error_id,
    |                   ^^^^^^^^^^^^^^^^^ expected `u32`, found `u64`

error[E0609]: no field `source` on type `BasicContext`
   --> kernel/src/error_handling/unified_engine.rs:872:43
    |
872 |             source: context.basic_context.source.clone(),
    |                                           ^^^^^^ unknown field
    |
    = note: available fields are: `timestamp`, `process_id`, `thread_id`, `cpu_id`, `error_message`, `error_description`

error[E0599]: `error_handling::ErrorType` doesn't implement `Display`
    --> kernel/src/error_handling/unified_engine.rs:1053:61
     |
1053 |         *stats.errors_by_type.entry(error_record.error_type.to_string()).or_insert(0) += 1;
     |                                                             ^^^^^^^^^ method cannot be called on `error_handling::ErrorType` due to unsatisfied trait bounds
     |
    ::: kernel/src/error_handling/mod.rs:117:1
     |
 117 | pub enum ErrorType {
     | ------------------ method `to_string` not found for this enum because it doesn't satisfy `error_handling::ErrorType: Display` or `error_handling::ErrorType: ToString`
     |
     = note: the following trait bounds were not satisfied:
             `error_handling::ErrorType: Display`
             which is required by `error_handling::ErrorType: ToString`
note: the trait `Display` must be implemented
    --> /Users/didi/.rustup/toolchains/nightly-aarch64-apple-darwin/lib/rustlib/src/rust/library/core/src/fmt/mod.rs:1186:1
     |
1186 | pub trait Display: PointeeSized {
     | ^^^^^^^^^^^^^^^^^^^^^^^^^^^^^^^
     = help: items from traits can only be used if the trait is implemented and in scope
     = note: the following trait defines an item `to_string`, perhaps you need to implement it:
             candidate #1: `ToString`

error[E0609]: no field `priority` on type `&error_handling::ErrorRecord`
    --> kernel/src/error_handling/unified_engine.rs:1056:54
     |
1056 |         *stats.errors_by_priority.entry(error_record.priority).or_insert(0) += 1;
     |                                                      ^^^^^^^^ unknown field
     |
     = note: available fields are: `id`, `code`, `error_type`, `category`, `severity` ... and 15 others

error[E0599]: `error_handling::ErrorType` doesn't implement `Display`
    --> kernel/src/error_handling/unified_engine.rs:1162:59
     |
1162 |         *bucket.error_types.entry(error_record.error_type.to_string()).or_insert(0) += 1;
     |                                                           ^^^^^^^^^ method cannot be called on `error_handling::ErrorType` due to unsatisfied trait bounds
     |
    ::: kernel/src/error_handling/mod.rs:117:1
     |
 117 | pub enum ErrorType {
     | ------------------ method `to_string` not found for this enum because it doesn't satisfy `error_handling::ErrorType: Display` or `error_handling::ErrorType: ToString`
     |
     = note: the following trait bounds were not satisfied:
             `error_handling::ErrorType: Display`
             which is required by `error_handling::ErrorType: ToString`
note: the trait `Display` must be implemented
    --> /Users/didi/.rustup/toolchains/nightly-aarch64-apple-darwin/lib/rustlib/src/rust/library/core/src/fmt/mod.rs:1186:1
     |
1186 | pub trait Display: PointeeSized {
     | ^^^^^^^^^^^^^^^^^^^^^^^^^^^^^^^
     = help: items from traits can only be used if the trait is implemented and in scope
     = note: the following trait defines an item `to_string`, perhaps you need to implement it:
             candidate #1: `ToString`

error[E0609]: no field `score` on type `unified_engine::HealthStatus`
    --> kernel/src/error_handling/unified_engine.rs:1212:86
     |
1212 |         self.monitoring_stats.health_score_history.push((current_time, health_status.score));
     |                                                                                      ^^^^^ unknown field

error[E0277]: the trait bound `f64: core::cmp::Eq` is not satisfied
   --> kernel/src/error_handling/error_prediction.rs:41:5
    |
 24 | #[derive(Debug, Clone, PartialEq, Eq)]
    |                                   -- in this derive macro expansion
...
 41 |     pub accuracy: f64,
    |     ^^^^^^^^^^^^^^^^^ the trait `core::cmp::Eq` is not implemented for `f64`
    |
    = help: the following other types implement trait `core::cmp::Eq`:
              i128
              i16
              i32
              i64
              i8
              isize
              u128
              u16
            and 4 others
note: required by a bound in `AssertParamIsEq`
   --> /Users/didi/.rustup/toolchains/nightly-aarch64-apple-darwin/lib/rustlib/src/rust/library/core/src/cmp.rs:367:31
    |
367 | pub struct AssertParamIsEq<T: Eq + PointeeSized> {
    |                               ^^ required by this bound in `AssertParamIsEq`

error[E0277]: the trait bound `f64: core::cmp::Eq` is not satisfied
   --> kernel/src/error_handling/error_prediction.rs:55:9
    |
 51 | #[derive(Debug, Clone, PartialEq, Eq)]
    |                                   -- in this derive macro expansion
...
 55 |         threshold: f64,
    |         ^^^^^^^^^^^^^^ the trait `core::cmp::Eq` is not implemented for `f64`
    |
    = help: the following other types implement trait `core::cmp::Eq`:
              i128
              i16
              i32
              i64
              i8
              isize
              u128
              u16
            and 4 others
note: required by a bound in `AssertParamIsEq`
   --> /Users/didi/.rustup/toolchains/nightly-aarch64-apple-darwin/lib/rustlib/src/rust/library/core/src/cmp.rs:367:31
    |
367 | pub struct AssertParamIsEq<T: Eq + PointeeSized> {
    |                               ^^ required by this bound in `AssertParamIsEq`

error[E0277]: the trait bound `f64: core::cmp::Eq` is not satisfied
   --> kernel/src/error_handling/error_prediction.rs:116:9
    |
105 | #[derive(Debug, Clone, PartialEq, Eq)]
    |                                   -- in this derive macro expansion
...
116 |         threshold: f64,
    |         ^^^^^^^^^^^^^^ the trait `core::cmp::Eq` is not implemented for `f64`
    |
    = help: the following other types implement trait `core::cmp::Eq`:
              i128
              i16
              i32
              i64
              i8
              isize
              u128
              u16
            and 4 others
note: required by a bound in `AssertParamIsEq`
   --> /Users/didi/.rustup/toolchains/nightly-aarch64-apple-darwin/lib/rustlib/src/rust/library/core/src/cmp.rs:367:31
    |
367 | pub struct AssertParamIsEq<T: Eq + PointeeSized> {
    |                               ^^ required by this bound in `AssertParamIsEq`

error[E0308]: mismatched types
   --> kernel/src/error_handling/error_prediction.rs:544:33
    |
544 |                 current_hour >= *start_hour && current_hour <= *end_hour
    |                 ------------    ^^^^^^^^^^^ expected `u64`, found `u8`
    |                 |
    |                 expected because this is `u64`
    |
help: you can convert a `u8` to a `u64`
    |
544 |                 current_hour >= (*start_hour).into() && current_hour <= *end_hour
    |                                 +           ++++++++

error[E0308]: mismatched types
   --> kernel/src/error_handling/error_prediction.rs:544:64
    |
544 |                 current_hour >= *start_hour && current_hour <= *end_hour
    |                                                ------------    ^^^^^^^^^ expected `u64`, found `u8`
    |                                                |
    |                                                expected because this is `u64`
    |
help: you can convert a `u8` to a `u64`
    |
544 |                 current_hour >= *start_hour && current_hour <= (*end_hour).into()
    |                                                                +         ++++++++

error[E0277]: the trait bound `f64: core::cmp::Eq` is not satisfied
   --> kernel/src/error_handling/self_healing.rs:135:9
    |
121 | #[derive(Debug, Clone, Copy, PartialEq, Eq)]
    |                                         -- in this derive macro expansion
...
135 |         threshold: f64,
    |         ^^^^^^^^^^^^^^ the trait `core::cmp::Eq` is not implemented for `f64`
    |
    = help: the following other types implement trait `core::cmp::Eq`:
              i128
              i16
              i32
              i64
              i8
              isize
              u128
              u16
            and 4 others
note: required by a bound in `AssertParamIsEq`
   --> /Users/didi/.rustup/toolchains/nightly-aarch64-apple-darwin/lib/rustlib/src/rust/library/core/src/cmp.rs:367:31
    |
367 | pub struct AssertParamIsEq<T: Eq + PointeeSized> {
    |                               ^^ required by this bound in `AssertParamIsEq`

error[E0599]: no method named `error_type` found for reference `&UnifiedError` in the current scope
   --> kernel/src/error_handling/error_handling_traits.rs:435:66
    |
435 |             if diagnoser.supported_error_types().contains(&error.error_type()) {
    |                                                                  ^^^^^^^^^^
    |
help: there is a method `error_type_name` with a similar name
    |
435 |             if diagnoser.supported_error_types().contains(&error.error_type_name()) {
    |                                                                            +++++

error[E0599]: no method named `error_type` found for reference `&UnifiedError` in the current scope
   --> kernel/src/error_handling/error_handling_traits.rs:444:61
    |
444 |             root_cause: format!("Error of type {:?}", error.error_type()),
    |                                                             ^^^^^^^^^^
    |
help: there is a method `error_type_name` with a similar name
    |
444 |             root_cause: format!("Error of type {:?}", error.error_type_name()),
    |                                                                       +++++

error[E0599]: no method named `error_code` found for reference `&UnifiedError` in the current scope
   --> kernel/src/error_handling/error_handling_traits.rs:480:25
    |
480 |             code: error.error_code(),
    |                         ^^^^^^^^^^ method not found in `&UnifiedError`

error[E0599]: no method named `error_type` found for reference `&UnifiedError` in the current scope
   --> kernel/src/error_handling/error_handling_traits.rs:481:31
    |
481 |             error_type: error.error_type(),
    |                               ^^^^^^^^^^
    |
help: there is a method `error_type_name` with a similar name
    |
481 |             error_type: error.error_type_name(),
    |                                         +++++

error[E0599]: no method named `message` found for reference `&UnifiedError` in the current scope
   --> kernel/src/error_handling/error_handling_traits.rs:485:28
    |
485 |             message: error.message().to_string(),
    |                            ^^^^^^^ method not found in `&UnifiedError`

error[E0277]: `sync::Mutex<VecDeque<posix::advanced_signal::QueuedSignal>>` doesn't implement `Debug`
   --> kernel/src/posix/advanced_signal.rs:67:5
    |
 64 | #[derive(Debug)]
    |          ----- in this derive macro expansion
...
 67 |     pending: Mutex<VecDeque<QueuedSignal>>,
    |     ^^^^^^^^^^^^^^^^^^^^^^^^^^^^^^^^^^^^^^ unsatisfied trait bound
    |
help: the trait `Debug` is not implemented for `sync::Mutex<VecDeque<posix::advanced_signal::QueuedSignal>>`
   --> kernel/src/sync/mod.rs:244:1
    |
244 | pub struct Mutex<T: ?Sized> {
    | ^^^^^^^^^^^^^^^^^^^^^^^^^^^
    = note: add `#[derive(Debug)]` to `sync::Mutex<VecDeque<posix::advanced_signal::QueuedSignal>>` or manually `impl Debug for sync::Mutex<VecDeque<posix::advanced_signal::QueuedSignal>>`

error[E0277]: `sync::Mutex<posix::SigSet>` doesn't implement `Debug`
   --> kernel/src/posix/advanced_signal.rs:69:5
    |
 64 | #[derive(Debug)]
    |          ----- in this derive macro expansion
...
 69 |     sigmask: Mutex<SigSet>,
    |     ^^^^^^^^^^^^^^^^^^^^^^ unsatisfied trait bound
    |
help: the trait `Debug` is not implemented for `sync::Mutex<posix::SigSet>`
   --> kernel/src/sync/mod.rs:244:1
    |
244 | pub struct Mutex<T: ?Sized> {
    | ^^^^^^^^^^^^^^^^^^^^^^^^^^^
    = note: add `#[derive(Debug)]` to `sync::Mutex<posix::SigSet>` or manually `impl Debug for sync::Mutex<posix::SigSet>`

error[E0277]: `sync::Mutex<posix::SigSet>` doesn't implement `Debug`
   --> kernel/src/posix/advanced_signal.rs:313:5
    |
310 | #[derive(Debug)]
    |          ----- in this derive macro expansion
...
313 |     mask: Mutex<SigSet>,
    |     ^^^^^^^^^^^^^^^^^^^ unsatisfied trait bound
    |
help: the trait `Debug` is not implemented for `sync::Mutex<posix::SigSet>`
   --> kernel/src/sync/mod.rs:244:1
    |
244 | pub struct Mutex<T: ?Sized> {
    | ^^^^^^^^^^^^^^^^^^^^^^^^^^^
    = note: add `#[derive(Debug)]` to `sync::Mutex<posix::SigSet>` or manually `impl Debug for sync::Mutex<posix::SigSet>`

error[E0277]: `sync::Mutex<VecDeque<posix::advanced_signal::QueuedSignal>>` doesn't implement `Debug`
   --> kernel/src/posix/advanced_signal.rs:315:5
    |
310 | #[derive(Debug)]
    |          ----- in this derive macro expansion
...
315 |     pending: Mutex<VecDeque<QueuedSignal>>,
    |     ^^^^^^^^^^^^^^^^^^^^^^^^^^^^^^^^^^^^^^ unsatisfied trait bound
    |
help: the trait `Debug` is not implemented for `sync::Mutex<VecDeque<posix::advanced_signal::QueuedSignal>>`
   --> kernel/src/sync/mod.rs:244:1
    |
244 | pub struct Mutex<T: ?Sized> {
    | ^^^^^^^^^^^^^^^^^^^^^^^^^^^
    = note: add `#[derive(Debug)]` to `sync::Mutex<VecDeque<posix::advanced_signal::QueuedSignal>>` or manually `impl Debug for sync::Mutex<VecDeque<posix::advanced_signal::QueuedSignal>>`

error[E0609]: no field `uid` on type `&process::manager::Proc`
   --> kernel/src/posix/advanced_signal.rs:508:14
    |
508 |         proc.uid
    |              ^^^ unknown field
    |
help: a field with a similar name exists
    |
508 -         proc.uid
508 +         proc.pid
    |

error[E0308]: mismatched types
   --> kernel/src/posix/advanced_signal.rs:512:51
    |
512 |     let signal = QueuedSignal::from_sigqueue(sig, current_pid, current_uid, value);
    |                  ---------------------------      ^^^^^^^^^^^ expected `i32`, found `usize`
    |                  |
    |                  arguments to this function are incorrect
    |
note: associated function defined here
   --> kernel/src/posix/advanced_signal.rs:43:12
    |
 43 |     pub fn from_sigqueue(sig: i32, pid: Pid, uid: Uid, value: SigVal) -> Self {
    |            ^^^^^^^^^^^^^           --------
help: you can convert a `usize` to an `i32` and panic if the converted value doesn't fit
    |
512 |     let signal = QueuedSignal::from_sigqueue(sig, current_pid.try_into().unwrap(), current_uid, value);
    |                                                              ++++++++++++++++++++

error[E0308]: mismatched types
   --> kernel/src/posix/advanced_signal.rs:517:38
    |
517 |         registry.get_or_create_queue(pid)
    |                  ------------------- ^^^ expected `usize`, found `i32`
    |                  |
    |                  arguments to this method are incorrect
    |
note: method defined here
   --> kernel/src/posix/advanced_signal.rs:429:12
    |
429 |     pub fn get_or_create_queue(&mut self, pid: ProcessId) -> Arc<SignalQueue> {
    |            ^^^^^^^^^^^^^^^^^^^            --------------
help: you can convert an `i32` to a `usize` and panic if the converted value doesn't fit
    |
517 |         registry.get_or_create_queue(pid.try_into().unwrap())
    |                                         ++++++++++++++++++++

error[E0599]: no method named `find_mut` found for struct `sync::MutexGuard<'_, ProcTable>` in the current scope
   --> kernel/src/posix/advanced_signal.rs:588:33
    |
588 |     let proc = match proc_table.find_mut(pid) {
    |                                 ^^^^^^^^
    |
   ::: kernel/src/sync/mod.rs:310:1
    |
310 | pub struct MutexGuard<'a, T: ?Sized> {
    | ------------------------------------ method `find_mut` not found for this struct
    |
help: there is a method `find` with a similar name
    |
588 -     let proc = match proc_table.find_mut(pid) {
588 +     let proc = match proc_table.find(pid) {
    |

error[E0282]: type annotations needed
   --> kernel/src/posix/advanced_signal.rs:596:20
    |
596 |             *old = alt_stack.as_stackt();
    |                    ^^^^^^^^^ cannot infer type

error[E0599]: no method named `set_mask` found for struct `alloc::sync::Arc<SignalQueue>` in the current scope
   --> kernel/src/posix/advanced_signal.rs:648:17
    |
648 |     thread_mask.set_mask(how, new_mask, old_mask)
    |                 ^^^^^^^^
    |
help: there is a method `set_sigmask` with a similar name, but with different arguments
   --> kernel/src/posix/advanced_signal.rs:155:5
    |
155 |     pub fn set_sigmask(&self, mask: SigSet) {
    |     ^^^^^^^^^^^^^^^^^^^^^^^^^^^^^^^^^^^^^^^

error[E0308]: mismatched types
   --> kernel/src/posix/realtime.rs:408:15
    |
408 |     if pid != current_pid && current_pid != 0 {
    |        ---    ^^^^^^^^^^^ expected `i32`, found `usize`
    |        |
    |        expected because this is `i32`
    |
help: you can convert a `usize` to an `i32` and panic if the converted value doesn't fit
    |
408 |     if pid != current_pid.try_into().unwrap() && current_pid != 0 {
    |                          ++++++++++++++++++++

error[E0308]: mismatched types
   --> kernel/src/posix/realtime.rs:435:15
    |
435 |     if pid != current_pid && current_pid != 0 {
    |        ---    ^^^^^^^^^^^ expected `i32`, found `usize`
    |        |
    |        expected because this is `i32`
    |
help: you can convert a `usize` to an `i32` and panic if the converted value doesn't fit
    |
435 |     if pid != current_pid.try_into().unwrap() && current_pid != 0 {
    |                          ++++++++++++++++++++

error[E0308]: mismatched types
   --> kernel/src/posix/realtime.rs:495:15
    |
495 |     if pid != current_pid && current_pid != 0 {
    |        ---    ^^^^^^^^^^^ expected `i32`, found `usize`
    |        |
    |        expected because this is `i32`
    |
help: you can convert a `usize` to an `i32` and panic if the converted value doesn't fit
    |
495 |     if pid != current_pid.try_into().unwrap() && current_pid != 0 {
    |                          ++++++++++++++++++++

error[E0277]: `sync::Mutex<()>` doesn't implement `Debug`
   --> kernel/src/posix/advanced_thread.rs:189:5
    |
180 | #[derive(Debug)]
    |          ----- in this derive macro expansion
...
189 |     pub mutex: Mutex<()>,
    |     ^^^^^^^^^^^^^^^^^^^^ unsatisfied trait bound
    |
help: the trait `Debug` is not implemented for `sync::Mutex<()>`
   --> kernel/src/sync/mod.rs:244:1
    |
244 | pub struct Mutex<T: ?Sized> {
    | ^^^^^^^^^^^^^^^^^^^^^^^^^^^
    = note: add `#[derive(Debug)]` to `sync::Mutex<()>` or manually `impl Debug for sync::Mutex<()>`

error[E0277]: the trait bound `AtomicU64: Clone` is not satisfied
   --> kernel/src/posix/advanced_thread.rs:395:5
    |
386 | #[derive(Debug, Clone)]
    |                 ----- in this derive macro expansion
...
395 |     pub cpu_time: AtomicU64,
    |     ^^^^^^^^^^^^^^^^^^^^^^^ the trait `Clone` is not implemented for `AtomicU64`

error[E0277]: the trait bound `AtomicU64: Clone` is not satisfied
   --> kernel/src/posix/advanced_thread.rs:397:5
    |
386 | #[derive(Debug, Clone)]
    |                 ----- in this derive macro expansion
...
397 |     pub last_update: AtomicU64,
    |     ^^^^^^^^^^^^^^^^^^^^^^^^^^ the trait `Clone` is not implemented for `AtomicU64`

error[E0599]: no method named `to_string` found for reference `&str` in the current scope
   --> kernel/src/posix/security.rs:105:27
    |
105 |             pw_name: name.to_string(),
    |                           ^^^^^^^^^ method not found in `&str`
    |
    = help: items from traits can only be used if the trait is in scope
help: trait `ToString` which provides `to_string` is implemented but not in scope; perhaps you want to import it
    |
 11 + use crate::alloc::string::ToString;
    |

error[E0599]: no method named `to_string` found for reference `&'static str` in the current scope
   --> kernel/src/posix/security.rs:106:28
    |
106 |             pw_passwd: "x".to_string(), // Shadow password indicator
    |                            ^^^^^^^^^ method not found in `&'static str`
    |
    = help: items from traits can only be used if the trait is in scope
help: trait `ToString` which provides `to_string` is implemented but not in scope; perhaps you want to import it
    |
 11 + use crate::alloc::string::ToString;
    |

error[E0599]: no method named `to_string` found for reference `&'static str` in the current scope
   --> kernel/src/posix/security.rs:109:26
    |
109 |             pw_gecos: "".to_string(),
    |                          ^^^^^^^^^ method not found in `&'static str`
    |
    = help: items from traits can only be used if the trait is in scope
help: trait `ToString` which provides `to_string` is implemented but not in scope; perhaps you want to import it
    |
 11 + use crate::alloc::string::ToString;
    |

error[E0599]: no method named `to_string` found for reference `&'static str` in the current scope
   --> kernel/src/posix/security.rs:111:33
    |
111 |             pw_shell: "/bin/sh".to_string(),
    |                                 ^^^^^^^^^ method not found in `&'static str`
    |
    = help: items from traits can only be used if the trait is in scope
help: trait `ToString` which provides `to_string` is implemented but not in scope; perhaps you want to import it
    |
 11 + use crate::alloc::string::ToString;
    |

error[E0599]: no method named `to_string` found for reference `&str` in the current scope
   --> kernel/src/posix/security.rs:148:27
    |
148 |             gr_name: name.to_string(),
    |                           ^^^^^^^^^ method not found in `&str`
    |
    = help: items from traits can only be used if the trait is in scope
help: trait `ToString` which provides `to_string` is implemented but not in scope; perhaps you want to import it
    |
 11 + use crate::alloc::string::ToString;
    |

error[E0599]: no method named `to_string` found for reference `&'static str` in the current scope
   --> kernel/src/posix/security.rs:149:28
    |
149 |             gr_passwd: "x".to_string(), // Shadow password indicator
    |                            ^^^^^^^^^ method not found in `&'static str`
    |
    = help: items from traits can only be used if the trait is in scope
help: trait `ToString` which provides `to_string` is implemented but not in scope; perhaps you want to import it
    |
 11 + use crate::alloc::string::ToString;
    |

error[E0599]: no method named `to_string` found for reference `&'static str` in the current scope
   --> kernel/src/posix/security.rs:163:34
    |
163 |         entry.gr_mem.push("root".to_string());
    |                                  ^^^^^^^^^ method not found in `&'static str`
    |
    = help: items from traits can only be used if the trait is in scope
help: trait `ToString` which provides `to_string` is implemented but not in scope; perhaps you want to import it
    |
 11 + use crate::alloc::string::ToString;
    |

error[E0599]: no method named `to_string` found for reference `&str` in the current scope
   --> kernel/src/posix/security.rs:174:44
    |
174 |         if !self.gr_mem.contains(&username.to_string()) {
    |                                            ^^^^^^^^^ method not found in `&str`
    |
    = help: items from traits can only be used if the trait is in scope
help: trait `ToString` which provides `to_string` is implemented but not in scope; perhaps you want to import it
    |
 11 + use crate::alloc::string::ToString;
    |

error[E0599]: no method named `to_string` found for reference `&str` in the current scope
   --> kernel/src/posix/security.rs:175:39
    |
175 |             self.gr_mem.push(username.to_string());
    |                                       ^^^^^^^^^ method not found in `&str`
    |
    = help: items from traits can only be used if the trait is in scope
help: trait `ToString` which provides `to_string` is implemented but not in scope; perhaps you want to import it
    |
 11 + use crate::alloc::string::ToString;
    |

error[E0599]: no method named `to_string` found for reference `&'static str` in the current scope
   --> kernel/src/posix/security.rs:315:40
    |
315 |         self.password_db.insert("root".to_string(), PasswdEntry::root());
    |                                        ^^^^^^^^^ method not found in `&'static str`
    |
    = help: items from traits can only be used if the trait is in scope
help: trait `ToString` which provides `to_string` is implemented but not in scope; perhaps you want to import it
    |
 11 + use crate::alloc::string::ToString;
    |

error[E0599]: no method named `to_string` found for reference `&'static str` in the current scope
   --> kernel/src/posix/security.rs:316:41
    |
316 |         self.password_db.insert("guest".to_string(), PasswdEntry::guest());
    |                                         ^^^^^^^^^ method not found in `&'static str`
    |
    = help: items from traits can only be used if the trait is in scope
help: trait `ToString` which provides `to_string` is implemented but not in scope; perhaps you want to import it
    |
 11 + use crate::alloc::string::ToString;
    |

error[E0599]: no method named `to_string` found for reference `&'static str` in the current scope
   --> kernel/src/posix/security.rs:317:42
    |
317 |         self.password_db.insert("nobody".to_string(), PasswdEntry::nobody());
    |                                          ^^^^^^^^^ method not found in `&'static str`
    |
    = help: items from traits can only be used if the trait is in scope
help: trait `ToString` which provides `to_string` is implemented but not in scope; perhaps you want to import it
    |
 11 + use crate::alloc::string::ToString;
    |

error[E0599]: no method named `to_string` found for reference `&'static str` in the current scope
   --> kernel/src/posix/security.rs:320:37
    |
320 |         self.group_db.insert("root".to_string(), GroupEntry::root());
    |                                     ^^^^^^^^^ method not found in `&'static str`
    |
    = help: items from traits can only be used if the trait is in scope
help: trait `ToString` which provides `to_string` is implemented but not in scope; perhaps you want to import it
    |
 11 + use crate::alloc::string::ToString;
    |

error[E0599]: no method named `to_string` found for reference `&'static str` in the current scope
   --> kernel/src/posix/security.rs:321:38
    |
321 |         self.group_db.insert("wheel".to_string(), GroupEntry::wheel());
    |                                      ^^^^^^^^^ method not found in `&'static str`
    |
    = help: items from traits can only be used if the trait is in scope
help: trait `ToString` which provides `to_string` is implemented but not in scope; perhaps you want to import it
    |
 11 + use crate::alloc::string::ToString;
    |

error[E0599]: no method named `to_string` found for reference `&'static str` in the current scope
   --> kernel/src/posix/security.rs:322:40
    |
322 |         self.group_db.insert("nogroup".to_string(), GroupEntry::nobody());
    |                                        ^^^^^^^^^ method not found in `&'static str`
    |
    = help: items from traits can only be used if the trait is in scope
help: trait `ToString` which provides `to_string` is implemented but not in scope; perhaps you want to import it
    |
 11 + use crate::alloc::string::ToString;
    |

error[E0599]: no method named `to_string` found for reference `&str` in the current scope
   --> kernel/src/posix/security.rs:362:36
    |
362 |         self.password_db.get(&name.to_string())
    |                                    ^^^^^^^^^ method not found in `&str`
    |
    = help: items from traits can only be used if the trait is in scope
help: trait `ToString` which provides `to_string` is implemented but not in scope; perhaps you want to import it
    |
 11 + use crate::alloc::string::ToString;
    |

error[E0599]: no method named `to_string` found for reference `&str` in the current scope
   --> kernel/src/posix/security.rs:372:33
    |
372 |         self.group_db.get(&name.to_string())
    |                                 ^^^^^^^^^ method not found in `&str`
    |
    = help: items from traits can only be used if the trait is in scope
help: trait `ToString` which provides `to_string` is implemented but not in scope; perhaps you want to import it
    |
 11 + use crate::alloc::string::ToString;
    |

error[E0308]: mismatched types
   --> kernel/src/posix/security.rs:454:15
    |
454 |     if pid != current_pid {
    |        ---    ^^^^^^^^^^^ expected `i32`, found `usize`
    |        |
    |        expected because this is `i32`
    |
help: you can convert a `usize` to an `i32` and panic if the converted value doesn't fit
    |
454 |     if pid != current_pid.try_into().unwrap() {
    |                          ++++++++++++++++++++

error[E0308]: mismatched types
   --> kernel/src/posix/security.rs:455:62
    |
455 |         let current_creds = registry.get_process_credentials(current_pid)
    |                                      ----------------------- ^^^^^^^^^^^ expected `i32`, found `usize`
    |                                      |
    |                                      arguments to this method are incorrect
    |
note: method defined here
   --> kernel/src/posix/security.rs:342:12
    |
342 |     pub fn get_process_credentials(&self, pid: Pid) -> Option<&ProcessCredentials> {
    |            ^^^^^^^^^^^^^^^^^^^^^^^        --------
help: you can convert a `usize` to an `i32` and panic if the converted value doesn't fit
    |
455 |         let current_creds = registry.get_process_credentials(current_pid.try_into().unwrap())
    |                                                                         ++++++++++++++++++++

error[E0308]: mismatched types
   --> kernel/src/posix/security.rs:522:62
    |
522 |     let creds = if registry.process_credentials.contains_key(&current_pid) {
    |                                                 ------------ ^^^^^^^^^^^^ expected `&i32`, found `&usize`
    |                                                 |
    |                                                 arguments to this method are incorrect
    |
    = note: expected reference `&i32`
               found reference `&usize`
note: method defined here
   --> /Users/didi/.rustup/toolchains/nightly-aarch64-apple-darwin/lib/rustlib/src/rust/library/alloc/src/collections/btree/map.rs:980:12
    |
980 |     pub fn contains_key<Q: ?Sized>(&self, key: &Q) -> bool
    |            ^^^^^^^^^^^^

error[E0308]: mismatched types
    --> kernel/src/posix/security.rs:523:46
     |
 523 |         registry.process_credentials.get_mut(&current_pid).unwrap()
     |                                      ------- ^^^^^^^^^^^^ expected `&i32`, found `&usize`
     |                                      |
     |                                      arguments to this method are incorrect
     |
     = note: expected reference `&i32`
                found reference `&usize`
note: method defined here
    --> /Users/didi/.rustup/toolchains/nightly-aarch64-apple-darwin/lib/rustlib/src/rust/library/alloc/src/collections/btree/map.rs:1007:12
     |
1007 |     pub fn get_mut<Q: ?Sized>(&mut self, key: &Q) -> Option<&mut V>
     |            ^^^^^^^

error[E0308]: mismatched types
   --> kernel/src/posix/security.rs:527:42
    |
527 |         registry.set_process_credentials(current_pid, creds).unwrap();
    |                  ----------------------- ^^^^^^^^^^^ expected `i32`, found `usize`
    |                  |
    |                  arguments to this method are incorrect
    |
note: method defined here
   --> kernel/src/posix/security.rs:347:12
    |
347 |     pub fn set_process_credentials(&mut self, pid: Pid, creds: ProcessCredentials) -> Result<(), SecurityError> {
    |            ^^^^^^^^^^^^^^^^^^^^^^^            --------
help: you can convert a `usize` to an `i32` and panic if the converted value doesn't fit
    |
527 |         registry.set_process_credentials(current_pid.try_into().unwrap(), creds).unwrap();
    |                                                     ++++++++++++++++++++

error[E0308]: `if` and `else` have incompatible types
   --> kernel/src/posix/security.rs:528:9
    |
522 |       let creds = if registry.process_credentials.contains_key(&current_pid) {
    |  _________________-
523 | |         registry.process_credentials.get_mut(&current_pid).unwrap()
    | |         ----------------------------------------------------------- expected because of this
524 | |     } else {
525 | |         let mut creds = ProcessCredentials::new();
...   |
528 | |         creds
    | |         ^^^^^ expected `&mut ProcessCredentials`, found `ProcessCredentials`
529 | |     };
    | |_____- `if` and `else` have incompatible types
    |
help: consider mutably borrowing here
    |
528 |         &mut creds
    |         ++++

error[E0308]: mismatched types
   --> kernel/src/posix/security.rs:545:62
    |
545 |     let creds = if registry.process_credentials.contains_key(&current_pid) {
    |                                                 ------------ ^^^^^^^^^^^^ expected `&i32`, found `&usize`
    |                                                 |
    |                                                 arguments to this method are incorrect
    |
    = note: expected reference `&i32`
               found reference `&usize`
note: method defined here
   --> /Users/didi/.rustup/toolchains/nightly-aarch64-apple-darwin/lib/rustlib/src/rust/library/alloc/src/collections/btree/map.rs:980:12
    |
980 |     pub fn contains_key<Q: ?Sized>(&self, key: &Q) -> bool
    |            ^^^^^^^^^^^^

error[E0308]: mismatched types
    --> kernel/src/posix/security.rs:546:46
     |
 546 |         registry.process_credentials.get_mut(&current_pid).unwrap()
     |                                      ------- ^^^^^^^^^^^^ expected `&i32`, found `&usize`
     |                                      |
     |                                      arguments to this method are incorrect
     |
     = note: expected reference `&i32`
                found reference `&usize`
note: method defined here
    --> /Users/didi/.rustup/toolchains/nightly-aarch64-apple-darwin/lib/rustlib/src/rust/library/alloc/src/collections/btree/map.rs:1007:12
     |
1007 |     pub fn get_mut<Q: ?Sized>(&mut self, key: &Q) -> Option<&mut V>
     |            ^^^^^^^

error[E0308]: mismatched types
   --> kernel/src/posix/security.rs:550:42
    |
550 |         registry.set_process_credentials(current_pid, creds).unwrap();
    |                  ----------------------- ^^^^^^^^^^^ expected `i32`, found `usize`
    |                  |
    |                  arguments to this method are incorrect
    |
note: method defined here
   --> kernel/src/posix/security.rs:347:12
    |
347 |     pub fn set_process_credentials(&mut self, pid: Pid, creds: ProcessCredentials) -> Result<(), SecurityError> {
    |            ^^^^^^^^^^^^^^^^^^^^^^^            --------
help: you can convert a `usize` to an `i32` and panic if the converted value doesn't fit
    |
550 |         registry.set_process_credentials(current_pid.try_into().unwrap(), creds).unwrap();
    |                                                     ++++++++++++++++++++

error[E0308]: `if` and `else` have incompatible types
   --> kernel/src/posix/security.rs:551:9
    |
545 |       let creds = if registry.process_credentials.contains_key(&current_pid) {
    |  _________________-
546 | |         registry.process_credentials.get_mut(&current_pid).unwrap()
    | |         ----------------------------------------------------------- expected because of this
547 | |     } else {
548 | |         let mut creds = ProcessCredentials::new();
...   |
551 | |         creds
    | |         ^^^^^ expected `&mut ProcessCredentials`, found `ProcessCredentials`
552 | |     };
    | |_____- `if` and `else` have incompatible types
    |
help: consider mutably borrowing here
    |
551 |         &mut creds
    |         ++++

error[E0308]: mismatched types
   --> kernel/src/posix/security.rs:568:62
    |
568 |     let creds = if registry.process_credentials.contains_key(&current_pid) {
    |                                                 ------------ ^^^^^^^^^^^^ expected `&i32`, found `&usize`
    |                                                 |
    |                                                 arguments to this method are incorrect
    |
    = note: expected reference `&i32`
               found reference `&usize`
note: method defined here
   --> /Users/didi/.rustup/toolchains/nightly-aarch64-apple-darwin/lib/rustlib/src/rust/library/alloc/src/collections/btree/map.rs:980:12
    |
980 |     pub fn contains_key<Q: ?Sized>(&self, key: &Q) -> bool
    |            ^^^^^^^^^^^^

error[E0308]: mismatched types
    --> kernel/src/posix/security.rs:569:46
     |
 569 |         registry.process_credentials.get_mut(&current_pid).unwrap()
     |                                      ------- ^^^^^^^^^^^^ expected `&i32`, found `&usize`
     |                                      |
     |                                      arguments to this method are incorrect
     |
     = note: expected reference `&i32`
                found reference `&usize`
note: method defined here
    --> /Users/didi/.rustup/toolchains/nightly-aarch64-apple-darwin/lib/rustlib/src/rust/library/alloc/src/collections/btree/map.rs:1007:12
     |
1007 |     pub fn get_mut<Q: ?Sized>(&mut self, key: &Q) -> Option<&mut V>
     |            ^^^^^^^

error[E0308]: mismatched types
   --> kernel/src/posix/security.rs:573:42
    |
573 |         registry.set_process_credentials(current_pid, creds).unwrap();
    |                  ----------------------- ^^^^^^^^^^^ expected `i32`, found `usize`
    |                  |
    |                  arguments to this method are incorrect
    |
note: method defined here
   --> kernel/src/posix/security.rs:347:12
    |
347 |     pub fn set_process_credentials(&mut self, pid: Pid, creds: ProcessCredentials) -> Result<(), SecurityError> {
    |            ^^^^^^^^^^^^^^^^^^^^^^^            --------
help: you can convert a `usize` to an `i32` and panic if the converted value doesn't fit
    |
573 |         registry.set_process_credentials(current_pid.try_into().unwrap(), creds).unwrap();
    |                                                     ++++++++++++++++++++

error[E0308]: `if` and `else` have incompatible types
   --> kernel/src/posix/security.rs:574:9
    |
568 |       let creds = if registry.process_credentials.contains_key(&current_pid) {
    |  _________________-
569 | |         registry.process_credentials.get_mut(&current_pid).unwrap()
    | |         ----------------------------------------------------------- expected because of this
570 | |     } else {
571 | |         let mut creds = ProcessCredentials::new();
...   |
574 | |         creds
    | |         ^^^^^ expected `&mut ProcessCredentials`, found `ProcessCredentials`
575 | |     };
    | |_____- `if` and `else` have incompatible types
    |
help: consider mutably borrowing here
    |
574 |         &mut creds
    |         ++++

error[E0308]: mismatched types
   --> kernel/src/posix/security.rs:591:62
    |
591 |     let creds = if registry.process_credentials.contains_key(&current_pid) {
    |                                                 ------------ ^^^^^^^^^^^^ expected `&i32`, found `&usize`
    |                                                 |
    |                                                 arguments to this method are incorrect
    |
    = note: expected reference `&i32`
               found reference `&usize`
note: method defined here
   --> /Users/didi/.rustup/toolchains/nightly-aarch64-apple-darwin/lib/rustlib/src/rust/library/alloc/src/collections/btree/map.rs:980:12
    |
980 |     pub fn contains_key<Q: ?Sized>(&self, key: &Q) -> bool
    |            ^^^^^^^^^^^^

error[E0308]: mismatched types
    --> kernel/src/posix/security.rs:592:46
     |
 592 |         registry.process_credentials.get_mut(&current_pid).unwrap()
     |                                      ------- ^^^^^^^^^^^^ expected `&i32`, found `&usize`
     |                                      |
     |                                      arguments to this method are incorrect
     |
     = note: expected reference `&i32`
                found reference `&usize`
note: method defined here
    --> /Users/didi/.rustup/toolchains/nightly-aarch64-apple-darwin/lib/rustlib/src/rust/library/alloc/src/collections/btree/map.rs:1007:12
     |
1007 |     pub fn get_mut<Q: ?Sized>(&mut self, key: &Q) -> Option<&mut V>
     |            ^^^^^^^

error[E0308]: mismatched types
   --> kernel/src/posix/security.rs:596:42
    |
596 |         registry.set_process_credentials(current_pid, creds).unwrap();
    |                  ----------------------- ^^^^^^^^^^^ expected `i32`, found `usize`
    |                  |
    |                  arguments to this method are incorrect
    |
note: method defined here
   --> kernel/src/posix/security.rs:347:12
    |
347 |     pub fn set_process_credentials(&mut self, pid: Pid, creds: ProcessCredentials) -> Result<(), SecurityError> {
    |            ^^^^^^^^^^^^^^^^^^^^^^^            --------
help: you can convert a `usize` to an `i32` and panic if the converted value doesn't fit
    |
596 |         registry.set_process_credentials(current_pid.try_into().unwrap(), creds).unwrap();
    |                                                     ++++++++++++++++++++

error[E0308]: `if` and `else` have incompatible types
   --> kernel/src/posix/security.rs:597:9
    |
591 |       let creds = if registry.process_credentials.contains_key(&current_pid) {
    |  _________________-
592 | |         registry.process_credentials.get_mut(&current_pid).unwrap()
    | |         ----------------------------------------------------------- expected because of this
593 | |     } else {
594 | |         let mut creds = ProcessCredentials::new();
...   |
597 | |         creds
    | |         ^^^^^ expected `&mut ProcessCredentials`, found `ProcessCredentials`
598 | |     };
    | |_____- `if` and `else` have incompatible types
    |
help: consider mutably borrowing here
    |
597 |         &mut creds
    |         ++++

error[E0308]: mismatched types
   --> kernel/src/posix/security.rs:614:62
    |
614 |     let creds = if registry.process_credentials.contains_key(&current_pid) {
    |                                                 ------------ ^^^^^^^^^^^^ expected `&i32`, found `&usize`
    |                                                 |
    |                                                 arguments to this method are incorrect
    |
    = note: expected reference `&i32`
               found reference `&usize`
note: method defined here
   --> /Users/didi/.rustup/toolchains/nightly-aarch64-apple-darwin/lib/rustlib/src/rust/library/alloc/src/collections/btree/map.rs:980:12
    |
980 |     pub fn contains_key<Q: ?Sized>(&self, key: &Q) -> bool
    |            ^^^^^^^^^^^^

error[E0308]: mismatched types
    --> kernel/src/posix/security.rs:615:46
     |
 615 |         registry.process_credentials.get_mut(&current_pid).unwrap()
     |                                      ------- ^^^^^^^^^^^^ expected `&i32`, found `&usize`
     |                                      |
     |                                      arguments to this method are incorrect
     |
     = note: expected reference `&i32`
                found reference `&usize`
note: method defined here
    --> /Users/didi/.rustup/toolchains/nightly-aarch64-apple-darwin/lib/rustlib/src/rust/library/alloc/src/collections/btree/map.rs:1007:12
     |
1007 |     pub fn get_mut<Q: ?Sized>(&mut self, key: &Q) -> Option<&mut V>
     |            ^^^^^^^

error[E0308]: mismatched types
   --> kernel/src/posix/security.rs:620:42
    |
620 |         registry.set_process_credentials(current_pid, creds).unwrap();
    |                  ----------------------- ^^^^^^^^^^^ expected `i32`, found `usize`
    |                  |
    |                  arguments to this method are incorrect
    |
note: method defined here
   --> kernel/src/posix/security.rs:347:12
    |
347 |     pub fn set_process_credentials(&mut self, pid: Pid, creds: ProcessCredentials) -> Result<(), SecurityError> {
    |            ^^^^^^^^^^^^^^^^^^^^^^^            --------
help: you can convert a `usize` to an `i32` and panic if the converted value doesn't fit
    |
620 |         registry.set_process_credentials(current_pid.try_into().unwrap(), creds).unwrap();
    |                                                     ++++++++++++++++++++

error[E0308]: `if` and `else` have incompatible types
   --> kernel/src/posix/security.rs:621:9
    |
614 |       let creds = if registry.process_credentials.contains_key(&current_pid) {
    |  _________________-
615 | |         registry.process_credentials.get_mut(&current_pid).unwrap()
    | |         ----------------------------------------------------------- expected because of this
616 | |     } else {
617 | |         let mut creds = ProcessCredentials::new();
...   |
621 | |         creds
    | |         ^^^^^ expected `&mut ProcessCredentials`, found `ProcessCredentials`
622 | |     };
    | |_____- `if` and `else` have incompatible types
    |
help: consider mutably borrowing here
    |
621 |         &mut creds
    |         ++++

error[E0308]: mismatched types
   --> kernel/src/posix/security.rs:638:62
    |
638 |     let creds = if registry.process_credentials.contains_key(&current_pid) {
    |                                                 ------------ ^^^^^^^^^^^^ expected `&i32`, found `&usize`
    |                                                 |
    |                                                 arguments to this method are incorrect
    |
    = note: expected reference `&i32`
               found reference `&usize`
note: method defined here
   --> /Users/didi/.rustup/toolchains/nightly-aarch64-apple-darwin/lib/rustlib/src/rust/library/alloc/src/collections/btree/map.rs:980:12
    |
980 |     pub fn contains_key<Q: ?Sized>(&self, key: &Q) -> bool
    |            ^^^^^^^^^^^^

error[E0308]: mismatched types
    --> kernel/src/posix/security.rs:639:46
     |
 639 |         registry.process_credentials.get_mut(&current_pid).unwrap()
     |                                      ------- ^^^^^^^^^^^^ expected `&i32`, found `&usize`
     |                                      |
     |                                      arguments to this method are incorrect
     |
     = note: expected reference `&i32`
                found reference `&usize`
note: method defined here
    --> /Users/didi/.rustup/toolchains/nightly-aarch64-apple-darwin/lib/rustlib/src/rust/library/alloc/src/collections/btree/map.rs:1007:12
     |
1007 |     pub fn get_mut<Q: ?Sized>(&mut self, key: &Q) -> Option<&mut V>
     |            ^^^^^^^

error[E0308]: mismatched types
   --> kernel/src/posix/security.rs:644:42
    |
644 |         registry.set_process_credentials(current_pid, creds).unwrap();
    |                  ----------------------- ^^^^^^^^^^^ expected `i32`, found `usize`
    |                  |
    |                  arguments to this method are incorrect
    |
note: method defined here
   --> kernel/src/posix/security.rs:347:12
    |
347 |     pub fn set_process_credentials(&mut self, pid: Pid, creds: ProcessCredentials) -> Result<(), SecurityError> {
    |            ^^^^^^^^^^^^^^^^^^^^^^^            --------
help: you can convert a `usize` to an `i32` and panic if the converted value doesn't fit
    |
644 |         registry.set_process_credentials(current_pid.try_into().unwrap(), creds).unwrap();
    |                                                     ++++++++++++++++++++

error[E0308]: `if` and `else` have incompatible types
   --> kernel/src/posix/security.rs:645:9
    |
638 |       let creds = if registry.process_credentials.contains_key(&current_pid) {
    |  _________________-
639 | |         registry.process_credentials.get_mut(&current_pid).unwrap()
    | |         ----------------------------------------------------------- expected because of this
640 | |     } else {
641 | |         let mut creds = ProcessCredentials::new();
...   |
645 | |         creds
    | |         ^^^^^ expected `&mut ProcessCredentials`, found `ProcessCredentials`
646 | |     };
    | |_____- `if` and `else` have incompatible types
    |
help: consider mutably borrowing here
    |
645 |         &mut creds
    |         ++++

error[E0599]: no method named `to_string` found for reference `&str` in the current scope
  --> kernel/src/posix/advanced_tests.rs:38:24
   |
38 |             name: name.to_string(),
   |                        ^^^^^^^^^ method not found in `&str`
   |
   = help: items from traits can only be used if the trait is in scope
help: trait `ToString` which provides `to_string` is implemented but not in scope; perhaps you want to import it
   |
12 + use crate::alloc::string::ToString;
   |

error[E0599]: no method named `to_string` found for reference `&str` in the current scope
  --> kernel/src/posix/advanced_tests.rs:52:28
   |
52 |         self.error = error.to_string();
   |                            ^^^^^^^^^ method not found in `&str`
   |
   = help: items from traits can only be used if the trait is in scope
help: trait `ToString` which provides `to_string` is implemented but not in scope; perhaps you want to import it
   |
12 + use crate::alloc::string::ToString;
   |

error[E0308]: mismatched types
   --> kernel/src/posix/advanced_tests.rs:108:30
    |
108 |                 context.fail(error);
    |                         ---- ^^^^^ expected `&str`, found `String`
    |                         |
    |                         arguments to this method are incorrect
    |
note: method defined here
   --> kernel/src/posix/advanced_tests.rs:50:12
    |
 50 |     pub fn fail(&mut self, error: &str) {
    |            ^^^^            -----------
help: consider borrowing here
    |
108 |                 context.fail(&error);
    |                              +

error[E0308]: mismatched types
   --> kernel/src/posix/advanced_tests.rs:167:61
    |
167 |       runner.run_test("AIO Control Block Creation", |context| {
    |  _____________________________________________________________^
168 | |         let aiocb = crate::posix::aiocb::default();
169 | |         assert_eq!(aiocb.aio_fildes, -1, "Default file descriptor should be -1");
170 | |         assert_eq!(aiocb.aio_offset, 0, "Default offset should be 0");
171 | |         assert_eq!(aiocb.aio_nbytes, 0, "Default byte count should be 0");
172 | |         assert_eq!(aiocb.aio_reqprio, 0, "Default priority should be 0");
173 | |     });
    | |_____^ expected `Result<(), String>`, found `()`
    |
    = note:   expected enum `core::result::Result<(), alloc::string::String>`
            found unit type `()`

error[E0308]: mismatched types
   --> kernel/src/posix/advanced_tests.rs:183:43
    |
183 |               crate::posix::AIO_CANCELED => {
    |  ___________________________________________^
184 | |                 // Valid canceled status
185 | |             }
    | |_____________^ expected `Result<(), String>`, found `()`
    |
    = note:   expected enum `core::result::Result<(), alloc::string::String>`
            found unit type `()`

error[E0308]: mismatched types
   --> kernel/src/posix/advanced_tests.rs:186:46
    |
186 |               crate::posix::AIO_NOTCANCELED => {
    |  ______________________________________________^
187 | |                 // Valid completed status
188 | |             }
    | |_____________^ expected `Result<(), String>`, found `()`
    |
    = note:   expected enum `core::result::Result<(), alloc::string::String>`
            found unit type `()`

error[E0308]: mismatched types
   --> kernel/src/posix/advanced_tests.rs:189:18
    |
189 |               _ => {
    |  __________________^
190 | |                 context.fail(&format!("Invalid AIO return status: {}", status));
191 | |             }
    | |_____________^ expected `Result<(), String>`, found `()`
    |
    = note:   expected enum `core::result::Result<(), alloc::string::String>`
            found unit type `()`

error[E0308]: mismatched types
   --> kernel/src/posix/advanced_tests.rs:198:51
    |
198 |       runner.run_test("CPU Set Creation", |context| {
    |  ___________________________________________________^
199 | |         let cpuset = crate::posix::CpuSet::new();
200 | |         assert_eq!(cpuset.count(), 0, "New CPU set should be empty");
...   |
212 | |         assert!(!cpuset.is_set(3), "CPU 3 should not be set");
213 | |     });
    | |_____^ expected `Result<(), String>`, found `()`
    |
    = note:   expected enum `core::result::Result<(), alloc::string::String>`
            found unit type `()`

error[E0308]: mismatched types
   --> kernel/src/posix/advanced_tests.rs:215:48
    |
215 |       runner.run_test("Memory Advice", |context| {
    |  ________________________________________________^
216 | |         // Test memory advice constants
217 | |         assert_eq!(crate::posix::MADV_NORMAL, 0, "Normal advice should be 0");
218 | |         assert_eq!(crate::posix::MADV_RANDOM, 1, "Random advice should be 1");
...   |
221 | |         assert_eq!(crate::posix::MADV_DONTNEED, 4, "Don't need advice should be 4");
222 | |     });
    | |_____^ expected `Result<(), String>`, found `()`
    |
    = note:   expected enum `core::result::Result<(), alloc::string::String>`
            found unit type `()`

error[E0308]: mismatched types
   --> kernel/src/posix/advanced_tests.rs:224:49
    |
224 |       runner.run_test("Memory Locking", |context| {
    |  _________________________________________________^
225 | |         // Test memory locking constants
226 | |         assert_eq!(crate::posix::MCL_CURRENT, 1, "Current memory should be 1");
227 | |         assert_eq!(crate::posix::MCL_FUTURE, 2, "Future memory should be 2");
228 | |         assert_eq!(crate::posix::MCL_ONFAULT, 4, "On fault memory should be 4");
229 | |     });
    | |_____^ expected `Result<(), String>`, found `()`
    |
    = note:   expected enum `core::result::Result<(), alloc::string::String>`
            found unit type `()`

error[E0308]: mismatched types
   --> kernel/src/posix/advanced_tests.rs:234:59
    |
234 |       runner.run_test("Message Queue Attributes", |context| {
    |  ___________________________________________________________^
235 | |         let mut attr = crate::posix::MqAttr::default();
...   |
247 | |         assert_eq!(attr.mq_msgsize, 4096, "Modified message size should be 4096");
248 | |     });
    | |_____^ expected `Result<(), String>`, found `()`
    |
    = note:   expected enum `core::result::Result<(), alloc::string::String>`
            found unit type `()`

error[E0308]: mismatched types
   --> kernel/src/posix/advanced_tests.rs:250:61
    |
250 |       runner.run_test("Message Queue Notification", |context| {
    |  _____________________________________________________________^
251 | |         // Test notification structure
252 | |         let notify = crate::posix::MqNotify {
253 | |             notify_method: crate::posix::MQ_SIGNAL,
...   |
258 | |         assert_eq!(notify.notify_sig, crate::posix::SIGUSR1, "Notification signal should be SIGUSR1");
259 | |     });
    | |_____^ expected `Result<(), String>`, found `()`
    |
    = note:   expected enum `core::result::Result<(), alloc::string::String>`
            found unit type `()`

error[E0061]: this method takes 0 arguments but 1 argument was supplied
   --> kernel/src/posix/advanced_tests.rs:272:27
    |
272 |         let stats = queue.get_stats(None);
    |                           ^^^^^^^^^ ---- unexpected argument of type `Option<_>`
    |
note: method defined here
   --> kernel/src/posix/advanced_signal.rs:172:12
    |
172 |     pub fn get_stats(&self) -> SignalQueueStats {
    |            ^^^^^^^^^
help: remove the extra argument
    |
272 -         let stats = queue.get_stats(None);
272 +         let stats = queue.get_stats();
    |

error[E0308]: mismatched types
   --> kernel/src/posix/advanced_tests.rs:264:56
    |
264 |       runner.run_test("Signal Queue Creation", |context| {
    |  ________________________________________________________^
265 | |         let queue = crate::posix::advanced_signal::SignalQueue::new();
...   |
276 | |         assert_eq!(stats.max_capacity, crate::posix::advanced_signal::MAX_PENDING_SIGNALS, "Max capacity should be correct");
277 | |     });
    | |_____^ expected `Result<(), String>`, found `()`
    |
    = note:   expected enum `core::result::Result<(), alloc::string::String>`
            found unit type `()`

error[E0308]: mismatched types
   --> kernel/src/posix/advanced_tests.rs:279:57
    |
279 |       runner.run_test("Queued Signal Creation", |context| {
    |  _________________________________________________________^
280 | |         let signal = crate::posix::advanced_signal::QueuedSignal::from_sigqueue(
281 | |             crate::posix::SIGUSR1,
282 | |             1234, // PID
...   |
292 | |         assert!(!signal.delivered, "Signal should not be delivered initially");
293 | |     });
    | |_____^ expected `Result<(), String>`, found `()`
    |
    = note:   expected enum `core::result::Result<(), alloc::string::String>`
            found unit type `()`

error[E0069]: `return;` in a function whose return type is not `()`
   --> kernel/src/posix/advanced_tests.rs:300:17
    |
295 |     runner.run_test("Alternate Signal Stack", |context| {
    |                                                        - expected `` because of this return type
...
300 |                 return;
    |                 ^^^^^^ return type is not `()`
    |
help: give the `return` a value of the expected type
    |
300 |                 return Ok(());
    |                        ++++++

error[E0308]: mismatched types
   --> kernel/src/posix/advanced_tests.rs:295:57
    |
295 |       runner.run_test("Alternate Signal Stack", |context| {
    |  _________________________________________________________^
296 | |         let stack = match crate::posix::advanced_signal::AlternateSignalStack::new(4096) {
297 | |             Ok(stack) => stack,
298 | |             Err(crate::posix::advanced_signal::SignalStackError::StackTooSmall) => {
...   |
307 | |         assert!(!stack.in_use, "Stack should not be in use initially");
308 | |     });
    | |_____^ expected `Result<(), String>`, found `()`
    |
    = note:   expected enum `core::result::Result<(), alloc::string::String>`
            found unit type `()`

error[E0308]: mismatched types
   --> kernel/src/posix/advanced_tests.rs:313:56
    |
313 |       runner.run_test("Scheduling Parameters", |context| {
    |  ________________________________________________________^
314 | |         let param = crate::posix::realtime::SchedParam::new(50);
...   |
320 | |         assert!(!param.is_valid_for_policy(crate::posix::realtime::SCHED_BATCH), "Priority 50 should not be valid for BATCH");
321 | |     });
    | |_____^ expected `Result<(), String>`, found `()`
    |
    = note:   expected enum `core::result::Result<(), alloc::string::String>`
            found unit type `()`

error[E0308]: mismatched types
   --> kernel/src/posix/advanced_tests.rs:323:47
    |
323 |       runner.run_test("CPU Affinity", |context| {
    |  _______________________________________________^
324 | |         let cpuset = crate::posix::realtime::CpuSet::new();
...   |
343 | |         assert_eq!(cpuset.count(), 0, "Cleared CPU set should be empty");
344 | |     });
    | |_____^ expected `Result<(), String>`, found `()`
    |
    = note:   expected enum `core::result::Result<(), alloc::string::String>`
            found unit type `()`

error[E0308]: mismatched types
   --> kernel/src/posix/advanced_tests.rs:348:13
    |
348 |         let (min_fifo, max_fifo) = crate::posix::realtime::sched_get_priority_max(crate::posix::realtime::SCHED_FIFO).unwrap();
    |             ^^^^^^^^^^^^^^^^^^^^   ------------------------------------------------------------------------------------------- this expression has type `i32`
    |             |
    |             expected `i32`, found `(_, _)`
    |
    = note: expected type `i32`
              found tuple `(_, _)`

error[E0308]: mismatched types
   --> kernel/src/posix/advanced_tests.rs:349:13
    |
349 |         let (min_rr, max_rr) = crate::posix::realtime::sched_get_priority_min(crate::posix::realtime::SCHED_RR).unwrap();
    |             ^^^^^^^^^^^^^^^^   ----------------------------------------------------------------------------------------- this expression has type `i32`
    |             |
    |             expected `i32`, found `(_, _)`
    |
    = note: expected type `i32`
              found tuple `(_, _)`

error[E0308]: mismatched types
   --> kernel/src/posix/advanced_tests.rs:350:13
    |
350 |         let (min_normal, max_normal) = crate::posix::realtime::sched_get_priority_max(crate::posix::realtime::SCHED_NORMAL).unwrap();
    |             ^^^^^^^^^^^^^^^^^^^^^^^^   --------------------------------------------------------------------------------------------- this expression has type `i32`
    |             |
    |             expected `i32`, found `(_, _)`
    |
    = note: expected type `i32`
              found tuple `(_, _)`

error[E0308]: mismatched types
   --> kernel/src/posix/advanced_tests.rs:346:50
    |
346 |       runner.run_test("Priority Ranges", |context| {
    |  __________________________________________________^
347 | |         // Test priority ranges for different policies
348 | |         let (min_fifo, max_fifo) = crate::posix::realtime::sched_get_priority_max(crate::posix::realtime::SCHED_FIFO).unwrap();
349 | |         let (min_rr, max_rr) = crate::posix::realtime::sched_get_priority_min(crate::posix::realtime::SCHED_RR).unwrap();
...   |
354 | |         assert_eq!((min_normal, max_normal), (0, 0), "Normal priority range should be 0-0");
355 | |     });
    | |_____^ expected `Result<(), String>`, found `()`
    |
    = note:   expected enum `core::result::Result<(), alloc::string::String>`
            found unit type `()`

error[E0308]: mismatched types
   --> kernel/src/posix/advanced_tests.rs:360:52
    |
360 |       runner.run_test("Thread Attributes", |context| {
    |  ____________________________________________________^
361 | |         let mut attr = crate::posix::advanced_thread::ThreadAttr::new();
...   |
377 | |         assert_eq!(attr.get_stack_size(), 16384, "Stack size should be 16KB");
378 | |     });
    | |_____^ expected `Result<(), String>`, found `()`
    |
    = note:   expected enum `core::result::Result<(), alloc::string::String>`
            found unit type `()`

error[E0069]: `return;` in a function whose return type is not `()`
   --> kernel/src/posix/advanced_tests.rs:385:17
    |
380 |     runner.run_test("Barrier Synchronization", |context| {
    |                                                         - expected `` because of this return type
...
385 |                 return;
    |                 ^^^^^^ return type is not `()`
    |
help: give the `return` a value of the expected type
    |
385 |                 return Ok(());
    |                        ++++++

error[E0308]: mismatched types
   --> kernel/src/posix/advanced_tests.rs:380:58
    |
380 |       runner.run_test("Barrier Synchronization", |context| {
    |  __________________________________________________________^
381 | |         let barrier = match crate::posix::advanced_thread::Barrier::new(3) {
382 | |             Ok(barrier) => barrier,
383 | |             Err(_) => {
...   |
392 | |         assert!(!stats.in_use, "Barrier should not be in use");
393 | |     });
    | |_____^ expected `Result<(), String>`, found `()`
    |
    = note:   expected enum `core::result::Result<(), alloc::string::String>`
            found unit type `()`

error[E0308]: mismatched types
   --> kernel/src/posix/advanced_tests.rs:395:59
    |
395 |       runner.run_test("Spinlock Synchronization", |context| {
    |  ___________________________________________________________^
396 | |         let spinlock = crate::posix::advanced_thread::Spinlock::new();
...   |
405 | |         assert_eq!(spinlock.get_stats().count, 0, "Lock count should be 0");
406 | |     });
    | |_____^ expected `Result<(), String>`, found `()`
    |
    = note:   expected enum `core::result::Result<(), alloc::string::String>`
            found unit type `()`

error[E0308]: mismatched types
   --> kernel/src/posix/advanced_tests.rs:411:52
    |
411 |       runner.run_test("Password Database", |context| {
    |  ____________________________________________________^
412 | |         // Test password entry creation
413 | |         let root_entry = crate::posix::security::PasswdEntry::root();
414 | |         assert_eq!(root_entry.pw_name, "root", "Root entry name should be root");
...   |
428 | |         assert_eq!(wheel_entry.gr_mem[0], "root", "Wheel group should have root member");
429 | |     });
    | |_____^ expected `Result<(), String>`, found `()`
    |
    = note:   expected enum `core::result::Result<(), alloc::string::String>`
            found unit type `()`

error[E0308]: mismatched types
   --> kernel/src/posix/advanced_tests.rs:431:54
    |
431 |       runner.run_test("Process Credentials", |context| {
    |  ______________________________________________________^
432 | |         let mut creds = crate::posix::security::ProcessCredentials::new();
...   |
452 | |         assert!(creds.has_capability(crate::posix::security::CAP_KILL), "Should have kill capability after setting");
453 | |     });
    | |_____^ expected `Result<(), String>`, found `()`
    |
    = note:   expected enum `core::result::Result<(), alloc::string::String>`
            found unit type `()`

error[E0308]: mismatched types
   --> kernel/src/posix/advanced_tests.rs:455:55
    |
455 |       runner.run_test("Capability Constants", |context| {
    |  _______________________________________________________^
456 | |         // Test capability constants
457 | |         assert_eq!(crate::posix::security::CAP_CHOWN, 0, "CAP_CHOWN should be 0");
458 | |         assert_eq!(crate::posix::security::CAP_KILL, 5, "CAP_KILL should be 5");
459 | |         assert_eq!(crate::posix::security::CAP_SETUID, 7, "CAP_SETUID should be 7");
460 | |         assert_eq!(crate::posix::security::CAP_NET_BIND_SERVICE, 10, "CAP_NET_BIND_SERVICE should be 10");
461 | |     });
    | |_____^ expected `Result<(), String>`, found `()`
    |
    = note:   expected enum `core::result::Result<(), alloc::string::String>`
            found unit type `()`

error[E0599]: no method named `to_string` found for reference `&str` in the current scope
  --> kernel/src/posix/integration_tests.rs:35:24
   |
35 |             name: name.to_string(),
   |                        ^^^^^^^^^ method not found in `&str`
   |
   = help: items from traits can only be used if the trait is in scope
help: trait `ToString` which provides `to_string` is implemented but not in scope; perhaps you want to import it
   |
 7 + use crate::alloc::string::ToString;
   |

error[E0599]: no method named `to_string` found for reference `&str` in the current scope
  --> kernel/src/posix/integration_tests.rs:36:38
   |
36 |             description: description.to_string(),
   |                                      ^^^^^^^^^ method not found in `&str`
   |
   = help: items from traits can only be used if the trait is in scope
help: trait `ToString` which provides `to_string` is implemented but not in scope; perhaps you want to import it
   |
 7 + use crate::alloc::string::ToString;
   |

error[E0599]: no method named `to_string` found for reference `&str` in the current scope
  --> kernel/src/posix/integration_tests.rs:44:30
   |
44 |         self.steps.push(step.to_string());
   |                              ^^^^^^^^^ method not found in `&str`
   |
   = help: items from traits can only be used if the trait is in scope
help: trait `ToString` which provides `to_string` is implemented but not in scope; perhaps you want to import it
   |
 7 + use crate::alloc::string::ToString;
   |

error[E0308]: mismatched types
   --> kernel/src/posix/integration_tests.rs:131:64
    |
131 |       runner.run_test("AIO with Real-time Scheduling", |context| {
    |  ________________________________________________________________^
132 | |         context.add_step("Initialize AIO subsystem");
133 | |         context.add_step("Initialize real-time scheduling");
134 | |         context.add_step("Create AIO control block with real-time priority");
...   |
142 | |         context.complete(true);
143 | |     });
    | |_____^ expected `Result<(), String>`, found `()`
    |
    = note:   expected enum `core::result::Result<(), alloc::string::String>`
            found unit type `()`

error[E0308]: mismatched types
   --> kernel/src/posix/integration_tests.rs:146:75
    |
146 |       runner.run_test("Message Queues with Signal Notifications", |context| {
    |  ___________________________________________________________________________^
147 | |         context.add_step("Create message queue");
148 | |         context.add_step("Register for signal notification");
149 | |         context.add_step("Send message to queue");
...   |
157 | |         context.complete(true);
158 | |     });
    | |_____^ expected `Result<(), String>`, found `()`
    |
    = note:   expected enum `core::result::Result<(), alloc::string::String>`
            found unit type `()`

error[E0308]: mismatched types
   --> kernel/src/posix/integration_tests.rs:161:78
    |
161 |       runner.run_test("Real-time Scheduling with Thread Attributes", |context| {
    |  ______________________________________________________________________________^
162 | |         context.add_step("Create thread with real-time attributes");
163 | |         context.add_step("Set thread scheduling policy to FIFO");
164 | |         context.add_step("Set thread scheduling priority to 50");
...   |
171 | |         context.complete(true);
172 | |     });
    | |_____^ expected `Result<(), String>`, found `()`
    |
    = note:   expected enum `core::result::Result<(), alloc::string::String>`
            found unit type `()`

error[E0308]: mismatched types
   --> kernel/src/posix/integration_tests.rs:175:66
    |
175 |       runner.run_test("Security with Thread Operations", |context| {
    |  __________________________________________________________________^
176 | |         context.add_step("Create process credentials with root privileges");
177 | |         context.add_step("Create thread with security attributes");
178 | |         context.add_step("Set thread to run with reduced privileges");
...   |
185 | |         context.complete(true);
186 | |     });
    | |_____^ expected `Result<(), String>`, found `()`
    |
    = note:   expected enum `core::result::Result<(), alloc::string::String>`
            found unit type `()`

error[E0308]: mismatched types
   --> kernel/src/posix/integration_tests.rs:189:69
    |
189 |       runner.run_test("AIO with Message Queue Integration", |context| {
    |  _____________________________________________________________________^
190 | |         context.add_step("Create message queue");
191 | |         context.add_step("Configure AIO completion with signal notification");
192 | |         context.add_step("Submit AIO read operation");
...   |
201 | |         context.complete(true);
202 | |     });
    | |_____^ expected `Result<(), String>`, found `()`
    |
    = note:   expected enum `core::result::Result<(), alloc::string::String>`
            found unit type `()`

error[E0308]: mismatched types
   --> kernel/src/posix/integration_tests.rs:205:76
    |
205 |       runner.run_test("Real-time Scheduling with Signal Handling", |context| {
    |  ____________________________________________________________________________^
206 | |         context.add_step("Create real-time process");
207 | |         context.add_step("Set up signal queue for process");
208 | |         context.add_step("Configure real-time scheduling with high priority");
...   |
216 | |         context.complete(true);
217 | |     });
    | |_____^ expected `Result<(), String>`, found `()`
    |
    = note:   expected enum `core::result::Result<(), alloc::string::String>`
            found unit type `()`

warning: unused import: `Hasher`
  --> kernel/src/vfs/mod.rs:13:24
   |
13 | use core::hash::{Hash, Hasher};
   |                        ^^^^^^

warning: unused import: `NetworkDevice`
 --> kernel/src/net/processor.rs:9:21
  |
9 | use super::device::{NetworkDevice, MacAddr};
  |                     ^^^^^^^^^^^^^

warning: unused import: `crate::types::stubs`
  --> kernel/src/security/acl.rs:17:5
   |
17 | use crate::types::stubs::*;
   |     ^^^^^^^^^^^^^^^^^^^

warning: unused import: `super`
  --> kernel/src/error_handling/diagnostic_tools.rs:16:5
   |
16 | use super::*;
   |     ^^^^^

warning: unused import: `crate::libc::interface::CLibInterface`
 --> kernel/src/libc/validation.rs:7:5
  |
7 | use crate::libc::interface::CLibInterface;
  |     ^^^^^^^^^^^^^^^^^^^^^^^^^^^^^^^^^^^^^

warning: unused variable: `current_proc`
   --> kernel/src/syscalls/process.rs:374:17
    |
374 |             let current_proc = crate::process::myproc().ok_or(SyscallError::NotFound)?;
    |                 ^^^^^^^^^^^^ help: if this is intentional, prefix it with an underscore: `_current_proc`
    |
    = note: `#[warn(unused_variables)]` (part of `#[warn(unused)]`) on by default

error[E0596]: cannot borrow `proc_table` as mutable, as it is not declared as mutable
   --> kernel/src/syscalls/process.rs:430:25
    |
430 |     if let Some(proc) = proc_table.find(pid as crate::process::Pid) {
    |                         ^^^^^^^^^^ cannot borrow as mutable
    |
help: consider changing this to be mutable
    |
429 |     let mut proc_table = crate::process::manager::PROC_TABLE.lock();
    |         +++

warning: unused variable: `fds`
   --> kernel/src/syscalls/file_io.rs:953:17
    |
953 |             let fds = core::slice::from_raw_parts_mut(pipefd, 2);
    |                 ^^^ help: if this is intentional, prefix it with an underscore: `_fds`

warning: unnecessary `unsafe` block
   --> kernel/src/syscalls/memory.rs:297:9
    |
297 |         unsafe {
    |         ^^^^^^ unnecessary `unsafe` block
    |
    = note: `#[warn(unused_unsafe)]` (part of `#[warn(unused)]`) on by default

warning: unused variable: `pagetable`
   --> kernel/src/syscalls/memory.rs:365:9
    |
365 |     let pagetable = proc.pagetable;
    |         ^^^^^^^^^ help: if this is intentional, prefix it with an underscore: `_pagetable`

warning: variable does not need to be mutable
   --> kernel/src/syscalls/network/socket.rs:221:21
    |
221 |                 let mut socket_table = get_socket_table();
    |                     ----^^^^^^^^^^^^
    |                     |
    |                     help: remove this `mut`
    |
    = note: `#[warn(unused_mut)]` (part of `#[warn(unused)]`) on by default

warning: variable does not need to be mutable
   --> kernel/src/syscalls/network/socket.rs:237:21
    |
237 |                 let mut socket_table = get_socket_table();
    |                     ----^^^^^^^^^^^^
    |                     |
    |                     help: remove this `mut`

warning: variable does not need to be mutable
   --> kernel/src/syscalls/network/socket.rs:249:21
    |
249 |                 let mut socket_table = get_socket_table();
    |                     ----^^^^^^^^^^^^
    |                     |
    |                     help: remove this `mut`

warning: unused variable: `tcp_socket`
   --> kernel/src/syscalls/network/socket.rs:197:25
    |
197 |             Socket::Tcp(tcp_socket) => {
    |                         ^^^^^^^^^^ help: if this is intentional, prefix it with an underscore: `_tcp_socket`

warning: variable does not need to be mutable
   --> kernel/src/syscalls/network/socket.rs:328:9
    |
328 |     let mut socket_table = get_socket_table();
    |         ----^^^^^^^^^^^^
    |         |
    |         help: remove this `mut`

warning: variable does not need to be mutable
   --> kernel/src/syscalls/network/socket.rs:418:9
    |
418 |     let mut socket_table = get_socket_table();
    |         ----^^^^^^^^^^^^
    |         |
    |         help: remove this `mut`

warning: variable does not need to be mutable
   --> kernel/src/syscalls/network/socket.rs:569:9
    |
569 |     let mut socket_table = get_socket_table();
    |         ----^^^^^^^^^^^^
    |         |
    |         help: remove this `mut`

error[E0596]: cannot borrow `proc_table` as mutable, as it is not declared as mutable
  --> kernel/src/syscalls/signal.rs:47:25
   |
47 |     if let Some(proc) = proc_table.find(pid as crate::process::Pid) {
   |                         ^^^^^^^^^^ cannot borrow as mutable
   |
help: consider changing this to be mutable
   |
46 |     let mut proc_table = crate::process::manager::PROC_TABLE.lock();
   |         +++

error[E0505]: cannot move out of `proc_table` because it is borrowed
  --> kernel/src/syscalls/signal.rs:91:10
   |
88 |     let proc_table = crate::process::manager::PROC_TABLE.lock();
   |         ---------- binding `proc_table` declared here
89 |     let proc = proc_table.find_ref(pid).ok_or(SyscallError::NotFound)?;
   |                ---------- borrow of `proc_table` occurs here
90 |     let pagetable = proc.pagetable;
91 |     drop(proc_table);
   |          ^^^^^^^^^^ move out of `proc_table` occurs here
...
98 |     let signals = proc.signals.as_ref().ok_or(SyscallError::NotFound)?;
   |                   ------------ borrow later used here

error[E0505]: cannot move out of `proc_table` because it is borrowed
   --> kernel/src/syscalls/signal.rs:161:10
    |
158 |     let proc_table = crate::process::manager::PROC_TABLE.lock();
    |         ---------- binding `proc_table` declared here
159 |     let proc = proc_table.find_ref(pid).ok_or(SyscallError::NotFound)?;
    |                ---------- borrow of `proc_table` occurs here
160 |     let pagetable = proc.pagetable;
161 |     drop(proc_table);
    |          ^^^^^^^^^^ move out of `proc_table` occurs here
...
168 |     let signals = proc.signals.as_ref().ok_or(SyscallError::NotFound)?;
    |                   ------------ borrow later used here

error[E0505]: cannot move out of `proc_table` because it is borrowed
   --> kernel/src/syscalls/signal.rs:222:10
    |
219 |     let proc_table = crate::process::manager::PROC_TABLE.lock();
    |         ---------- binding `proc_table` declared here
220 |     let proc = proc_table.find_ref(pid).ok_or(SyscallError::NotFound)?;
    |                ---------- borrow of `proc_table` occurs here
221 |     let pagetable = proc.pagetable;
222 |     drop(proc_table);
    |          ^^^^^^^^^^ move out of `proc_table` occurs here
...
229 |     let signals = proc.signals.as_ref().ok_or(SyscallError::NotFound)?;
    |                   ------------ borrow later used here

error[E0505]: cannot move out of `proc_table` because it is borrowed
   --> kernel/src/syscalls/signal.rs:295:10
    |
292 |     let proc_table = crate::process::manager::PROC_TABLE.lock();
    |         ---------- binding `proc_table` declared here
293 |     let proc = proc_table.find_ref(pid).ok_or(SyscallError::NotFound)?;
    |                ---------- borrow of `proc_table` occurs here
294 |     let pagetable = proc.pagetable;
295 |     drop(proc_table);
    |          ^^^^^^^^^^ move out of `proc_table` occurs here
...
302 |     let signals = proc.signals.as_ref().ok_or(SyscallError::NotFound)?;
    |                   ------------ borrow later used here

error[E0596]: cannot borrow `proc_table` as mutable, as it is not declared as mutable
   --> kernel/src/syscalls/signal.rs:380:25
    |
380 |     if let Some(proc) = proc_table.find(pid as crate::process::Pid) {
    |                         ^^^^^^^^^^ cannot borrow as mutable
    |
help: consider changing this to be mutable
    |
379 |     let mut proc_table = crate::process::manager::PROC_TABLE.lock();
    |         +++

warning: unused variable: `timespec`
   --> kernel/src/syscalls/time.rs:140:9
    |
140 |     let timespec = Timespec {
    |         ^^^^^^^^ help: if this is intentional, prefix it with an underscore: `_timespec`

warning: unused variable: `timespec`
   --> kernel/src/syscalls/time.rs:198:9
    |
198 |     let timespec = Timespec {
    |         ^^^^^^^^ help: if this is intentional, prefix it with an underscore: `_timespec`

warning: unused variable: `rem`
   --> kernel/src/syscalls/time.rs:275:13
    |
275 |         let rem = Timespec {
    |             ^^^ help: if this is intentional, prefix it with an underscore: `_rem`

warning: unused variable: `old_inode`
   --> kernel/src/syscalls/fs.rs:490:9
    |
490 |     let old_inode = old_dentry.lock().inode.clone();
    |         ^^^^^^^^^ help: if this is intentional, prefix it with an underscore: `_old_inode`

error[E0505]: cannot move out of `proc_table` because it is borrowed
    --> kernel/src/syscalls/fs.rs:1252:10
     |
1249 |     let proc_table = crate::process::manager::PROC_TABLE.lock();
     |         ---------- binding `proc_table` declared here
1250 |     let proc = proc_table.find_ref(pid).ok_or(SyscallError::NotFound)?;
     |                ---------- borrow of `proc_table` occurs here
1251 |     let pagetable = proc.pagetable;
1252 |     drop(proc_table);
     |          ^^^^^^^^^^ move out of `proc_table` occurs here
...
1294 |         let cwd_path = proc.cwd_path.as_ref().map(|s| s.as_str()).unwrap_or("/");
     |                        ------------- borrow later used here

warning: unused variable: `source_ptr`
    --> kernel/src/syscalls/fs.rs:1241:9
     |
1241 |     let source_ptr = args[0] as usize;
     |         ^^^^^^^^^^ help: if this is intentional, prefix it with an underscore: `_source_ptr`

error[E0505]: cannot move out of `proc_table` because it is borrowed
    --> kernel/src/syscalls/fs.rs:1351:10
     |
1348 |     let proc_table = crate::process::manager::PROC_TABLE.lock();
     |         ---------- binding `proc_table` declared here
1349 |     let proc = proc_table.find_ref(pid).ok_or(SyscallError::NotFound)?;
     |                ---------- borrow of `proc_table` occurs here
1350 |     let pagetable = proc.pagetable;
1351 |     drop(proc_table);
     |          ^^^^^^^^^^ move out of `proc_table` occurs here
...
1379 |         let cwd_path = proc.cwd_path.as_ref().map(|s| s.as_str()).unwrap_or("/");
     |                        ------------- borrow later used here

warning: variable does not need to be mutable
  --> kernel/src/syscalls/thread.rs:83:21
   |
83 |                 let mut thread_table = crate::process::thread::thread_table();
   |                     ----^^^^^^^^^^^^
   |                     |
   |                     help: remove this `mut`

warning: unused variable: `tid_val`
   --> kernel/src/syscalls/thread.rs:121:29
    |
121 |                         let tid_val = tid as i32;
    |                             ^^^^^^^ help: if this is intentional, prefix it with an underscore: `_tid_val`

warning: unused variable: `tid_val`
   --> kernel/src/syscalls/thread.rs:130:29
    |
130 |                         let tid_val = tid as i32;
    |                             ^^^^^^^ help: if this is intentional, prefix it with an underscore: `_tid_val`

warning: unused variable: `pid_val`
   --> kernel/src/syscalls/thread.rs:192:29
    |
192 |                         let pid_val = child_pid as i32;
    |                             ^^^^^^^ help: if this is intentional, prefix it with an underscore: `_pid_val`

warning: unused variable: `tidptr`
   --> kernel/src/syscalls/thread.rs:367:9
    |
367 |     let tidptr = args[0] as usize;
    |         ^^^^^^ help: if this is intentional, prefix it with an underscore: `_tidptr`

warning: variable does not need to be mutable
   --> kernel/src/syscalls/zero_copy.rs:379:17
    |
379 |             let mut file_table = FILE_TABLE.lock();
    |                 ----^^^^^^^^^^
    |                 |
    |                 help: remove this `mut`

warning: unused variable: `file_table`
   --> kernel/src/syscalls/zero_copy.rs:379:17
    |
379 |             let mut file_table = FILE_TABLE.lock();
    |                 ^^^^^^^^^^^^^^ help: if this is intentional, prefix it with an underscore: `_file_table`

warning: unused variable: `old_poll_events`
   --> kernel/src/syscalls/epoll.rs:363:17
    |
363 |             let old_poll_events = epoll_events_to_poll_events(item.events);
    |                 ^^^^^^^^^^^^^^^ help: if this is intentional, prefix it with an underscore: `_old_poll_events`

warning: variable does not need to be mutable
   --> kernel/src/syscalls/epoll.rs:452:9
    |
452 |     let mut ready_events_with_fd = instance.take_ready_events(maxevents as usize);
    |         ----^^^^^^^^^^^^^^^^^^^^
    |         |
    |         help: remove this `mut`

error[E0382]: borrow of moved value: `result`
   --> kernel/src/syscalls/batch.rs:535:17
    |
531 |             let result = self.execute_single_syscall(syscall);
    |                 ------ move occurs because `result` has type `BatchSyscallResult`, which does not implement the `Copy` trait
532 |             results.push(result);
    |                          ------ value moved here
...
535 |             if !result.is_success() {
    |                 ^^^^^^ value borrowed here after move
    |
help: consider cloning the value if the performance cost is acceptable
    |
532 |             results.push(result.clone());
    |                                ++++++++

warning: unnecessary `unsafe` block
   --> kernel/src/syscalls/batch.rs:653:5
    |
653 |     unsafe {
    |     ^^^^^^ unnecessary `unsafe` block

warning: unnecessary `unsafe` block
   --> kernel/src/syscalls/batch.rs:696:5
    |
696 |     unsafe {
    |     ^^^^^^ unnecessary `unsafe` block

warning: unnecessary `unsafe` block
   --> kernel/src/syscalls/batch.rs:703:5
    |
703 |     unsafe {
    |     ^^^^^^ unnecessary `unsafe` block

warning: unused variable: `fd`
   --> kernel/src/syscalls/aio.rs:221:33
    |
221 |     let (user_aiocb, operation, fd, file_idx) = {
    |                                 ^^ help: if this is intentional, prefix it with an underscore: `_fd`

warning: unused variable: `mode`
   --> kernel/src/syscalls/aio.rs:372:9
    |
372 |     let mode = unsafe {
    |         ^^^^ help: if this is intentional, prefix it with an underscore: `_mode`

warning: unused variable: `file`
   --> kernel/src/syscalls/aio.rs:379:9
    |
379 |     let file = match file_table.get_mut(file_idx) {
    |         ^^^^ help: if this is intentional, prefix it with an underscore: `_file`

warning: unused variable: `error_code`
   --> kernel/src/syscalls/aio.rs:521:37
    |
521 |     let (status, bytes_transferred, error_code) = {
    |                                     ^^^^^^^^^^ help: if this is intentional, prefix it with an underscore: `_error_code`

warning: unused variable: `offset`
   --> kernel/src/syscalls/aio.rs:653:14
    |
653 |     let (fd, offset, nbytes, reqprio) = unsafe {
    |              ^^^^^^ help: if this is intentional, prefix it with an underscore: `_offset`

warning: unused variable: `nbytes`
   --> kernel/src/syscalls/aio.rs:653:22
    |
653 |     let (fd, offset, nbytes, reqprio) = unsafe {
    |                      ^^^^^^ help: if this is intentional, prefix it with an underscore: `_nbytes`

warning: unused variable: `reqprio`
   --> kernel/src/syscalls/aio.rs:653:30
    |
653 |     let (fd, offset, nbytes, reqprio) = unsafe {
    |                              ^^^^^^^ help: if this is intentional, prefix it with an underscore: `_reqprio`

warning: unused variable: `mode`
   --> kernel/src/syscalls/aio.rs:716:49
    |
716 | fn create_list_operation(aiocb_ptr: *mut aiocb, mode: i32, list_ptr: *const *mut aiocb, nent: usize, pid: usize) -> Result<usize, i...
    |                                                 ^^^^ help: if this is intentional, prefix it with an underscore: `_mode`

warning: unused variable: `list_ptr`
   --> kernel/src/syscalls/aio.rs:716:60
    |
716 | ... *mut aiocb, mode: i32, list_ptr: *const *mut aiocb, nent: usize, pid: usize) -> Result<usize, i32> {
    |                            ^^^^^^^^ help: if this is intentional, prefix it with an underscore: `_list_ptr`

warning: unused variable: `nent`
   --> kernel/src/syscalls/aio.rs:716:89
    |
716 | ...ist_ptr: *const *mut aiocb, nent: usize, pid: usize) -> Result<usize, i32> {
    |                                ^^^^ help: if this is intentional, prefix it with an underscore: `_nent`

warning: variable `already_done_count` is assigned to, but never used
   --> kernel/src/syscalls/aio.rs:774:9
    |
774 |     let mut already_done_count = 0usize;
    |         ^^^^^^^^^^^^^^^^^^^^^^
    |
    = note: consider using `_already_done_count` instead

warning: value assigned to `already_done_count` is never read
   --> kernel/src/syscalls/aio.rs:782:23
    |
782 |             Err(_) => already_done_count += 1,
    |                       ^^^^^^^^^^^^^^^^^^^^^^^
    |
    = help: maybe it is overwritten before being read?
    = note: `#[warn(unused_assignments)]` (part of `#[warn(unused)]`) on by default

warning: unused variable: `list_operation_id`
   --> kernel/src/syscalls/aio.rs:894:29
    |
894 | fn wait_for_list_completion(list_operation_id: usize, total_operations: usize) {
    |                             ^^^^^^^^^^^^^^^^^ help: if this is intentional, prefix it with an underscore: `_list_operation_id`

warning: unused variable: `offset`
   --> kernel/src/syscalls/aio.rs:932:14
    |
932 |     let (fd, offset, nbytes, reqprio) = unsafe {
    |              ^^^^^^ help: if this is intentional, prefix it with an underscore: `_offset`

warning: unused variable: `nbytes`
   --> kernel/src/syscalls/aio.rs:932:22
    |
932 |     let (fd, offset, nbytes, reqprio) = unsafe {
    |                      ^^^^^^ help: if this is intentional, prefix it with an underscore: `_nbytes`

warning: unused variable: `reqprio`
   --> kernel/src/syscalls/aio.rs:932:30
    |
932 |     let (fd, offset, nbytes, reqprio) = unsafe {
    |                              ^^^^^^^ help: if this is intentional, prefix it with an underscore: `_reqprio`

warning: unnecessary `unsafe` block
   --> kernel/src/syscalls/mqueue.rs:100:18
    |
100 |     let result = unsafe { mq_open(name_ptr, oflag, mode, attr) };
    |                  ^^^^^^ unnecessary `unsafe` block

warning: unused variable: `name_str`
  --> kernel/src/syscalls/mqueue.rs:79:9
   |
79 |     let name_str = match core::str::from_utf8(&name_bytes) {
   |         ^^^^^^^^ help: if this is intentional, prefix it with an underscore: `_name_str`

warning: unnecessary `unsafe` block
   --> kernel/src/syscalls/mqueue.rs:122:18
    |
122 |     let result = unsafe { mq_close(mqd) };
    |                  ^^^^^^ unnecessary `unsafe` block

warning: unnecessary `unsafe` block
   --> kernel/src/syscalls/mqueue.rs:160:18
    |
160 |     let result = unsafe { mq_unlink(name_ptr) };
    |                  ^^^^^^ unnecessary `unsafe` block

warning: unnecessary `unsafe` block
   --> kernel/src/syscalls/mqueue.rs:204:18
    |
204 |     let result = unsafe { mq_send(mqd, msg_ptr, msg_len, msg_prio) };
    |                  ^^^^^^ unnecessary `unsafe` block

warning: unnecessary `unsafe` block
   --> kernel/src/syscalls/mqueue.rs:267:18
    |
267 |     let result = unsafe { mq_send(mqd, msg_ptr, msg_len, msg_prio) };
    |                  ^^^^^^ unnecessary `unsafe` block

warning: unnecessary `unsafe` block
   --> kernel/src/syscalls/mqueue.rs:311:18
    |
311 |     let result = unsafe { mq_receive(mqd, msg_ptr, msg_len, prio_ptr) };
    |                  ^^^^^^ unnecessary `unsafe` block

warning: unnecessary `unsafe` block
   --> kernel/src/syscalls/mqueue.rs:374:18
    |
374 |     let result = unsafe { mq_receive(mqd, msg_ptr, msg_len, prio_ptr) };
    |                  ^^^^^^ unnecessary `unsafe` block

warning: unnecessary `unsafe` block
   --> kernel/src/syscalls/mqueue.rs:414:18
    |
414 |     let result = unsafe { mq_getattr(mqd, attr_ptr) };
    |                  ^^^^^^ unnecessary `unsafe` block

warning: unnecessary `unsafe` block
   --> kernel/src/syscalls/mqueue.rs:454:18
    |
454 |     let result = unsafe { mq_setattr(mqd, attr_ptr) };
    |                  ^^^^^^ unnecessary `unsafe` block

warning: unnecessary `unsafe` block
   --> kernel/src/syscalls/mqueue.rs:505:18
    |
505 |     let result = unsafe { mq_notify(mqd, &notification) };
    |                  ^^^^^^ unnecessary `unsafe` block

error[E0382]: borrow of moved value: `error_record`
   --> kernel/src/syscalls/enhanced_error_handler.rs:120:55
    |
116 |         let error_record = self.create_error_record(&unified_error, &enhanced_context, &handling_result);
    |             ------------ move occurs because `error_record` has type `error_handling::ErrorRecord`, which does not implement the `Copy` trait
117 |         let _ = self.error_predictor.add_error_record(error_record);
    |                                                       ------------ value moved here
...
120 |         let _ = self.self_healing_system.handle_error(&error_record);
    |                                                       ^^^^^^^^^^^^^ value borrowed here after move
    |
note: consider changing this parameter type in method `add_error_record` to borrow instead if owning the value isn't necessary
   --> kernel/src/error_handling/error_prediction.rs:435:50
    |
435 |     pub fn add_error_record(&self, error_record: ErrorRecord) -> Result<(), &'static str> {
    |            ---------------- in this method       ^^^^^^^^^^^ this parameter takes ownership of the value
help: consider cloning the value if the performance cost is acceptable
    |
117 |         let _ = self.error_predictor.add_error_record(error_record.clone());
    |                                                                   ++++++++

warning: unused variable: `error_id`
  --> kernel/src/syscalls/enhanced_error_handler.rs:88:13
   |
88 |         let error_id = self.error_counter.fetch_add(1, Ordering::SeqCst);
   |             ^^^^^^^^ help: if this is intentional, prefix it with an underscore: `_error_id`

warning: unused variable: `syscall_name`
   --> kernel/src/syscalls/enhanced_error_handler.rs:137:9
    |
137 |         syscall_name: &str,
    |         ^^^^^^^^^^^^ help: if this is intentional, prefix it with an underscore: `_syscall_name`

warning: unused variable: `args`
   --> kernel/src/syscalls/enhanced_error_handler.rs:139:9
    |
139 |         args: &[u64],
    |         ^^^^ help: if this is intentional, prefix it with an underscore: `_args`

warning: unused variable: `context`
   --> kernel/src/syscalls/enhanced_error_handler.rs:140:9
    |
140 |         context: Option<&SyscallContext>
    |         ^^^^^^^ help: if this is intentional, prefix it with an underscore: `_context`

warning: unused variable: `error_type`
   --> kernel/src/syscalls/enhanced_error_handler.rs:142:14
    |
142 |         let (error_type, category, severity) = self.classify_syscall_error(syscall_num, error);
    |              ^^^^^^^^^^ help: if this is intentional, prefix it with an underscore: `_error_type`

warning: unused variable: `category`
   --> kernel/src/syscalls/enhanced_error_handler.rs:142:26
    |
142 |         let (error_type, category, severity) = self.classify_syscall_error(syscall_num, error);
    |                          ^^^^^^^^ help: if this is intentional, prefix it with an underscore: `_category`

warning: unused variable: `severity`
   --> kernel/src/syscalls/enhanced_error_handler.rs:142:36
    |
142 |         let (error_type, category, severity) = self.classify_syscall_error(syscall_num, error);
    |                                    ^^^^^^^^ help: if this is intentional, prefix it with an underscore: `_severity`

warning: unused variable: `limit`
   --> kernel/src/syscalls/enhanced_error_handler.rs:474:35
    |
474 |     pub fn get_predictions(&self, limit: Option<usize>) -> Result<Vec<crate::error_handling::ErrorPrediction>, &'static str> {
    |                                   ^^^^^ help: if this is intentional, prefix it with an underscore: `_limit`

error[E0512]: cannot transmute between types of different sizes, or dependently-sized types
   --> kernel/src/syscalls/advanced_signal.rs:180:42
    |
180 |                 let info_data = unsafe { core::mem::transmute::<SigInfoT, [u8; 128]>(info) };
    |                                          ^^^^^^^^^^^^^^^^^^^^^^^^^^^^^^^^^^^^^^^^^^^
    |
    = note: source type: `SigInfoT` (640 bits)
    = note: target type: `[u8; 128]` (1024 bits)

error[E0004]: non-exhaustive patterns: `Err(posix::advanced_signal::SignalWaitError::Timeout)` and `Err(posix::advanced_signal::SignalWaitError::InvalidTimeout)` not covered
   --> kernel/src/syscalls/advanced_signal.rs:251:11
    |
251 |     match sigwaitinfo(&sigmask) {
    |           ^^^^^^^^^^^^^^^^^^^^^ patterns `Err(posix::advanced_signal::SignalWaitError::Timeout)` and `Err(posix::advanced_signal::SignalWaitError::InvalidTimeout)` not covered
    |
note: `core::result::Result<SigInfoT, posix::advanced_signal::SignalWaitError>` defined here
   --> /Users/didi/.rustup/toolchains/nightly-aarch64-apple-darwin/lib/rustlib/src/rust/library/core/src/result.rs:557:1
    |
557 | pub enum Result<T, E> {
    | ^^^^^^^^^^^^^^^^^^^^^
...
566 |     Err(#[stable(feature = "rust1", since = "1.0.0")] E),
    |     --- not covered
    = note: the matched value is of type `core::result::Result<SigInfoT, posix::advanced_signal::SignalWaitError>`
help: ensure that all possible cases are being handled by adding a match arm with a wildcard pattern, a match arm with multiple or-patterns as shown, or multiple match arms
    |
269 ~         Err(SignalWaitError::InvalidMask) => Err(SyscallError::InvalidArgument),
270 ~         Err(posix::advanced_signal::SignalWaitError::Timeout) | Err(posix::advanced_signal::SignalWaitError::InvalidTimeout) => todo!(),
    |

error[E0512]: cannot transmute between types of different sizes, or dependently-sized types
   --> kernel/src/syscalls/advanced_signal.rs:255:42
    |
255 |                 let info_data = unsafe { core::mem::transmute::<SigInfoT, [u8; 128]>(info) };
    |                                          ^^^^^^^^^^^^^^^^^^^^^^^^^^^^^^^^^^^^^^^^^^^
    |
    = note: source type: `SigInfoT` (640 bits)
    = note: target type: `[u8; 128]` (1024 bits)

error[E0004]: non-exhaustive patterns: `Err(posix::advanced_thread::ThreadError::InvalidPolicy)`, `Err(posix::advanced_thread::ThreadError::InvalidPriority)`, `Err(posix::advanced_thread::ThreadError::InvalidInherit)` and 6 more not covered
   --> kernel/src/syscalls/advanced_thread.rs:576:11
    |
576 |     match pthread_getschedparam(thread_id) {
    |           ^^^^^^^^^^^^^^^^^^^^^^^^^^^^^^^^ patterns `Err(posix::advanced_thread::ThreadError::InvalidPolicy)`, `Err(posix::advanced_thread::ThreadError::InvalidPriority)`, `Err(posix::advanced_thread::ThreadError::InvalidInherit)` and 6 more not covered
    |
note: `core::result::Result<posix::realtime::SchedParam, posix::advanced_thread::ThreadError>` defined here
   --> /Users/didi/.rustup/toolchains/nightly-aarch64-apple-darwin/lib/rustlib/src/rust/library/core/src/result.rs:557:1
    |
557 | pub enum Result<T, E> {
    | ^^^^^^^^^^^^^^^^^^^^^
...
566 |     Err(#[stable(feature = "rust1", since = "1.0.0")] E),
    |     --- not covered
    = note: the matched value is of type `core::result::Result<posix::realtime::SchedParam, posix::advanced_thread::ThreadError>`
help: ensure that all possible cases are being handled by adding a match arm with a wildcard pattern as shown, or multiple match arms
    |
610 ~         Err(ThreadError::ThreadNotFound) => Err(SyscallError::BadAddress),
611 ~         _ => todo!(),
    |

error[E0512]: cannot transmute between types of different sizes, or dependently-sized types
   --> kernel/src/syscalls/advanced_thread.rs:598:43
    |
598 |                 let param_data = unsafe { core::mem::transmute::<SchedParam, [u8; 16]>(param) };
    |                                           ^^^^^^^^^^^^^^^^^^^^^^^^^^^^^^^^^^^^^^^^^^^^
    |
    = note: source type: `posix::realtime::SchedParam` (32 bits)
    = note: target type: `[u8; 16]` (128 bits)

error[E0004]: non-exhaustive patterns: `Err(posix::advanced_thread::ThreadError::InvalidPolicy)`, `Err(posix::advanced_thread::ThreadError::InvalidPriority)`, `Err(posix::advanced_thread::ThreadError::InvalidInherit)` and 5 more not covered
   --> kernel/src/syscalls/advanced_thread.rs:632:11
    |
632 |     match pthread_getcpuclockid(thread_id, clock_id) {
    |           ^^^^^^^^^^^^^^^^^^^^^^^^^^^^^^^^^^^^^^^^^^ patterns `Err(posix::advanced_thread::ThreadError::InvalidPolicy)`, `Err(posix::advanced_thread::ThreadError::InvalidPriority)`, `Err(posix::advanced_thread::ThreadError::InvalidInherit)` and 5 more not covered
    |
note: `core::result::Result<i32, posix::advanced_thread::ThreadError>` defined here
   --> /Users/didi/.rustup/toolchains/nightly-aarch64-apple-darwin/lib/rustlib/src/rust/library/core/src/result.rs:557:1
    |
557 | pub enum Result<T, E> {
    | ^^^^^^^^^^^^^^^^^^^^^
...
566 |     Err(#[stable(feature = "rust1", since = "1.0.0")] E),
    |     --- not covered
    = note: the matched value is of type `core::result::Result<i32, posix::advanced_thread::ThreadError>`
help: ensure that all possible cases are being handled by adding a match arm with a wildcard pattern as shown, or multiple match arms
    |
665 ~         Err(ThreadError::NotSupported) => Err(SyscallError::NotSupported),
666 ~         _ => todo!(),
    |

error[E0004]: non-exhaustive patterns: `Err(posix::security::SecurityError::InvalidCapability)`, `Err(posix::security::SecurityError::GroupNotFound)`, `Err(posix::security::SecurityError::InvalidArgument)` and 3 more not covered
   --> kernel/src/syscalls/security.rs:718:11
    |
718 |     match seteuid(euid) {
    |           ^^^^^^^^^^^^^ patterns `Err(posix::security::SecurityError::InvalidCapability)`, `Err(posix::security::SecurityError::GroupNotFound)`, `Err(posix::security::SecurityError::InvalidArgument)` and 3 more not covered
    |
note: `core::result::Result<(), posix::security::SecurityError>` defined here
   --> /Users/didi/.rustup/toolchains/nightly-aarch64-apple-darwin/lib/rustlib/src/rust/library/core/src/result.rs:557:1
    |
557 | pub enum Result<T, E> {
    | ^^^^^^^^^^^^^^^^^^^^^
...
566 |     Err(#[stable(feature = "rust1", since = "1.0.0")] E),
    |     --- not covered
    = note: the matched value is of type `core::result::Result<(), posix::security::SecurityError>`
help: ensure that all possible cases are being handled by adding a match arm with a wildcard pattern as shown, or multiple match arms
    |
721 ~         Err(SecurityError::UserNotFound) => Err(SyscallError::NotFound),
722 ~         _ => todo!(),
    |

error[E0004]: non-exhaustive patterns: `Err(posix::security::SecurityError::InvalidCapability)`, `Err(posix::security::SecurityError::UserNotFound)`, `Err(posix::security::SecurityError::InvalidArgument)` and 3 more not covered
   --> kernel/src/syscalls/security.rs:739:11
    |
739 |     match setegid(egid) {
    |           ^^^^^^^^^^^^^ patterns `Err(posix::security::SecurityError::InvalidCapability)`, `Err(posix::security::SecurityError::UserNotFound)`, `Err(posix::security::SecurityError::InvalidArgument)` and 3 more not covered
    |
note: `core::result::Result<(), posix::security::SecurityError>` defined here
   --> /Users/didi/.rustup/toolchains/nightly-aarch64-apple-darwin/lib/rustlib/src/rust/library/core/src/result.rs:557:1
    |
557 | pub enum Result<T, E> {
    | ^^^^^^^^^^^^^^^^^^^^^
...
566 |     Err(#[stable(feature = "rust1", since = "1.0.0")] E),
    |     --- not covered
    = note: the matched value is of type `core::result::Result<(), posix::security::SecurityError>`
help: ensure that all possible cases are being handled by adding a match arm with a wildcard pattern as shown, or multiple match arms
    |
742 ~         Err(SecurityError::GroupNotFound) => Err(SyscallError::NotFound),
743 ~         _ => todo!(),
    |

error[E0004]: non-exhaustive patterns: `Err(posix::security::SecurityError::InvalidCapability)`, `Err(posix::security::SecurityError::GroupNotFound)`, `Err(posix::security::SecurityError::InvalidArgument)` and 3 more not covered
   --> kernel/src/syscalls/security.rs:762:11
    |
762 |     match setreuid(ruid, euid) {
    |           ^^^^^^^^^^^^^^^^^^^^ patterns `Err(posix::security::SecurityError::InvalidCapability)`, `Err(posix::security::SecurityError::GroupNotFound)`, `Err(posix::security::SecurityError::InvalidArgument)` and 3 more not covered
    |
note: `core::result::Result<(), posix::security::SecurityError>` defined here
   --> /Users/didi/.rustup/toolchains/nightly-aarch64-apple-darwin/lib/rustlib/src/rust/library/core/src/result.rs:557:1
    |
557 | pub enum Result<T, E> {
    | ^^^^^^^^^^^^^^^^^^^^^
...
566 |     Err(#[stable(feature = "rust1", since = "1.0.0")] E),
    |     --- not covered
    = note: the matched value is of type `core::result::Result<(), posix::security::SecurityError>`
help: ensure that all possible cases are being handled by adding a match arm with a wildcard pattern as shown, or multiple match arms
    |
765 ~         Err(SecurityError::UserNotFound) => Err(SyscallError::NotFound),
766 ~         _ => todo!(),
    |

error[E0004]: non-exhaustive patterns: `Err(posix::security::SecurityError::InvalidCapability)`, `Err(posix::security::SecurityError::UserNotFound)`, `Err(posix::security::SecurityError::InvalidArgument)` and 3 more not covered
   --> kernel/src/syscalls/security.rs:785:11
    |
785 |     match setregid(rgid, egid) {
    |           ^^^^^^^^^^^^^^^^^^^^ patterns `Err(posix::security::SecurityError::InvalidCapability)`, `Err(posix::security::SecurityError::UserNotFound)`, `Err(posix::security::SecurityError::InvalidArgument)` and 3 more not covered
    |
note: `core::result::Result<(), posix::security::SecurityError>` defined here
   --> /Users/didi/.rustup/toolchains/nightly-aarch64-apple-darwin/lib/rustlib/src/rust/library/core/src/result.rs:557:1
    |
557 | pub enum Result<T, E> {
    | ^^^^^^^^^^^^^^^^^^^^^
...
566 |     Err(#[stable(feature = "rust1", since = "1.0.0")] E),
    |     --- not covered
    = note: the matched value is of type `core::result::Result<(), posix::security::SecurityError>`
help: ensure that all possible cases are being handled by adding a match arm with a wildcard pattern as shown, or multiple match arms
    |
788 ~         Err(SecurityError::GroupNotFound) => Err(SyscallError::NotFound),
789 ~         _ => todo!(),
    |

warning: unused variable: `file`
   --> kernel/src/process/manager.rs:908:21
    |
908 |         if let Some(file) = fd {
    |                     ^^^^ help: if this is intentional, prefix it with an underscore: `_file`

warning: variable does not need to be mutable
   --> kernel/src/process/thread.rs:799:9
    |
799 |     let mut table = thread_table();
    |         ----^^^^^
    |         |
    |         help: remove this `mut`

warning: variable does not need to be mutable
   --> kernel/src/process/thread.rs:815:13
    |
815 |         let mut table = thread_table();
    |             ----^^^^^
    |             |
    |             help: remove this `mut`

warning: variable does not need to be mutable
   --> kernel/src/process/thread.rs:846:9
    |
846 |     let mut table = thread_table();
    |         ----^^^^^
    |         |
    |         help: remove this `mut`

warning: variable does not need to be mutable
   --> kernel/src/process/thread.rs:895:9
    |
895 |     let mut table = thread_table();
    |         ----^^^^^
    |         |
    |         help: remove this `mut`

warning: variable does not need to be mutable
   --> kernel/src/process/thread.rs:917:13
    |
917 |         let mut table = thread_table();
    |             ----^^^^^
    |             |
    |             help: remove this `mut`

warning: variable does not need to be mutable
   --> kernel/src/process/thread.rs:971:13
    |
971 |         let mut table = thread_table();
    |             ----^^^^^
    |             |
    |             help: remove this `mut`

warning: unused variable: `current_tid`
    --> kernel/src/process/thread.rs:1017:25
     |
1017 | fn find_realtime_thread(current_tid: Option<Tid>) -> Option<Tid> {
     |                         ^^^^^^^^^^^ help: if this is intentional, prefix it with an underscore: `_current_tid`

warning: variable does not need to be mutable
    --> kernel/src/process/thread.rs:1075:17
     |
1075 |             let mut table = thread_table();
     |                 ----^^^^^
     |                 |
     |                 help: remove this `mut`

warning: variable does not need to be mutable
    --> kernel/src/process/thread.rs:1113:9
     |
1113 |     let mut table = thread_table();
     |         ----^^^^^
     |         |
     |         help: remove this `mut`

warning: variable does not need to be mutable
    --> kernel/src/process/thread.rs:1161:9
     |
1161 |     let mut table = thread_table();
     |         ----^^^^^
     |         |
     |         help: remove this `mut`

warning: variable does not need to be mutable
    --> kernel/src/process/thread.rs:1184:9
     |
1184 |     let mut table = thread_table();
     |         ----^^^^^
     |         |
     |         help: remove this `mut`

warning: unused variable: `dynamic_addr`
   --> kernel/src/process/exec.rs:141:17
    |
141 |             let dynamic_addr = elf_info.base + dynamic_phdr.p_vaddr as usize;
    |                 ^^^^^^^^^^^^ help: if this is intentional, prefix it with an underscore: `_dynamic_addr`

warning: unused variable: `dynamic_size`
   --> kernel/src/process/exec.rs:142:17
    |
142 |             let dynamic_size = dynamic_phdr.p_memsz as usize;
    |                 ^^^^^^^^^^^^ help: if this is intentional, prefix it with an underscore: `_dynamic_size`

warning: value assigned to `cur` is never read
   --> kernel/src/process/exec.rs:544:9
    |
544 |         cur += p.len() + 1;
    |         ^^^^^^^^^^^^^^^^^^
    |
    = help: maybe it is overwritten before being read?

warning: unnecessary `unsafe` block
   --> kernel/src/process/lock_optimized.rs:486:9
    |
486 |         unsafe {
    |         ^^^^^^ unnecessary `unsafe` block

warning: unnecessary `unsafe` block
   --> kernel/src/process/lock_optimized.rs:494:9
    |
494 |         unsafe {
    |         ^^^^^^ unnecessary `unsafe` block

warning: unnecessary `unsafe` block
   --> kernel/src/process/lock_optimized.rs:502:9
    |
502 |         unsafe {
    |         ^^^^^^ unnecessary `unsafe` block

warning: unnecessary `unsafe` block
   --> kernel/src/process/lock_optimized.rs:510:9
    |
510 |         unsafe {
    |         ^^^^^^ unnecessary `unsafe` block

warning: unnecessary `unsafe` block
   --> kernel/src/process/lock_optimized.rs:518:9
    |
518 |         unsafe {
    |         ^^^^^^ unnecessary `unsafe` block

warning: unnecessary `unsafe` block
   --> kernel/src/process/lock_optimized.rs:526:9
    |
526 |         unsafe {
    |         ^^^^^^ unnecessary `unsafe` block

warning: unnecessary `unsafe` block
   --> kernel/src/process/lock_optimized.rs:534:9
    |
534 |         unsafe {
    |         ^^^^^^ unnecessary `unsafe` block

warning: unnecessary `unsafe` block
   --> kernel/src/process/lock_optimized.rs:542:5
    |
542 |     unsafe {
    |     ^^^^^^ unnecessary `unsafe` block

warning: unnecessary `unsafe` block
   --> kernel/src/process/lock_optimized.rs:549:5
    |
549 |     unsafe {
    |     ^^^^^^ unnecessary `unsafe` block

warning: unused variable: `metric_name`
    --> kernel/src/reliability/graceful_degradation.rs:1369:18
     |
1369 |             for (metric_name, metric) in &mut controller.quality_metrics {
     |                  ^^^^^^^^^^^ help: if this is intentional, prefix it with an underscore: `_metric_name`

warning: unused variable: `metric_name`
    --> kernel/src/reliability/graceful_degradation.rs:1653:18
     |
1653 |             for (metric_name, metric) in &mut controller.quality_metrics {
     |                  ^^^^^^^^^^^ help: if this is intentional, prefix it with an underscore: `_metric_name`

warning: unused variable: `source`
    --> kernel/src/reliability/graceful_degradation.rs:1688:85
     |
1688 |     fn add_session_log(&mut self, session_id: &str, level: LogLevel, message: &str, source: &str) {
     |                                                                                     ^^^^^^ help: if this is intentional, prefix it with an underscore: `_source`

warning: unnecessary `unsafe` block
   --> kernel/src/boot/mod.rs:209:55
    |
207 |     unsafe {
    |     ------ because it's nested under this `unsafe` block
208 |         if !BOOT_INITIALIZED {
209 |             BOOT_PARAMETERS = params.as_ref().map(|p| unsafe { core::ptr::read(p as *const BootParameters) });
    |                                                       ^^^^^^ unnecessary `unsafe` block

warning: unused variable: `params`
   --> kernel/src/boot/mod.rs:329:17
    |
329 |     if let Some(params) = get_boot_parameters() {
    |                 ^^^^^^ help: if this is intentional, prefix it with an underscore: `_params`

warning: unused variable: `current_time`
   --> kernel/src/cloud_native/oci.rs:401:13
    |
401 |         let current_time = self.get_current_time();
    |             ^^^^^^^^^^^^ help: if this is intentional, prefix it with an underscore: `_current_time`

warning: unused variable: `spec`
   --> kernel/src/cloud_native/oci.rs:554:13
    |
554 |         let spec = self.containers.get(container_id)
    |             ^^^^ help: if this is intentional, prefix it with an underscore: `_spec`

warning: unused variable: `queue_config`
   --> kernel/src/cloud_native/virtio.rs:381:21
    |
381 |         for (index, queue_config) in self.config.queue_configs.iter().enumerate() {
    |                     ^^^^^^^^^^^^ help: if this is intentional, prefix it with an underscore: `_queue_config`

warning: unused variable: `descriptor`
   --> kernel/src/cloud_native/virtio.rs:448:17
    |
448 |             let descriptor = &queue.descriptors.descriptors[descriptor_index as usize];
    |                 ^^^^^^^^^^ help: if this is intentional, prefix it with an underscore: `_descriptor`

warning: unused variable: `queue`
   --> kernel/src/cloud_native/virtio.rs:482:37
    |
482 |     fn find_descriptor_by_id(&self, queue: &VirtIOQueue, id: u32) -> Option<u16> {
    |                                     ^^^^^ help: if this is intentional, prefix it with an underscore: `_queue`

warning: variable does not need to be mutable
   --> kernel/src/cloud_native/virtio.rs:533:13
    |
533 |         let mut queue = self.queues[queue_index as usize].lock();
    |             ----^^^^^
    |             |
    |             help: remove this `mut`

warning: variable does not need to be mutable
   --> kernel/src/cloud_native/virtio.rs:834:9
    |
834 |     let mut request: Vec<u8> = vec![
    |         ----^^^^^^^
    |         |
    |         help: remove this `mut`

warning: variable does not need to be mutable
   --> kernel/src/cloud_native/container.rs:480:19
    |
480 |     pub fn remove(mut self) -> Result<(), i32> {
    |                   ----^^^^
    |                   |
    |                   help: remove this `mut`

warning: unused variable: `pid`
   --> kernel/src/cloud_native/container.rs:787:29
    |
787 |     fn get_cpu_usage(&self, pid: u32) -> f64 {
    |                             ^^^ help: if this is intentional, prefix it with an underscore: `_pid`

warning: unused variable: `pid`
   --> kernel/src/cloud_native/container.rs:793:32
    |
793 |     fn get_memory_usage(&self, pid: u32) -> u64 {
    |                                ^^^ help: if this is intentional, prefix it with an underscore: `_pid`

warning: unused variable: `pid`
   --> kernel/src/cloud_native/container.rs:799:36
    |
799 |     fn get_network_io_stats(&self, pid: u32) -> NetworkIOStats {
    |                                    ^^^ help: if this is intentional, prefix it with an underscore: `_pid`

warning: unused variable: `pid`
   --> kernel/src/cloud_native/container.rs:810:33
    |
810 |     fn get_disk_io_stats(&self, pid: u32) -> DiskIOStats {
    |                                 ^^^ help: if this is intentional, prefix it with an underscore: `_pid`

warning: variable does not need to be mutable
   --> kernel/src/cloud_native/container.rs:995:9
    |
995 |     let mut cont = container.lock();
    |         ----^^^^
    |         |
    |         help: remove this `mut`

warning: unused variable: `resolv_conf_path`
   --> kernel/src/cloud_native/namespaces.rs:566:13
    |
566 |         let resolv_conf_path = "/etc/resolv.conf";
    |             ^^^^^^^^^^^^^^^^ help: if this is intentional, prefix it with an underscore: `_resolv_conf_path`

warning: variable does not need to be mutable
   --> kernel/src/compat/loader.rs:115:13
    |
115 |         let mut loaded_binary = handler.load_binary(info, data, &self.memory_manager)?;
    |             ----^^^^^^^^^^^^^
    |             |
    |             help: remove this `mut`

warning: unnecessary `unsafe` block
   --> kernel/src/compat/syscall_translator.rs:452:9
    |
452 |         unsafe {
    |         ^^^^^^ unnecessary `unsafe` block

warning: unused variable: `entry_point`
   --> kernel/src/compat/syscall_translator.rs:471:32
    |
471 |     fn execute_jit_code(&self, entry_point: usize, syscall: &ForeignSyscall) -> Result<isize> {
    |                                ^^^^^^^^^^^ help: if this is intentional, prefix it with an underscore: `_entry_point`

warning: unused variable: `syscall`
   --> kernel/src/compat/syscall_translator.rs:471:52
    |
471 |     fn execute_jit_code(&self, entry_point: usize, syscall: &ForeignSyscall) -> Result<isize> {
    |                                                    ^^^^^^^ help: if this is intentional, prefix it with an underscore: `_syscall`

warning: variable does not need to be mutable
   --> kernel/src/compat/syscall_translator.rs:503:13
    |
503 |         let mut special_handlers: BTreeMap<u32, Box<dyn SpecialHandler + Send + Sync>> = BTreeMap::new();
    |             ----^^^^^^^^^^^^^^^^
    |             |
    |             help: remove this `mut`

warning: variable does not need to be mutable
    --> kernel/src/compat/syscall_translator.rs:1043:13
     |
1043 |         let mut name_to_number = BTreeMap::new();
     |             ----^^^^^^^^^^^^^^
     |             |
     |             help: remove this `mut`

warning: variable does not need to be mutable
    --> kernel/src/compat/syscall_translator.rs:1044:13
     |
1044 |         let mut number_translation = BTreeMap::new();
     |             ----^^^^^^^^^^^^^^^^^^
     |             |
     |             help: remove this `mut`

warning: variable does not need to be mutable
    --> kernel/src/compat/syscall_translator.rs:1045:13
     |
1045 |         let mut special_handlers: BTreeMap<u32, Box<dyn SpecialHandler + Send + Sync>> = BTreeMap::new();
     |             ----^^^^^^^^^^^^^^^^
     |             |
     |             help: remove this `mut`

warning: variable does not need to be mutable
    --> kernel/src/compat/syscall_translator.rs:1060:13
     |
1060 |         let mut name_to_number = BTreeMap::new();
     |             ----^^^^^^^^^^^^^^
     |             |
     |             help: remove this `mut`

warning: variable does not need to be mutable
    --> kernel/src/compat/syscall_translator.rs:1061:13
     |
1061 |         let mut number_translation = BTreeMap::new();
     |             ----^^^^^^^^^^^^^^^^^^
     |             |
     |             help: remove this `mut`

warning: variable does not need to be mutable
    --> kernel/src/compat/syscall_translator.rs:1062:13
     |
1062 |         let mut special_handlers: BTreeMap<u32, Box<dyn SpecialHandler + Send + Sync>> = BTreeMap::new();
     |             ----^^^^^^^^^^^^^^^^
     |             |
     |             help: remove this `mut`

warning: variable does not need to be mutable
    --> kernel/src/compat/syscall_translator.rs:1106:21
     |
1106 |                 let mut jit = self.jit_compiler.lock();
     |                     ----^^^
     |                     |
     |                     help: remove this `mut`

warning: unused variable: `jit`
    --> kernel/src/compat/syscall_translator.rs:1106:21
     |
1106 |                 let mut jit = self.jit_compiler.lock();
     |                     ^^^^^^^ help: if this is intentional, prefix it with an underscore: `_jit`

warning: unused variable: `cached`
    --> kernel/src/compat/syscall_translator.rs:1126:39
     |
1126 |     pub fn compile_syscall(&mut self, cached: &CachedTranslation) -> Result<usize> {
     |                                       ^^^^^^ help: if this is intentional, prefix it with an underscore: `_cached`

warning: unused variable: `from_platform`
   --> kernel/src/compat/abi.rs:147:40
    |
147 |     pub fn convert_return_value(&self, from_platform: TargetPlatform, to_platform: TargetPlatform,
    |                                        ^^^^^^^^^^^^^ help: if this is intentional, prefix it with an underscore: `_from_platform`

warning: unused variable: `to_platform`
   --> kernel/src/compat/abi.rs:147:71
    |
147 |     pub fn convert_return_value(&self, from_platform: TargetPlatform, to_platform: TargetPlatform,
    |                                                                       ^^^^^^^^^^^ help: if this is intentional, prefix it with an underscore: `_to_platform`

warning: unused variable: `layout`
   --> kernel/src/compat/abi.rs:469:21
    |
469 |         if let Some(layout) = &self.stack_layout {
    |                     ^^^^^^ help: if this is intentional, prefix it with an underscore: `_layout`

warning: variable does not need to be mutable
  --> kernel/src/compat/platforms/windows.rs:46:31
   |
46 |     fn load_binary(&mut self, mut info: BinaryInfo) -> Result<LoadedBinary> {
   |                               ----^^^^
   |                               |
   |                               help: remove this `mut`

warning: unused variable: `info`
  --> kernel/src/compat/platforms/windows.rs:79:30
   |
79 |     fn create_context(&self, info: &BinaryInfo) -> Result<PlatformContext> {
   |                              ^^^^ help: if this is intentional, prefix it with an underscore: `_info`

warning: unused variable: `info`
  --> kernel/src/compat/platforms/macos.rs:72:30
   |
72 |     fn create_context(&self, info: &BinaryInfo) -> Result<PlatformContext> {
   |                              ^^^^ help: if this is intentional, prefix it with an underscore: `_info`

warning: unused variable: `info`
  --> kernel/src/compat/platforms/linux.rs:76:30
   |
76 |     fn create_context(&self, info: &BinaryInfo) -> Result<PlatformContext> {
   |                              ^^^^ help: if this is intentional, prefix it with an underscore: `_info`

warning: unused variable: `info`
  --> kernel/src/compat/platforms/android.rs:82:30
   |
82 |     fn create_context(&self, info: &BinaryInfo) -> Result<PlatformContext> {
   |                              ^^^^ help: if this is intentional, prefix it with an underscore: `_info`

warning: unused variable: `info`
  --> kernel/src/compat/platforms/ios.rs:84:30
   |
84 |     fn create_context(&self, info: &BinaryInfo) -> Result<PlatformContext> {
   |                              ^^^^ help: if this is intentional, prefix it with an underscore: `_info`

warning: unused variable: `platform`
   --> kernel/src/compat/graphics.rs:614:47
    |
614 |     pub fn create_graphics_context(&mut self, platform: TargetPlatform, config: GraphicsConfig) -> Result<()> {
    |                                               ^^^^^^^^ help: if this is intentional, prefix it with an underscore: `_platform`

warning: unused variable: `config`
   --> kernel/src/compat/graphics.rs:614:73
    |
614 |     pub fn create_graphics_context(&mut self, platform: TargetPlatform, config: GraphicsConfig) -> Result<()> {
    |                                                                         ^^^^^^ help: if this is intentional, prefix it with an underscore: `_config`

warning: variable does not need to be mutable
   --> kernel/src/compat/mod.rs:559:9
    |
559 |     let mut platform_modules: HashMap<TargetPlatform, Arc<dyn PlatformModule>, DefaultHasherBuilder> = HashMap::with_hasher(Default...
    |         ----^^^^^^^^^^^^^^^^
    |         |
    |         help: remove this `mut`

warning: unused variable: `function_name`
   --> kernel/src/debug/profiling.rs:632:58
    |
632 |     fn generate_function_optimization_suggestions(&self, function_name: &str, stat: &FunctionStatistics) -> Vec<String> {
    |                                                          ^^^^^^^^^^^^^ help: if this is intentional, prefix it with an underscore: `_function_name`

warning: unused variable: `time_diff`
   --> kernel/src/debug/metrics.rs:606:17
    |
606 |             let time_diff = current_time - *last_collection;
    |                 ^^^^^^^^^ help: if this is intentional, prefix it with an underscore: `_time_diff`

warning: unused variable: `system_usage`
   --> kernel/src/debug/metrics.rs:614:21
    |
614 |                 let system_usage = (system_diff as f64 / total_diff as f64) * 100.0;
    |                     ^^^^^^^^^^^^ help: if this is intentional, prefix it with an underscore: `_system_usage`

warning: unused variable: `idle_usage`
   --> kernel/src/debug/metrics.rs:615:21
    |
615 |                 let idle_usage = (idle_diff as f64 / total_diff as f64) * 100.0;
    |                     ^^^^^^^^^^ help: if this is intentional, prefix it with an underscore: `_idle_usage`

warning: unused variable: `rule`
    --> kernel/src/debug/fault_diagnosis.rs:1328:34
     |
1328 |     fn determine_severity(&self, rule: &DiagnosisRule, input_data: &DiagnosisInput) -> FaultSeverity {
     |                                  ^^^^ help: if this is intentional, prefix it with an underscore: `_rule`

warning: unused variable: `model`
    --> kernel/src/debug/fault_diagnosis.rs:1401:43
     |
1401 |     fn calculate_fault_probability(&self, model: &PredictionModel, input_data: &DiagnosisInput) -> f64 {
     |                                           ^^^^^ help: if this is intentional, prefix it with an underscore: `_model`

warning: unused variable: `device`
   --> kernel/src/drivers/device_manager.rs:837:42
    |
837 |     fn detect_device_capabilities(&self, device: &Device) -> DeviceCapabilities {
    |                                          ^^^^^^ help: if this is intentional, prefix it with an underscore: `_device`

warning: unused variable: `driver_name`
   --> kernel/src/drivers/device_manager.rs:867:44
    |
867 |     fn notify_driver_device_removed(&self, driver_name: &str, device: &Device) -> Result<(), DeviceManagerError> {
    |                                            ^^^^^^^^^^^ help: if this is intentional, prefix it with an underscore: `_driver_name`

warning: unused variable: `device`
   --> kernel/src/drivers/device_manager.rs:867:63
    |
867 |     fn notify_driver_device_removed(&self, driver_name: &str, device: &Device) -> Result<(), DeviceManagerError> {
    |                                                               ^^^^^^ help: if this is intentional, prefix it with an underscore: `_device`

warning: unused variable: `device_id`
   --> kernel/src/drivers/device_manager.rs:913:14
    |
913 |         for (device_id, managed_device) in devices.iter_mut() {
    |              ^^^^^^^^^ help: if this is intentional, prefix it with an underscore: `_device_id`

warning: unnecessary `unsafe` block
  --> kernel/src/drivers/syscon.rs:16:47
   |
16 |     pub fn read32(&self, off: usize) -> u32 { unsafe { crate::mm::mmio_read32(self.p32(off) as *const u32) } }
   |                                               ^^^^^^ unnecessary `unsafe` block

warning: unnecessary `unsafe` block
  --> kernel/src/drivers/syscon.rs:18:51
   |
18 |     pub fn write32(&self, off: usize, val: u32) { unsafe { crate::mm::mmio_write32(self.p32(off), val) } }
   |                                                   ^^^^^^ unnecessary `unsafe` block

warning: unnecessary `unsafe` block
  --> kernel/src/drivers/syscon.rs:20:47
   |
20 |     pub fn read64(&self, off: usize) -> u64 { unsafe { crate::mm::mmio_read64(self.p64(off) as *const u64) } }
   |                                               ^^^^^^ unnecessary `unsafe` block

warning: unnecessary `unsafe` block
  --> kernel/src/drivers/syscon.rs:22:51
   |
22 |     pub fn write64(&self, off: usize, val: u64) { unsafe { crate::mm::mmio_write64(self.p64(off), val) } }
   |                                                   ^^^^^^ unnecessary `unsafe` block

warning: unused variable: `completion`
   --> kernel/src/drivers/nvme.rs:892:13
    |
892 |         let completion = self.wait_for_completion(0)?;
    |             ^^^^^^^^^^ help: if this is intentional, prefix it with an underscore: `_completion`

warning: unused variable: `start_time`
   --> kernel/src/error_handling/error_classifier.rs:447:13
    |
447 |         let start_time = SystemTime::now().duration_since(SystemTime::UNIX_EPOCH).unwrap_or_default();
    |             ^^^^^^^^^^ help: if this is intentional, prefix it with an underscore: `_start_time`

warning: value assigned to `best_confidence` is never read
   --> kernel/src/error_handling/error_classifier.rs:487:21
    |
487 |                     best_confidence = ml_confidence;
    |                     ^^^^^^^^^^^^^^^^^^^^^^^^^^^^^^^
    |
    = help: maybe it is overwritten before being read?

warning: unused variable: `context`
   --> kernel/src/error_handling/error_classifier.rs:536:51
    |
536 |             ClassificationCondition::ContextMatch(context) => {
    |                                                   ^^^^^^^ help: if this is intentional, prefix it with an underscore: `_context`

warning: value assigned to `confidence` is never read
   --> kernel/src/error_handling/error_classifier.rs:556:30
    |
556 |         let mut confidence = 1.0;
    |                              ^^^
    |
    = help: maybe it is overwritten before being read?

warning: value assigned to `suggestions` is never read
   --> kernel/src/error_handling/diagnostic_analyzer.rs:647:31
    |
647 |         let mut suggestions = Vec::new();
    |                               ^^^^^^^^^^
    |
    = help: maybe it is overwritten before being read?

warning: unused variable: `window`
   --> kernel/src/error_handling/diagnostic_analyzer.rs:727:49
    |
727 |             MatchCondition::Frequency(min_freq, window) => {
    |                                                 ^^^^^^ help: if this is intentional, prefix it with an underscore: `_window`

warning: unused variable: `value`
   --> kernel/src/error_handling/diagnostic_analyzer.rs:734:47
    |
734 |             MatchCondition::ContextMatch(key, value) => {
    |                                               ^^^^^ help: if this is intentional, prefix it with an underscore: `_value`

warning: unused variable: `error_record`
   --> kernel/src/error_handling/diagnostic_analyzer.rs:794:47
    |
794 | ..._suggestions(&self, error_record: &ErrorRecord, patterns: &[ErrorPattern], root_cause: &Option<RootCauseAnalysis>) -> Result<Vec...
    |                        ^^^^^^^^^^^^ help: if this is intentional, prefix it with an underscore: `_error_record`

warning: unused variable: `errors_by_category`
   --> kernel/src/error_handling/error_reporting.rs:605:13
    |
605 |         let errors_by_category = self.count_errors_by_category(error_records);
    |             ^^^^^^^^^^^^^^^^^^ help: if this is intentional, prefix it with an underscore: `_errors_by_category`

warning: unused variable: `window`
   --> kernel/src/error_handling/error_reporting.rs:719:60
    |
719 |                 FilterCondition::FrequencyFilter(min_freq, window) => {
    |                                                            ^^^^^^ help: if this is intentional, prefix it with an underscore: `_window`

warning: unused variable: `channel`
    --> kernel/src/error_handling/error_reporting.rs:1056:29
     |
1056 |     fn should_notify_static(channel: &NotificationChannel, error_record: &ErrorRecord) -> bool {
     |                             ^^^^^^^ help: if this is intentional, prefix it with an underscore: `_channel`

warning: unused variable: `success`
    --> kernel/src/error_handling/fault_tolerance.rs:1215:104
     |
1215 |     fn update_strategy_execution_stats(&self, stats: &mut StrategyExecutionStats, execution_time: u64, success: bool) {
     |                                                                                                        ^^^^^^^ help: if this is intentional, prefix it with an underscore: `_success`

warning: unused variable: `health_check`
   --> kernel/src/error_handling/system_health.rs:780:36
    |
780 |     fn check_process_status(&self, health_check: &HealthCheck) -> (CheckResult, Option<String>) {
    |                                    ^^^^^^^^^^^^ help: if this is intentional, prefix it with an underscore: `_health_check`

warning: unused variable: `health_check`
   --> kernel/src/error_handling/system_health.rs:787:32
    |
787 |     fn check_filesystem(&self, health_check: &HealthCheck) -> (CheckResult, Option<String>) {
    |                                ^^^^^^^^^^^^ help: if this is intentional, prefix it with an underscore: `_health_check`

warning: unused variable: `health_check`
   --> kernel/src/error_handling/system_health.rs:794:28
    |
794 |     fn check_custom(&self, health_check: &HealthCheck) -> (CheckResult, Option<String>) {
    |                            ^^^^^^^^^^^^ help: if this is intentional, prefix it with an underscore: `_health_check`

warning: unused variable: `component_id`
    --> kernel/src/error_handling/system_health.rs:1094:14
     |
1094 |         for (component_id, component) in &mut self.component_status {
     |              ^^^^^^^^^^^^ help: if this is intentional, prefix it with an underscore: `_component_id`

warning: unused variable: `component`
    --> kernel/src/error_handling/system_health.rs:1154:9
     |
1154 |         component: &ComponentHealth,
     |         ^^^^^^^^^ help: if this is intentional, prefix it with an underscore: `_component`

warning: unused variable: `value`
   --> kernel/src/error_handling/diagnostic_tools.rs:788:40
    |
788 |     fn validate_parameter_value(&self, value: &str, rule: &ValidationRule) -> bool {
    |                                        ^^^^^ help: if this is intentional, prefix it with an underscore: `_value`

warning: unused variable: `to_err`
    --> kernel/src/error_handling/unified_error.rs:1057:35
     |
1057 |             UnifiedError::Timeout(to_err) => KernelError::Timeout,
     |                                   ^^^^^^ help: if this is intentional, prefix it with an underscore: `_to_err`

warning: unused variable: `e`
   --> kernel/src/error_handling/unified_engine.rs:801:46
    |
801 |             diagnostic_tools.init().map_err(|e| UnifiedError::Configuration(
    |                                              ^ help: if this is intentional, prefix it with an underscore: `_e`

warning: unused variable: `e`
   --> kernel/src/error_handling/unified_engine.rs:794:46
    |
794 |             recovery_manager.init().map_err(|e| UnifiedError::Configuration(
    |                                              ^ help: if this is intentional, prefix it with an underscore: `_e`

warning: unused variable: `e`
   --> kernel/src/error_handling/unified_engine.rs:787:40
    |
787 |             classifier.init().map_err(|e| UnifiedError::Configuration(
    |                                        ^ help: if this is intentional, prefix it with an underscore: `_e`

warning: unused variable: `e`
   --> kernel/src/error_handling/unified_engine.rs:943:23
    |
943 |             .map_err(|e| UnifiedError::Configuration(ConfigurationError::ConfigValidationFailed))
    |                       ^ help: if this is intentional, prefix it with an underscore: `_e`

warning: unused variable: `e`
    --> kernel/src/error_handling/unified_engine.rs:1007:23
     |
1007 |             .map_err(|e| UnifiedError::Interface(InterfaceError::InterfaceStateError))?;
     |                       ^ help: if this is intentional, prefix it with an underscore: `_e`

warning: unused variable: `e`
    --> kernel/src/error_handling/unified_engine.rs:1003:23
     |
1003 |             .map_err(|e| UnifiedError::Interface(InterfaceError::InterfaceProtocolError))?;
     |                       ^ help: if this is intentional, prefix it with an underscore: `_e`

warning: unused variable: `e`
   --> kernel/src/error_handling/unified_engine.rs:996:20
    |
996 |         ).map_err(|e| UnifiedError::Interface(InterfaceError::InterfaceUnavailable))?;
    |                    ^ help: if this is intentional, prefix it with an underscore: `_e`

warning: unused variable: `e`
    --> kernel/src/error_handling/unified_engine.rs:1123:50
     |
1123 |             diagnostic_tools.shutdown().map_err(|e| UnifiedError::Configuration(ConfigurationError::ConfigDependencyError))?;
     |                                                  ^ help: if this is intentional, prefix it with an underscore: `_e`

warning: unused variable: `e`
    --> kernel/src/error_handling/unified_engine.rs:1118:50
     |
1118 |             recovery_manager.shutdown().map_err(|e| UnifiedError::Configuration(ConfigurationError::ConfigDependencyError))?;
     |                                                  ^ help: if this is intentional, prefix it with an underscore: `_e`

warning: unused variable: `e`
    --> kernel/src/error_handling/unified_engine.rs:1113:44
     |
1113 |             classifier.shutdown().map_err(|e| UnifiedError::Configuration(ConfigurationError::ConfigDependencyError))?;
     |                                            ^ help: if this is intentional, prefix it with an underscore: `_e`

error[E0716]: temporary value dropped while borrowed
    --> kernel/src/error_handling/unified_engine.rs:1322:22
     |
1322 |     let mut engine = create_unified_error_handling_engine().lock();
     |                      ^^^^^^^^^^^^^^^^^^^^^^^^^^^^^^^^^^^^^^       - temporary value is freed at the end of this statement
     |                      |
     |                      creates a temporary value which is freed while still in use
1323 |     engine.init()
     |     ------ borrow later used here
     |
help: consider using a `let` binding to create a longer lived value
     |
1322 ~     let binding = create_unified_error_handling_engine();
1323 ~     let mut engine = binding.lock();
     |

error[E0502]: cannot borrow `stored_predictions` as immutable because it is also borrowed as mutable
   --> kernel/src/error_handling/error_prediction.rs:503:45
    |
503 |                 stored_predictions.drain(0..stored_predictions.len() - self.config.max_predictions);
    |                 ------------------ -----    ^^^^^^^^^^^^^^^^^^ immutable borrow occurs here
    |                 |                  |
    |                 |                  mutable borrow later used by call
    |                 mutable borrow occurs here

warning: unused variable: `action`
   --> kernel/src/error_handling/self_healing.rs:729:36
    |
729 |     fn update_healing_stats(&self, action: &SelfHealingAction, result: HealingResult, execution_time_ms: u64) {
    |                                    ^^^^^^ help: if this is intentional, prefix it with an underscore: `_action`

warning: variable does not need to be mutable
   --> kernel/src/error_handling/error_handling_traits.rs:354:13
    |
354 |         let mut handlers = Arc::as_ptr(&self.handlers) as *mut Vec<Box<dyn ErrorHandler>>;
    |             ----^^^^^^^^
    |             |
    |             help: remove this `mut`

warning: variable does not need to be mutable
   --> kernel/src/error_handling/error_handling_traits.rs:362:13
    |
362 |         let mut recoverers = Arc::as_ptr(&self.recoverers) as *mut Vec<Box<dyn ErrorRecoverer>>;
    |             ----^^^^^^^^^^
    |             |
    |             help: remove this `mut`

warning: variable does not need to be mutable
   --> kernel/src/error_handling/error_handling_traits.rs:370:13
    |
370 |         let mut diagnosers = Arc::as_ptr(&self.diagnosers) as *mut Vec<Box<dyn ErrorDiagnoser>>;
    |             ----^^^^^^^^^^
    |             |
    |             help: remove this `mut`

warning: variable does not need to be mutable
   --> kernel/src/error_handling/error_handling_traits.rs:378:13
    |
378 |         let mut predictors = Arc::as_ptr(&self.predictors) as *mut Vec<Box<dyn ErrorPredictorTrait>>;
    |             ----^^^^^^^^^^
    |             |
    |             help: remove this `mut`

warning: variable does not need to be mutable
   --> kernel/src/error_handling/error_handling_traits.rs:386:13
    |
386 |         let mut listeners = Arc::as_ptr(&self.listeners) as *mut Vec<Box<dyn ErrorListener>>;
    |             ----^^^^^^^^^
    |             |
    |             help: remove this `mut`

error[E0382]: borrow of moved value: `error_record`
   --> kernel/src/error_handling/error_handling_traits.rs:411:55
    |
407 |         let error_record = self.create_error_record(&error, &context, &diagnosis_result);
    |             ------------ move occurs because `error_record` has type `error_handling::ErrorRecord`, which does not implement the `Copy` trait
408 |         let _ = self.error_predictor.add_error_record(error_record);
    |                                                       ------------ value moved here
...
411 |         let _ = self.self_healing_system.handle_error(&error_record);
    |                                                       ^^^^^^^^^^^^^ value borrowed here after move
    |
note: consider changing this parameter type in method `add_error_record` to borrow instead if owning the value isn't necessary
   --> kernel/src/error_handling/error_prediction.rs:435:50
    |
435 |     pub fn add_error_record(&self, error_record: ErrorRecord) -> Result<(), &'static str> {
    |            ---------------- in this method       ^^^^^^^^^^^ this parameter takes ownership of the value
help: consider cloning the value if the performance cost is acceptable
    |
408 |         let _ = self.error_predictor.add_error_record(error_record.clone());
    |                                                                   ++++++++

warning: unused variable: `error_id`
   --> kernel/src/error_handling/error_handling_traits.rs:395:13
    |
395 |         let error_id = self.error_counter.fetch_add(1, Ordering::SeqCst);
    |             ^^^^^^^^ help: if this is intentional, prefix it with an underscore: `_error_id`

warning: variable does not need to be mutable
   --> kernel/src/error_handling/error_handling_traits.rs:537:13
    |
537 |         let mut stats = unsafe { &mut *Arc::as_ptr(&self.stats) as *mut ManagerStatistics };
    |             ----^^^^^
    |             |
    |             help: remove this `mut`

error[E0596]: cannot borrow data in a `*const` pointer as mutable
   --> kernel/src/error_handling/error_handling_traits.rs:537:34
    |
537 |         let mut stats = unsafe { &mut *Arc::as_ptr(&self.stats) as *mut ManagerStatistics };
    |                                  ^^^^^^^^^^^^^^^^^^^^^^^^^^^^^^ cannot borrow as mutable

warning: unused variable: `start_time_ms`
   --> kernel/src/formal_verification/model_checker.rs:525:13
    |
525 |         let start_time_ms = 0u64; // TODO: Implement proper timestamp
    |             ^^^^^^^^^^^^^ help: if this is intentional, prefix it with an underscore: `_start_time_ms`

warning: unused variable: `start_time_ms`
   --> kernel/src/formal_verification/model_checker.rs:553:13
    |
553 |         let start_time_ms = 0u64; // TODO: Implement proper timestamp
    |             ^^^^^^^^^^^^^ help: if this is intentional, prefix it with an underscore: `_start_time_ms`

warning: unused variable: `targets`
   --> kernel/src/formal_verification/model_checker.rs:826:37
    |
826 |     fn build_state_space(&mut self, targets: &[VerificationTarget]) -> Result<(), &'static str> {
    |                                     ^^^^^^^ help: if this is intentional, prefix it with an underscore: `_targets`

warning: unused variable: `state`
   --> kernel/src/formal_verification/model_checker.rs:959:43
    |
959 |     fn evaluate_atomic_proposition(&self, state: &SystemState, proposition: &str) -> bool {
    |                                           ^^^^^ help: if this is intentional, prefix it with an underscore: `_state`

warning: unused variable: `start_time_ms`
    --> kernel/src/formal_verification/static_analyzer.rs:1127:17
     |
1127 |             let start_time_ms = 0u64; // TODO: Implement proper timestamp
     |                 ^^^^^^^^^^^^^ help: if this is intentional, prefix it with an underscore: `_start_time_ms`

warning: unused variable: `start_time_ms`
    --> kernel/src/formal_verification/static_analyzer.rs:1171:13
     |
1171 |         let start_time_ms = 0u64; // TODO: Implement proper timestamp
     |             ^^^^^^^^^^^^^ help: if this is intentional, prefix it with an underscore: `_start_time_ms`

warning: unused variable: `start_time_ms`
    --> kernel/src/formal_verification/static_analyzer.rs:1212:13
     |
1212 |         let start_time_ms = 0u64; // TODO: Implement proper timestamp
     |             ^^^^^^^^^^^^^ help: if this is intentional, prefix it with an underscore: `_start_time_ms`

warning: unused variable: `start_time_ms`
    --> kernel/src/formal_verification/static_analyzer.rs:1253:13
     |
1253 |         let start_time_ms = 0u64; // TODO: Implement proper timestamp
     |             ^^^^^^^^^^^^^ help: if this is intentional, prefix it with an underscore: `_start_time_ms`

warning: unused variable: `start_time_ms`
    --> kernel/src/formal_verification/static_analyzer.rs:1294:13
     |
1294 |         let start_time_ms = 0u64; // TODO: Implement proper timestamp
     |             ^^^^^^^^^^^^^ help: if this is intentional, prefix it with an underscore: `_start_time_ms`

warning: unused variable: `start_time_ms`
    --> kernel/src/formal_verification/static_analyzer.rs:1335:13
     |
1335 |         let start_time_ms = 0u64; // TODO: Implement proper timestamp
     |             ^^^^^^^^^^^^^ help: if this is intentional, prefix it with an underscore: `_start_time_ms`

warning: unused variable: `start_time_ms`
    --> kernel/src/formal_verification/static_analyzer.rs:1376:13
     |
1376 |         let start_time_ms = 0u64; // TODO: Implement proper timestamp
     |             ^^^^^^^^^^^^^ help: if this is intentional, prefix it with an underscore: `_start_time_ms`

warning: unused variable: `start_time_ms`
   --> kernel/src/formal_verification/type_checker.rs:674:13
    |
674 |         let start_time_ms = 0u64; // TODO: Implement proper timestamp
    |             ^^^^^^^^^^^^^ help: if this is intentional, prefix it with an underscore: `_start_time_ms`

warning: unused variable: `errors`
   --> kernel/src/formal_verification/type_checker.rs:775:66
    |
775 | ...get: &VerificationTarget, errors: &mut Vec<TypeError>, warnings: &mut Vec<TypeWarning>, inferred: &mut HashMap<String, Type, Def...
    |                              ^^^^^^ help: if this is intentional, prefix it with an underscore: `_errors`

warning: unused variable: `warnings`
   --> kernel/src/formal_verification/type_checker.rs:799:93
    |
799 | ...s: &mut Vec<TypeError>, warnings: &mut Vec<TypeWarning>, inferred: &mut HashMap<String, Type, DefaultHasherBuilder>) -> Result<(...
    |                            ^^^^^^^^ help: if this is intentional, prefix it with an underscore: `_warnings`

warning: unused variable: `errors`
   --> kernel/src/formal_verification/type_checker.rs:844:64
    |
844 | ...get: &VerificationTarget, errors: &mut Vec<TypeError>, warnings: &mut Vec<TypeWarning>, inferred: &mut HashMap<String, Type, Def...
    |                              ^^^^^^ help: if this is intentional, prefix it with an underscore: `_errors`

warning: unused variable: `target`
   --> kernel/src/formal_verification/type_checker.rs:866:36
    |
866 |     fn check_generic_target(&self, target: &VerificationTarget, errors: &mut Vec<TypeError>, warnings: &mut Vec<TypeWarning>, infer...
    |                                    ^^^^^^ help: if this is intentional, prefix it with an underscore: `_target`

warning: unused variable: `errors`
   --> kernel/src/formal_verification/type_checker.rs:866:65
    |
866 | ...get: &VerificationTarget, errors: &mut Vec<TypeError>, warnings: &mut Vec<TypeWarning>, inferred: &mut HashMap<String, Type, Def...
    |                              ^^^^^^ help: if this is intentional, prefix it with an underscore: `_errors`

warning: unused variable: `warnings`
   --> kernel/src/formal_verification/type_checker.rs:866:94
    |
866 | ...s: &mut Vec<TypeError>, warnings: &mut Vec<TypeWarning>, inferred: &mut HashMap<String, Type, DefaultHasherBuilder>) -> Result<(...
    |                            ^^^^^^^^ help: if this is intentional, prefix it with an underscore: `_warnings`

warning: unused variable: `start_time_ms`
   --> kernel/src/formal_verification/verification_pipeline.rs:165:13
    |
165 |         let start_time_ms = 0u64; // TODO: Implement proper timestamp
    |             ^^^^^^^^^^^^^ help: if this is intentional, prefix it with an underscore: `_start_time_ms`

warning: unused variable: `udp_socket`
   --> kernel/src/fs/file.rs:323:57
    |
323 |                         crate::net::socket::Socket::Udp(udp_socket) => {
    |                                                         ^^^^^^^^^^ help: if this is intentional, prefix it with an underscore: `_udp_socket`

warning: unused variable: `packet`
   --> kernel/src/ids/network_ids.rs:643:40
    |
643 |     fn update_traffic_stats(&mut self, packet: &NetworkPacket) {
    |                                        ^^^^^^ help: if this is intentional, prefix it with an underscore: `_packet`

warning: unreachable pattern
   --> kernel/src/ids/network_ids.rs:982:13
    |
981 |             1..=8 => ThreatLevel::Critical,
    |             ----- matches all the relevant values
982 |             6..=7 => ThreatLevel::High,
    |             ^^^^^ no value can reach this
    |
    = note: `#[warn(unreachable_patterns)]` (part of `#[warn(unused)]`) on by default

warning: unreachable pattern
   --> kernel/src/ids/network_ids.rs:983:13
    |
981 |             1..=8 => ThreatLevel::Critical,
    |             ----- matches all the relevant values
982 |             6..=7 => ThreatLevel::High,
983 |             4..=5 => ThreatLevel::Medium,
    |             ^^^^^ no value can reach this

warning: unused variable: `ip_str`
    --> kernel/src/ids/network_ids.rs:1178:24
     |
1178 |     fn parse_ip(&self, ip_str: &str) -> u32 {
     |                        ^^^^^^ help: if this is intentional, prefix it with an underscore: `_ip_str`

warning: unused variable: `context`
   --> kernel/src/ids/signature_detection.rs:387:69
    |
387 |     fn matches_signature(&self, data: &[u8], signature: &Signature, context: &HashMap<String, String>) -> bool {
    |                                                                     ^^^^^^^ help: if this is intentional, prefix it with an underscore: `_context`

warning: unused variable: `action`
   --> kernel/src/ids/behavior_analysis.rs:273:59
    |
273 | ...(&mut self, user_id: u32, action: &str, resource: &str, details: &HashMap<String, String>) -> Option<BehaviorAnomaly> {
    |                              ^^^^^^ help: if this is intentional, prefix it with an underscore: `_action`

warning: unused variable: `resource`
   --> kernel/src/ids/behavior_analysis.rs:273:73
    |
273 | ..._id: u32, action: &str, resource: &str, details: &HashMap<String, String>) -> Option<BehaviorAnomaly> {
    |                            ^^^^^^^^ help: if this is intentional, prefix it with an underscore: `_resource`

warning: unused variable: `id`
   --> kernel/src/ids/threat_intelligence.rs:272:17
    |
272 |             let id = self.indicator_counter.fetch_add(1, Ordering::SeqCst);
    |                 ^^ help: if this is intentional, prefix it with an underscore: `_id`

warning: unused variable: `current_time`
   --> kernel/src/ids/threat_intelligence.rs:518:13
    |
518 |         let current_time = SystemTime::now()
    |             ^^^^^^^^^^^^ help: if this is intentional, prefix it with an underscore: `_current_time`

warning: unused variable: `current_time`
   --> kernel/src/ids/correlation_engine.rs:339:13
    |
339 |         let current_time = SystemTime::now()
    |             ^^^^^^^^^^^^ help: if this is intentional, prefix it with an underscore: `_current_time`

warning: unused variable: `size`
   --> kernel/src/ipc/mod.rs:129:19
    |
129 | pub fn shm_create(size: usize, permissions: u32) -> Option<u32> {
    |                   ^^^^ help: if this is intentional, prefix it with an underscore: `_size`

warning: unused variable: `permissions`
   --> kernel/src/ipc/mod.rs:129:32
    |
129 | pub fn shm_create(size: usize, permissions: u32) -> Option<u32> {
    |                                ^^^^^^^^^^^ help: if this is intentional, prefix it with an underscore: `_permissions`

warning: unused variable: `shm_id`
   --> kernel/src/ipc/mod.rs:135:19
    |
135 | pub fn shm_attach(shm_id: u32) -> Option<usize> {
    |                   ^^^^^^ help: if this is intentional, prefix it with an underscore: `_shm_id`

warning: unused variable: `addr`
   --> kernel/src/ipc/mod.rs:141:19
    |
141 | pub fn shm_detach(addr: usize) -> bool {
    |                   ^^^^ help: if this is intentional, prefix it with an underscore: `_addr`

warning: unused variable: `shm_id`
   --> kernel/src/ipc/mod.rs:147:19
    |
147 | pub fn shm_delete(shm_id: u32) -> bool {
    |                   ^^^^^^ help: if this is intentional, prefix it with an underscore: `_shm_id`

warning: unused variable: `queue_id`
   --> kernel/src/ipc/mod.rs:153:19
    |
153 | pub fn msg_create(queue_id: u32) -> bool {
    |                   ^^^^^^^^ help: if this is intentional, prefix it with an underscore: `_queue_id`

warning: unused variable: `queue_id`
   --> kernel/src/ipc/mod.rs:159:17
    |
159 | pub fn msg_send(queue_id: u32, msg: &IpcMessage) -> bool {
    |                 ^^^^^^^^ help: if this is intentional, prefix it with an underscore: `_queue_id`

warning: unused variable: `msg`
   --> kernel/src/ipc/mod.rs:159:32
    |
159 | pub fn msg_send(queue_id: u32, msg: &IpcMessage) -> bool {
    |                                ^^^ help: if this is intentional, prefix it with an underscore: `_msg`

warning: unused variable: `queue_id`
   --> kernel/src/ipc/mod.rs:165:17
    |
165 | pub fn msg_recv(queue_id: u32, msg_type: u32) -> Option<IpcMessage> {
    |                 ^^^^^^^^ help: if this is intentional, prefix it with an underscore: `_queue_id`

warning: unused variable: `msg_type`
   --> kernel/src/ipc/mod.rs:165:32
    |
165 | pub fn msg_recv(queue_id: u32, msg_type: u32) -> Option<IpcMessage> {
    |                                ^^^^^^^^ help: if this is intentional, prefix it with an underscore: `_msg_type`

warning: unused variable: `queue_id`
   --> kernel/src/ipc/mod.rs:171:19
    |
171 | pub fn msg_delete(queue_id: u32) -> bool {
    |                   ^^^^^^^^ help: if this is intentional, prefix it with an underscore: `_queue_id`

warning: unreachable pattern
   --> kernel/src/libc/error.rs:301:9
    |
300 |         errno::EREMOTE => "Remote I/O error",
    |         -------------- matches all the relevant values
301 |         errno::EPROTO => "Protocol error",
    |         ^^^^^^^^^^^^^ no value can reach this

warning: unreachable pattern
   --> kernel/src/libc/error.rs:308:9
    |
307 |         errno::ENOTSUP => "Operation not supported",
    |         -------------- matches all the relevant values
308 |         errno::EOPNOTSUPP => "Operation not supported",
    |         ^^^^^^^^^^^^^^^^^ no value can reach this

warning: unused variable: `vfs_file`
   --> kernel/src/libc/io_manager.rs:222:17
    |
222 |             let vfs_file = match crate::vfs::vfs().open(path_str, vfs_mode) {
    |                 ^^^^^^^^ help: if this is intentional, prefix it with an underscore: `_vfs_file`

warning: unused variable: `n`
   --> kernel/src/libc/io_manager.rs:318:32
    |
318 | ...                   Ok(n) => {
    |                          ^ help: if this is intentional, prefix it with an underscore: `_n`

warning: value assigned to `bytes_written` is never read
   --> kernel/src/libc/io_manager.rs:385:37
    |
385 |             let mut bytes_written = 0usize;
    |                                     ^^^^^^
    |
    = help: maybe it is overwritten before being read?

warning: unnecessary `unsafe` block
   --> kernel/src/libc/io_manager.rs:683:22
    |
683 |         let layout = unsafe { core::alloc::Layout::from_size_align(self.config.default_buffer_size, 8).unwrap() };
    |                      ^^^^^^ unnecessary `unsafe` block

warning: unused variable: `file`
   --> kernel/src/libc/io_manager.rs:728:27
    |
728 |     fn read_direct(&self, file: *mut CFile, buffer: &mut [u8]) -> Result<usize, c_int> {
    |                           ^^^^ help: if this is intentional, prefix it with an underscore: `_file`

warning: unused variable: `file`
   --> kernel/src/libc/io_manager.rs:763:28
    |
763 |     fn write_direct(&self, file: *mut CFile, buffer: &[u8]) -> Result<usize, c_int> {
    |                            ^^^^ help: if this is intentional, prefix it with an underscore: `_file`

warning: unused variable: `args`
   --> kernel/src/libc/formatter.rs:261:74
    |
261 |     fn parse_format_specifier(&mut self, format_ptr: &mut *const c_char, args: &mut va_list) -> FormatContext {
    |                                                                          ^^^^ help: if this is intentional, prefix it with an underscore: `_args`

warning: unnecessary `unsafe` block
   --> kernel/src/libc/formatter.rs:694:13
    |
694 |             unsafe {
    |             ^^^^^^ unnecessary `unsafe` block

warning: variable `n` is assigned to, but never used
   --> kernel/src/libc/math_lib.rs:429:17
    |
429 |             let mut n = (x as c_int) - 2;
    |                 ^^^^^
    |
    = note: consider using `_n` instead

warning: value assigned to `n` is never read
   --> kernel/src/libc/math_lib.rs:435:17
    |
435 |                 n -= 1;
    |                 ^^^^^^
    |
    = help: maybe it is overwritten before being read?

warning: unnecessary `unsafe` block
   --> kernel/src/libc/string_lib.rs:259:13
    |
259 |             unsafe { *saveptr = core::ptr::null_mut() };
    |             ^^^^^^ unnecessary `unsafe` block

warning: unnecessary `unsafe` block
   --> kernel/src/libc/time_lib.rs:255:22
    |
255 |         let layout = unsafe {
    |                      ^^^^^^ unnecessary `unsafe` block

warning: variable does not need to be mutable
   --> kernel/src/libc/time_lib.rs:443:13
    |
443 |         let mut year = 1970 + (days / 365) as c_int;
    |             ----^^^^
    |             |
    |             help: remove this `mut`

warning: variable does not need to be mutable
   --> kernel/src/libc/time_lib.rs:444:13
    |
444 |         let mut day_of_year = (days % 365) as c_int;
    |             ----^^^^^^^^^^^
    |             |
    |             help: remove this `mut`

warning: variable does not need to be mutable
   --> kernel/src/libc/random_lib.rs:101:13
    |
101 |         let mut pointer = 0usize;
    |             ----^^^^^^^
    |             |
    |             help: remove this `mut`

warning: unnecessary `unsafe` block
   --> kernel/src/libc/random_lib.rs:421:5
    |
421 |     unsafe { get_random_generator().srand(seed) }
    |     ^^^^^^ unnecessary `unsafe` block

warning: unnecessary `unsafe` block
   --> kernel/src/libc/random_lib.rs:426:5
    |
426 |     unsafe { get_random_generator().rand() }
    |     ^^^^^^ unnecessary `unsafe` block

warning: unnecessary `unsafe` block
   --> kernel/src/libc/random_lib.rs:432:5
    |
432 |     unsafe { get_random_generator().rand_float() }
    |     ^^^^^^ unnecessary `unsafe` block

warning: unnecessary `unsafe` block
   --> kernel/src/libc/random_lib.rs:437:5
    |
437 |     unsafe { get_random_generator().rand_between(min, max) }
    |     ^^^^^^ unnecessary `unsafe` block

warning: unnecessary `unsafe` block
   --> kernel/src/libc/random_lib.rs:442:5
    |
442 |     unsafe { get_random_generator().rand_normal(mean, std_dev) }
    |     ^^^^^^ unnecessary `unsafe` block

warning: variable does not need to be mutable
   --> kernel/src/libc/env_lib.rs:139:21
    |
139 |         if let Some(mut table) = self.env_table.try_lock() {
    |                     ----^^^^^
    |                     |
    |                     help: remove this `mut`

warning: variable does not need to be mutable
   --> kernel/src/libc/env_lib.rs:222:21
    |
222 |                 let mut entry = EnvEntry {
    |                     ----^^^^^
    |                     |
    |                     help: remove this `mut`

warning: irrefutable `if let` pattern
   --> kernel/src/libc/env_lib.rs:435:28
    |
435 |                         if let ptr = unsafe { *array_ptr.add(j) } {
    |                            ^^^^^^^^^^^^^^^^^^^^^^^^^^^^^^^^^^^^^^
    |
    = note: this pattern will always match, so the `if let` is useless
    = help: consider replacing the `if let` with a `let`
    = note: `#[warn(irrefutable_let_patterns)]` on by default

warning: unnecessary `unsafe` block
   --> kernel/src/libc/env_lib.rs:395:32
    |
395 |             let array_layout = unsafe {
    |                                ^^^^^^ unnecessary `unsafe` block

warning: unnecessary `unsafe` block
   --> kernel/src/libc/env_lib.rs:411:37
    |
411 |                 let string_layout = unsafe {
    |                                     ^^^^^^ unnecessary `unsafe` block

warning: unnecessary `unsafe` block
   --> kernel/src/libc/env_lib.rs:573:5
    |
573 |     unsafe { get_env_manager().getenv(name) }
    |     ^^^^^^ unnecessary `unsafe` block

warning: unnecessary `unsafe` block
   --> kernel/src/libc/env_lib.rs:578:5
    |
578 |     unsafe { get_env_manager().setenv(name, value, overwrite) }
    |     ^^^^^^ unnecessary `unsafe` block

warning: unnecessary `unsafe` block
   --> kernel/src/libc/env_lib.rs:583:5
    |
583 |     unsafe { get_env_manager().unsetenv(name) }
    |     ^^^^^^ unnecessary `unsafe` block

warning: unnecessary `unsafe` block
   --> kernel/src/libc/env_lib.rs:588:5
    |
588 |     unsafe { get_env_manager().clearenv() }
    |     ^^^^^^ unnecessary `unsafe` block

warning: variable does not need to be mutable
   --> kernel/src/libc/sysinfo_lib.rs:226:25
    |
226 |             if let Some(mut cached) = self.cached_utsname.try_lock() {
    |                         ----^^^^^^
    |                         |
    |                         help: remove this `mut`

warning: variable does not need to be mutable
   --> kernel/src/libc/sysinfo_lib.rs:277:25
    |
277 |             if let Some(mut cached) = self.cached_sysinfo.try_lock() {
    |                         ----^^^^^^
    |                         |
    |                         help: remove this `mut`

warning: unnecessary `unsafe` block
   --> kernel/src/libc/sysinfo_lib.rs:610:5
    |
610 |     unsafe { get_system_info().uname(name) }
    |     ^^^^^^ unnecessary `unsafe` block

warning: unnecessary `unsafe` block
   --> kernel/src/libc/sysinfo_lib.rs:615:5
    |
615 |     unsafe { get_system_info().sysinfo(info) }
    |     ^^^^^^ unnecessary `unsafe` block

warning: unnecessary `unsafe` block
   --> kernel/src/libc/sysinfo_lib.rs:620:5
    |
620 |     unsafe { get_system_info().gethostname(name, len) }
    |     ^^^^^^ unnecessary `unsafe` block

warning: unnecessary `unsafe` block
   --> kernel/src/libc/sysinfo_lib.rs:625:5
    |
625 |     unsafe { get_system_info().getdomainname(name, len) }
    |     ^^^^^^ unnecessary `unsafe` block

warning: unnecessary `unsafe` block
   --> kernel/src/libc/sysinfo_lib.rs:630:5
    |
630 |     unsafe { get_system_info().getloadavg(loadavg, nelem) }
    |     ^^^^^^ unnecessary `unsafe` block

warning: unnecessary `unsafe` block
   --> kernel/src/libc/implementations.rs:322:61
    |
317 |         unsafe {
    |         ------ because it's nested under this `unsafe` block
...
322 |             if dest_ptr < src_ptr as *mut u8 || dest_ptr >= unsafe { src_ptr.add(n) as *mut u8 } {
    |                                                             ^^^^^^ unnecessary `unsafe` block

warning: unused variable: `filename`
   --> kernel/src/libc/implementations.rs:390:21
    |
390 |     fn fopen(&self, filename: *const c_char, mode: *const c_char) -> *mut c_void {
    |                     ^^^^^^^^ help: if this is intentional, prefix it with an underscore: `_filename`

warning: unused variable: `mode`
   --> kernel/src/libc/implementations.rs:390:46
    |
390 |     fn fopen(&self, filename: *const c_char, mode: *const c_char) -> *mut c_void {
    |                                              ^^^^ help: if this is intentional, prefix it with an underscore: `_mode`

warning: unused variable: `stream`
   --> kernel/src/libc/implementations.rs:395:22
    |
395 |     fn fclose(&self, stream: *mut c_void) -> c_int {
    |                      ^^^^^^ help: if this is intentional, prefix it with an underscore: `_stream`

warning: unused variable: `ptr`
   --> kernel/src/libc/implementations.rs:400:21
    |
400 |     fn fread(&self, ptr: *mut c_void, size: size_t, nmemb: size_t, stream: *mut c_void) -> size_t {
    |                     ^^^ help: if this is intentional, prefix it with an underscore: `_ptr`

warning: unused variable: `size`
   --> kernel/src/libc/implementations.rs:400:39
    |
400 |     fn fread(&self, ptr: *mut c_void, size: size_t, nmemb: size_t, stream: *mut c_void) -> size_t {
    |                                       ^^^^ help: if this is intentional, prefix it with an underscore: `_size`

warning: unused variable: `nmemb`
   --> kernel/src/libc/implementations.rs:400:53
    |
400 |     fn fread(&self, ptr: *mut c_void, size: size_t, nmemb: size_t, stream: *mut c_void) -> size_t {
    |                                                     ^^^^^ help: if this is intentional, prefix it with an underscore: `_nmemb`

warning: unused variable: `stream`
   --> kernel/src/libc/implementations.rs:400:68
    |
400 |     fn fread(&self, ptr: *mut c_void, size: size_t, nmemb: size_t, stream: *mut c_void) -> size_t {
    |                                                                    ^^^^^^ help: if this is intentional, prefix it with an underscore: `_stream`

warning: unused variable: `ptr`
   --> kernel/src/libc/implementations.rs:404:22
    |
404 |     fn fwrite(&self, ptr: *const c_void, size: size_t, nmemb: size_t, stream: *mut c_void) -> size_t {
    |                      ^^^ help: if this is intentional, prefix it with an underscore: `_ptr`

warning: unused variable: `size`
   --> kernel/src/libc/implementations.rs:404:42
    |
404 |     fn fwrite(&self, ptr: *const c_void, size: size_t, nmemb: size_t, stream: *mut c_void) -> size_t {
    |                                          ^^^^ help: if this is intentional, prefix it with an underscore: `_size`

warning: unused variable: `nmemb`
   --> kernel/src/libc/implementations.rs:404:56
    |
404 |     fn fwrite(&self, ptr: *const c_void, size: size_t, nmemb: size_t, stream: *mut c_void) -> size_t {
    |                                                        ^^^^^ help: if this is intentional, prefix it with an underscore: `_nmemb`

warning: unused variable: `stream`
   --> kernel/src/libc/implementations.rs:404:71
    |
404 |     fn fwrite(&self, ptr: *const c_void, size: size_t, nmemb: size_t, stream: *mut c_void) -> size_t {
    |                                                                       ^^^^^^ help: if this is intentional, prefix it with an underscore: `_stream`

warning: unused variable: `stream`
   --> kernel/src/libc/implementations.rs:408:21
    |
408 |     fn fseek(&self, stream: *mut c_void, offset: c_long, whence: c_int) -> c_int {
    |                     ^^^^^^ help: if this is intentional, prefix it with an underscore: `_stream`

warning: unused variable: `offset`
   --> kernel/src/libc/implementations.rs:408:42
    |
408 |     fn fseek(&self, stream: *mut c_void, offset: c_long, whence: c_int) -> c_int {
    |                                          ^^^^^^ help: if this is intentional, prefix it with an underscore: `_offset`

warning: unused variable: `whence`
   --> kernel/src/libc/implementations.rs:408:58
    |
408 |     fn fseek(&self, stream: *mut c_void, offset: c_long, whence: c_int) -> c_int {
    |                                                          ^^^^^^ help: if this is intentional, prefix it with an underscore: `_whence`

warning: unused variable: `stream`
   --> kernel/src/libc/implementations.rs:412:21
    |
412 |     fn ftell(&self, stream: *mut c_void) -> c_long {
    |                     ^^^^^^ help: if this is intentional, prefix it with an underscore: `_stream`

warning: unused variable: `stream`
   --> kernel/src/libc/implementations.rs:416:22
    |
416 |     fn fflush(&self, stream: *mut c_void) -> c_int {
    |                      ^^^^^^ help: if this is intentional, prefix it with an underscore: `_stream`

warning: unused variable: `stream`
   --> kernel/src/libc/implementations.rs:420:20
    |
420 |     fn feof(&self, stream: *mut c_void) -> c_int {
    |                    ^^^^^^ help: if this is intentional, prefix it with an underscore: `_stream`

warning: unused variable: `stream`
   --> kernel/src/libc/implementations.rs:424:22
    |
424 |     fn ferror(&self, stream: *mut c_void) -> c_int {
    |                      ^^^^^^ help: if this is intentional, prefix it with an underscore: `_stream`

warning: unused variable: `stream`
   --> kernel/src/libc/implementations.rs:428:24
    |
428 |     fn clearerr(&self, stream: *mut c_void) {
    |                        ^^^^^^ help: if this is intentional, prefix it with an underscore: `_stream`

warning: unused variable: `errnum`
   --> kernel/src/libc/implementations.rs:497:24
    |
497 |     fn strerror(&self, errnum: c_int) -> *const c_char {
    |                        ^^^^^^ help: if this is intentional, prefix it with an underscore: `_errnum`

warning: unused variable: `base`
   --> kernel/src/libc/implementations.rs:515:21
    |
515 |     fn qsort(&self, base: *mut c_void, nmemb: size_t, size: size_t, compar: extern "C" fn(*const c_void, *const c_void) -> c_int) {
    |                     ^^^^ help: if this is intentional, prefix it with an underscore: `_base`

warning: unused variable: `nmemb`
   --> kernel/src/libc/implementations.rs:515:40
    |
515 |     fn qsort(&self, base: *mut c_void, nmemb: size_t, size: size_t, compar: extern "C" fn(*const c_void, *const c_void) -> c_int) {
    |                                        ^^^^^ help: if this is intentional, prefix it with an underscore: `_nmemb`

warning: unused variable: `size`
   --> kernel/src/libc/implementations.rs:515:55
    |
515 |     fn qsort(&self, base: *mut c_void, nmemb: size_t, size: size_t, compar: extern "C" fn(*const c_void, *const c_void) -> c_int) {
    |                                                       ^^^^ help: if this is intentional, prefix it with an underscore: `_size`

warning: unused variable: `compar`
   --> kernel/src/libc/implementations.rs:515:69
    |
515 |     fn qsort(&self, base: *mut c_void, nmemb: size_t, size: size_t, compar: extern "C" fn(*const c_void, *const c_void) -> c_int) {
    |                                                                     ^^^^^^ help: if this is intentional, prefix it with an underscore: `_compar`

warning: unused variable: `key`
   --> kernel/src/libc/implementations.rs:519:23
    |
519 |     fn bsearch(&self, key: *const c_void, base: *const c_void, nmemb: size_t, size: size_t, compar: extern "C" fn(*const c_void, *c...
    |                       ^^^ help: if this is intentional, prefix it with an underscore: `_key`

warning: unused variable: `base`
   --> kernel/src/libc/implementations.rs:519:43
    |
519 |     fn bsearch(&self, key: *const c_void, base: *const c_void, nmemb: size_t, size: size_t, compar: extern "C" fn(*const c_void, *c...
    |                                           ^^^^ help: if this is intentional, prefix it with an underscore: `_base`

warning: unused variable: `nmemb`
   --> kernel/src/libc/implementations.rs:519:64
    |
519 | ...void, base: *const c_void, nmemb: size_t, size: size_t, compar: extern "C" fn(*const c_void, *const c_void) -> c_int) -> *mut c_...
    |                               ^^^^^ help: if this is intentional, prefix it with an underscore: `_nmemb`

warning: unused variable: `size`
   --> kernel/src/libc/implementations.rs:519:79
    |
519 | ...onst c_void, nmemb: size_t, size: size_t, compar: extern "C" fn(*const c_void, *const c_void) -> c_int) -> *mut c_void {
    |                                ^^^^ help: if this is intentional, prefix it with an underscore: `_size`

warning: unused variable: `compar`
   --> kernel/src/libc/implementations.rs:519:93
    |
519 | ...mb: size_t, size: size_t, compar: extern "C" fn(*const c_void, *const c_void) -> c_int) -> *mut c_void {
    |                              ^^^^^^ help: if this is intentional, prefix it with an underscore: `_compar`

warning: unnecessary `unsafe` block
  --> kernel/src/libc/validation.rs:19:15
   |
19 |     let ptr = unsafe { libc.malloc(1024) };
   |               ^^^^^^ unnecessary `unsafe` block

warning: unnecessary `unsafe` block
  --> kernel/src/libc/validation.rs:25:5
   |
25 |     unsafe { libc.free(ptr) };
   |     ^^^^^^ unnecessary `unsafe` block

warning: unnecessary `unsafe` block
  --> kernel/src/libc/validation.rs:29:15
   |
29 |     let len = unsafe { libc.strlen(test_str.as_ptr() as *const core::ffi::c_char) };
   |               ^^^^^^ unnecessary `unsafe` block

warning: unnecessary `unsafe` block
  --> kernel/src/libc/validation.rs:51:19
   |
51 |         let ptr = unsafe { libc.malloc(100) };
   |                   ^^^^^^ unnecessary `unsafe` block

warning: unnecessary `unsafe` block
  --> kernel/src/libc/validation.rs:55:9
   |
55 |         unsafe { libc.free(ptr) };
   |         ^^^^^^ unnecessary `unsafe` block

warning: unnecessary `unsafe` block
  --> kernel/src/libc/validation.rs:60:19
   |
60 |         let ptr = unsafe { libc.malloc(50) };
   |                   ^^^^^^ unnecessary `unsafe` block

warning: unnecessary `unsafe` block
  --> kernel/src/libc/validation.rs:65:23
   |
65 |         let new_ptr = unsafe { libc.realloc(ptr, 100) };
   |                       ^^^^^^ unnecessary `unsafe` block

warning: unnecessary `unsafe` block
  --> kernel/src/libc/validation.rs:67:13
   |
67 |             unsafe { libc.free(ptr) };
   |             ^^^^^^ unnecessary `unsafe` block

warning: unnecessary `unsafe` block
  --> kernel/src/libc/validation.rs:71:9
   |
71 |         unsafe { libc.free(new_ptr) };
   |         ^^^^^^ unnecessary `unsafe` block

warning: unnecessary `unsafe` block
  --> kernel/src/libc/validation.rs:76:19
   |
76 |         let ptr = unsafe { libc.calloc(10, 10) };
   |                   ^^^^^^ unnecessary `unsafe` block

warning: unnecessary `unsafe` block
  --> kernel/src/libc/validation.rs:86:21
   |
86 |                     unsafe { libc.free(ptr) };
   |                     ^^^^^^ unnecessary `unsafe` block

warning: unnecessary `unsafe` block
  --> kernel/src/libc/validation.rs:92:9
   |
92 |         unsafe { libc.free(ptr) };
   |         ^^^^^^ unnecessary `unsafe` block

warning: unnecessary `unsafe` block
  --> kernel/src/libc/validation.rs:98:24
   |
98 |         let zero_ptr = unsafe { libc.malloc(0) };
   |                        ^^^^^^ unnecessary `unsafe` block

warning: unnecessary `unsafe` block
   --> kernel/src/libc/validation.rs:100:9
    |
100 |         unsafe { libc.free(zero_ptr) };
    |         ^^^^^^ unnecessary `unsafe` block

warning: unnecessary `unsafe` block
   --> kernel/src/libc/validation.rs:103:28
    |
103 |         let realloc_null = unsafe { libc.realloc(core::ptr::null_mut(), 50) };
    |                            ^^^^^^ unnecessary `unsafe` block

warning: unnecessary `unsafe` block
   --> kernel/src/libc/validation.rs:107:9
    |
107 |         unsafe { libc.free(realloc_null) };
    |         ^^^^^^ unnecessary `unsafe` block

warning: unnecessary `unsafe` block
   --> kernel/src/libc/validation.rs:110:19
    |
110 |         let ptr = unsafe { libc.malloc(100) };
    |                   ^^^^^^ unnecessary `unsafe` block

warning: unnecessary `unsafe` block
   --> kernel/src/libc/validation.rs:111:27
    |
111 |         let zero_result = unsafe { libc.realloc(ptr, 0) };
    |                           ^^^^^^ unnecessary `unsafe` block

warning: unnecessary `unsafe` block
   --> kernel/src/libc/validation.rs:114:13
    |
114 |             unsafe { libc.free(zero_result) };
    |             ^^^^^^ unnecessary `unsafe` block

warning: unnecessary `unsafe` block
   --> kernel/src/libc/validation.rs:150:19
    |
150 |         let ptr = unsafe { libc.malloc(test_size) };
    |                   ^^^^^^ unnecessary `unsafe` block

warning: unnecessary `unsafe` block
   --> kernel/src/libc/validation.rs:161:9
    |
161 |         unsafe { libc.free(ptr) };
    |         ^^^^^^ unnecessary `unsafe` block

warning: unused variable: `time_delta`
   --> kernel/src/microkernel/scheduler.rs:156:13
    |
156 |         let time_delta = (current_time - self.last_switch_time) as f64 / 1_000_000_000.0; // Convert to seconds
    |             ^^^^^^^^^^ help: if this is intentional, prefix it with an underscore: `_time_delta`

warning: unused variable: `vaddr`
   --> kernel/src/microkernel/memory.rs:270:26
    |
270 |     fn update_tlb(&self, vaddr: VirtAddr, paddr: PhysAddr, protection: MemoryProtection) {
    |                          ^^^^^ help: if this is intentional, prefix it with an underscore: `_vaddr`

warning: unused variable: `paddr`
   --> kernel/src/microkernel/memory.rs:270:43
    |
270 |     fn update_tlb(&self, vaddr: VirtAddr, paddr: PhysAddr, protection: MemoryProtection) {
    |                                           ^^^^^ help: if this is intentional, prefix it with an underscore: `_paddr`

warning: unused variable: `protection`
   --> kernel/src/microkernel/memory.rs:270:60
    |
270 |     fn update_tlb(&self, vaddr: VirtAddr, paddr: PhysAddr, protection: MemoryProtection) {
    |                                                            ^^^^^^^^^^ help: if this is intentional, prefix it with an underscore: `_protection`

warning: unused variable: `vaddr`
   --> kernel/src/microkernel/memory.rs:275:30
    |
275 |     fn invalidate_tlb(&self, vaddr: VirtAddr) {
    |                              ^^^^^ help: if this is intentional, prefix it with an underscore: `_vaddr`

warning: unused variable: `paddr`
   --> kernel/src/microkernel/memory.rs:413:29
    |
413 |                 if let Some(paddr) = region.backing_paddr {
    |                             ^^^^^ help: if this is intentional, prefix it with an underscore: `_paddr`

warning: unused variable: `process_id`
   --> kernel/src/microkernel/ipc.rs:457:28
    |
457 |     fn wake_process(&self, process_id: u64) -> Result<(), i32> {
    |                            ^^^^^^^^^^ help: if this is intentional, prefix it with an underscore: `_process_id`

warning: unnecessary `unsafe` block
   --> kernel/src/microkernel/timer.rs:189:9
    |
189 |         unsafe {
    |         ^^^^^^ unnecessary `unsafe` block

warning: unnecessary `unsafe` block
   --> kernel/src/microkernel/timer.rs:299:13
    |
299 |             unsafe {
    |             ^^^^^^ unnecessary `unsafe` block

warning: variable does not need to be mutable
   --> kernel/src/microkernel/service_registry.rs:462:13
    |
462 |         let mut services = self.services.lock();
    |             ----^^^^^^^^
    |             |
    |             help: remove this `mut`

warning: unnecessary `unsafe` block
   --> kernel/src/mm/buddy.rs:106:33
    |
106 |                     let buddy = unsafe { (current as usize + block_size) as *mut BuddyBlock };
    |                                 ^^^^^^ unnecessary `unsafe` block

warning: variable does not need to be mutable
   --> kernel/src/mm/buddy.rs:101:21
    |
101 |                 let mut current = block;
    |                     ----^^^^^^^
    |                     |
    |                     help: remove this `mut`

warning: unused variable: `addr`
   --> kernel/src/net/socket.rs:320:28
    |
320 |     pub fn bind(&mut self, addr: SocketAddr) -> Result<(), SocketError> {
    |                            ^^^^ help: if this is intentional, prefix it with an underscore: `_addr`

warning: unused variable: `backlog`
   --> kernel/src/net/socket.rs:327:30
    |
327 |     pub fn listen(&mut self, backlog: i32) -> Result<(), SocketError> {
    |                              ^^^^^^^ help: if this is intentional, prefix it with an underscore: `_backlog`

warning: unused variable: `addr`
   --> kernel/src/net/socket.rs:356:31
    |
356 |     pub fn connect(&mut self, addr: SocketAddr) -> Result<(), SocketError> {
    |                               ^^^^ help: if this is intentional, prefix it with an underscore: `_addr`

warning: unused variable: `dma_ptr`
   --> kernel/src/net/socket.rs:401:14
    |
401 |         let (dma_ptr, dma_len) = packet_buf.prepare_for_dma_read();
    |              ^^^^^^^ help: if this is intentional, prefix it with an underscore: `_dma_ptr`

warning: unused variable: `dma_len`
   --> kernel/src/net/socket.rs:401:23
    |
401 |         let (dma_ptr, dma_len) = packet_buf.prepare_for_dma_read();
    |                       ^^^^^^^ help: if this is intentional, prefix it with an underscore: `_dma_len`

warning: unused variable: `connection`
   --> kernel/src/net/socket.rs:404:21
    |
404 |         if let Some(ref connection) = self.connection {
    |                     ^^^^^^^^^^^^^^ help: if this is intentional, prefix it with an underscore: `_connection`

warning: unused variable: `buf`
   --> kernel/src/net/socket.rs:424:28
    |
424 |     pub fn recv(&mut self, buf: &mut [u8]) -> Result<usize, SocketError> {
    |                            ^^^ help: if this is intentional, prefix it with an underscore: `_buf`

warning: unused variable: `connection`
   --> kernel/src/net/socket.rs:451:21
    |
451 |         if let Some(ref connection) = self.connection {
    |                     ^^^^^^^^^^^^^^ help: if this is intentional, prefix it with an underscore: `_connection`

warning: unused variable: `dma_ptr`
   --> kernel/src/net/socket.rs:468:18
    |
468 |             let (dma_ptr, dma_len) = packet_buf.as_dma_buffer();
    |                  ^^^^^^^ help: if this is intentional, prefix it with an underscore: `_dma_ptr`

warning: unused variable: `dma_len`
   --> kernel/src/net/socket.rs:468:27
    |
468 |             let (dma_ptr, dma_len) = packet_buf.as_dma_buffer();
    |                           ^^^^^^^ help: if this is intentional, prefix it with an underscore: `_dma_len`

warning: unused variable: `dest_ip`
   --> kernel/src/net/socket.rs:565:21
    |
565 |         if let Some(dest_ip) = dest.ipv4_addr() {
    |                     ^^^^^^^ help: if this is intentional, prefix it with an underscore: `_dest_ip`

warning: unused variable: `buf`
   --> kernel/src/net/socket.rs:602:33
    |
602 |     pub fn recv_from(&mut self, buf: &mut [u8]) -> Result<(usize, SocketAddr), SocketError> {
    |                                 ^^^ help: if this is intentional, prefix it with an underscore: `_buf`

warning: unused variable: `attr`
   --> kernel/src/posix/thread.rs:837:5
    |
837 |     attr: *const u8,
    |     ^^^^ help: if this is intentional, prefix it with an underscore: `_attr`

warning: unused variable: `pshared`
  --> kernel/src/posix/semaphore.rs:68:5
   |
68 |     pshared: i32,
   |     ^^^^^^^ help: if this is intentional, prefix it with an underscore: `_pshared`

warning: unused variable: `mode`
   --> kernel/src/posix/mqueue.rs:264:5
    |
264 |     mode: crate::posix::Mode,
    |     ^^^^ help: if this is intentional, prefix it with an underscore: `_mode`

warning: unused variable: `mq_clone`
   --> kernel/src/posix/mqueue.rs:309:13
    |
309 |         let mq_clone = mq_arc.clone();
    |             ^^^^^^^^ help: if this is intentional, prefix it with an underscore: `_mq_clone`

warning: unused variable: `mq_ptr`
   --> kernel/src/posix/mqueue.rs:379:9
    |
379 |     let mq_ptr = match find_mq_by_mqd(mqd as usize) {
    |         ^^^^^^ help: if this is intentional, prefix it with an underscore: `_mq_ptr`

warning: unnecessary `unsafe` block
   --> kernel/src/posix/mqueue.rs:770:18
    |
770 |         let mq = unsafe { &**mq_arc }; // This is the correct way to deref Arc
    |                  ^^^^^^ unnecessary `unsafe` block

warning: unnecessary `unsafe` block
   --> kernel/src/posix/shm.rs:317:17
    |
317 |                 unsafe {
    |                 ^^^^^^ unnecessary `unsafe` block

warning: unnecessary `unsafe` block
   --> kernel/src/posix/timer.rs:137:17
    |
137 |                 unsafe {
    |                 ^^^^^^ unnecessary `unsafe` block

warning: unused variable: `clock_id`
   --> kernel/src/posix/timer.rs:476:5
    |
476 |     clock_id: ClockId,
    |     ^^^^^^^^ help: if this is intentional, prefix it with an underscore: `_clock_id`

warning: unused variable: `remain`
   --> kernel/src/posix/timer.rs:479:5
    |
479 |     remain: *mut Timespec,
    |     ^^^^^^ help: if this is intentional, prefix it with an underscore: `_remain`

warning: variable does not need to be mutable
   --> kernel/src/posix/security.rs:427:9
    |
427 |     let mut registry = SECURITY_REGISTRY.lock();
    |         ----^^^^^^^^
    |         |
    |         help: remove this `mut`

warning: unused variable: `request`
   --> kernel/src/security/acl.rs:416:45
    |
416 |     fn check_traditional_permissions(&self, request: &AccessRequest) -> AccessDecision {
    |                                             ^^^^^^^ help: if this is intentional, prefix it with an underscore: `_request`

warning: unused variable: `setgid`
   --> kernel/src/security/capabilities.rs:447:65
    |
447 |     pub fn exec_capabilities(&mut self, pid: u64, setuid: bool, setgid: bool) -> Result<(), &'static str> {
    |                                                                 ^^^^^^ help: if this is intentional, prefix it with an underscore: `_setgid`

warning: unused variable: `event`
   --> kernel/src/security/audit.rs:339:32
    |
339 |     fn write_to_storage(&self, event: &AuditEvent) -> Result<(), &'static str> {
    |                                ^^^^^ help: if this is intentional, prefix it with an underscore: `_event`

warning: unused variable: `required_cap`
   --> kernel/src/security/permission_check.rs:191:21
    |
191 |         if let Some(required_cap) = self.operation_to_capability(request.operation, request.resource_type) {
    |                     ^^^^^^^^^^^^ help: if this is intentional, prefix it with an underscore: `_required_cap`

warning: variable does not need to be mutable
   --> kernel/src/security_audit/logging.rs:285:17
    |
285 |             let mut comp_stats = &mut stats.compression_stats;
    |                 ----^^^^^^^^^^
    |                 |
    |                 help: remove this `mut`

warning: variable does not need to be mutable
   --> kernel/src/security_audit/logging.rs:319:17
    |
319 |             let mut enc_stats = &mut stats.encryption_stats;
    |                 ----^^^^^^^^^
    |                 |
    |                 help: remove this `mut`

warning: unused variable: `compliance_result`
   --> kernel/src/security_audit/compliance.rs:532:13
    |
532 |         let compliance_result = ComplianceResult {
    |             ^^^^^^^^^^^^^^^^^ help: if this is intentional, prefix it with an underscore: `_compliance_result`

warning: unused variable: `correlation_graph`
   --> kernel/src/security_audit/forensics.rs:414:13
    |
414 |         let correlation_graph = self.build_correlation_graph(&events)?;
    |             ^^^^^^^^^^^^^^^^^ help: if this is intentional, prefix it with an underscore: `_correlation_graph`

warning: unused variable: `events`
   --> kernel/src/security_audit/forensics.rs:640:36
    |
640 |     pub fn analyze_behavior(&self, events: &[AuditEvent]) -> Result<Vec<ForensicFinding>, &'static str> {
    |                                    ^^^^^^ help: if this is intentional, prefix it with an underscore: `_events`

warning: unused variable: `event`
   --> kernel/src/security_audit/analysis.rs:798:45
    |
798 |     fn classify_behavior(&self, score: f64, event: &AuditEvent) -> BehaviorClassification {
    |                                             ^^^^^ help: if this is intentional, prefix it with an underscore: `_event`

warning: unused variable: `config`
   --> kernel/src/security_audit/analysis.rs:822:28
    |
822 |     pub fn init(&mut self, config: &TrendAnalysisConfig) -> Result<(), &'static str> {
    |                            ^^^^^^ help: if this is intentional, prefix it with an underscore: `_config`

warning: unused variable: `identifier`
   --> kernel/src/security_audit/analysis.rs:839:14
    |
839 |         for (identifier, time_series) in &self.time_series {
    |              ^^^^^^^^^^ help: if this is intentional, prefix it with an underscore: `_identifier`

warning: unused variable: `data`
   --> kernel/src/security_audit/reporting.rs:750:43
    |
750 |     fn generate_findings_from_data(&self, data: &CollectedData) -> Result<Vec<Finding>, &'static str> {
    |                                           ^^^^ help: if this is intentional, prefix it with an underscore: `_data`

warning: unused variable: `data`
   --> kernel/src/security_audit/reporting.rs:768:42
    |
768 |     fn generate_analysis_sections(&self, data: &CollectedData) -> Result<Vec<AnalysisSection>, &'static str> {
    |                                          ^^^^ help: if this is intentional, prefix it with an underscore: `_data`

warning: unused variable: `data`
   --> kernel/src/security_audit/reporting.rs:793:50
    |
793 |     fn generate_recommendations_from_data(&self, data: &CollectedData) -> Result<Vec<Recommendation>, &'static str> {
    |                                                  ^^^^ help: if this is intentional, prefix it with an underscore: `_data`

warning: unused variable: `data`
   --> kernel/src/security_audit/reporting.rs:815:45
    |
815 |     fn generate_statistics_from_data(&self, data: &CollectedData) -> Result<ReportStatistics, &'static str> {
    |                                             ^^^^ help: if this is intentional, prefix it with an underscore: `_data`

warning: unused variable: `time_range`
   --> kernel/src/security_audit/reporting.rs:955:60
    |
955 |     fn collect_from_source(&mut self, source: &DataSource, time_range: (u64, u64)) -> Result<CollectedData, &'static str> {
    |                                                            ^^^^^^^^^^ help: if this is intentional, prefix it with an underscore: `_time_range`

warning: unused variable: `huge_page_count`
   --> kernel/src/services/memory.rs:508:13
    |
508 |         let huge_page_count = size / DEFAULT_HUGE_PAGE_SIZE;
    |             ^^^^^^^^^^^^^^^ help: if this is intentional, prefix it with an underscore: `_huge_page_count`

warning: unused variable: `allocation_id`
   --> kernel/src/services/memory.rs:509:13
    |
509 |         let allocation_id = self.next_allocation_id.fetch_add(1, Ordering::SeqCst);
    |             ^^^^^^^^^^^^^ help: if this is intentional, prefix it with an underscore: `_allocation_id`

warning: variable does not need to be mutable
   --> kernel/src/services/process.rs:410:17
    |
410 |             let mut stats = self.stats.lock();
    |                 ----^^^^^
    |                 |
    |                 help: remove this `mut`

warning: unused variable: `thread_id`
   --> kernel/src/services/process.rs:358:13
    |
358 |         let thread_id = self.next_thread_id.fetch_add(1, Ordering::SeqCst);
    |             ^^^^^^^^^ help: if this is intentional, prefix it with an underscore: `_thread_id`

warning: variable does not need to be mutable
   --> kernel/src/services/process.rs:495:17
    |
495 |             let mut stats = self.stats.lock();
    |                 ----^^^^^
    |                 |
    |                 help: remove this `mut`

warning: unused variable: `data`
   --> kernel/src/services/process.rs:428:35
    |
428 |     fn handle_fork_process(&self, data: &[u8], sender_id: u64) -> Result<Vec<u8>, i32> {
    |                                   ^^^^ help: if this is intentional, prefix it with an underscore: `_data`

warning: variable does not need to be mutable
   --> kernel/src/services/process.rs:533:17
    |
533 |             let mut stats = self.stats.lock();
    |                 ----^^^^^
    |                 |
    |                 help: remove this `mut`

warning: variable does not need to be mutable
   --> kernel/src/services/fs.rs:477:17
    |
477 |             let mut stats = self.stats.lock();
    |                 ----^^^^^
    |                 |
    |                 help: remove this `mut`

warning: unused variable: `mode`
   --> kernel/src/services/fs.rs:447:13
    |
447 |         let mode = 0o644; // Default mode
    |             ^^^^ help: if this is intentional, prefix it with an underscore: `_mode`

warning: unused variable: `vfs_file`
   --> kernel/src/services/fs.rs:450:13
    |
450 |         let vfs_file = match crate::vfs::vfs().open(&path, flags) {
    |             ^^^^^^^^ help: if this is intentional, prefix it with an underscore: `_vfs_file`

warning: variable does not need to be mutable
   --> kernel/src/services/fs.rs:510:17
    |
510 |             let mut stats = self.stats.lock();
    |                 ----^^^^^
    |                 |
    |                 help: remove this `mut`

warning: variable does not need to be mutable
   --> kernel/src/services/fs.rs:559:17
    |
559 |             let mut stats = self.stats.lock();
    |                 ----^^^^^
    |                 |
    |                 help: remove this `mut`

warning: variable does not need to be mutable
   --> kernel/src/services/fs.rs:619:17
    |
619 |             let mut stats = self.stats.lock();
    |                 ----^^^^^
    |                 |
    |                 help: remove this `mut`

warning: unused variable: `data`
   --> kernel/src/services/fs.rs:790:39
    |
790 |     fn handle_mount_filesystem(&self, data: &[u8]) -> Result<Vec<u8>, i32> {
    |                                       ^^^^ help: if this is intentional, prefix it with an underscore: `_data`

warning: variable does not need to be mutable
   --> kernel/src/services/fs.rs:857:17
    |
857 |             let mut stats = self.stats.lock();
    |                 ----^^^^^
    |                 |
    |                 help: remove this `mut`

warning: variable does not need to be mutable
   --> kernel/src/services/fs.rs:867:17
    |
867 |             let mut stats = self.stats.lock();
    |                 ----^^^^^
    |                 |
    |                 help: remove this `mut`

warning: unused variable: `fs_id`
   --> kernel/src/services/fs.rs:864:35
    |
864 |     pub fn sync_filesystem(&self, fs_id: u64) -> Result<(), i32> {
    |                                   ^^^^^ help: if this is intentional, prefix it with an underscore: `_fs_id`

warning: unused variable: `domain`
   --> kernel/src/services/network.rs:528:19
    |
528 | pub fn net_socket(domain: u32, socket_type: u32, protocol: u32) -> Option<usize> {
    |                   ^^^^^^ help: if this is intentional, prefix it with an underscore: `_domain`

warning: unused variable: `socket_type`
   --> kernel/src/services/network.rs:528:32
    |
528 | pub fn net_socket(domain: u32, socket_type: u32, protocol: u32) -> Option<usize> {
    |                                ^^^^^^^^^^^ help: if this is intentional, prefix it with an underscore: `_socket_type`

warning: unused variable: `protocol`
   --> kernel/src/services/network.rs:528:50
    |
528 | pub fn net_socket(domain: u32, socket_type: u32, protocol: u32) -> Option<usize> {
    |                                                  ^^^^^^^^ help: if this is intentional, prefix it with an underscore: `_protocol`

warning: unused variable: `socket`
   --> kernel/src/services/network.rs:534:17
    |
534 | pub fn net_bind(socket: usize, addr: *const u8, addr_len: usize) -> bool {
    |                 ^^^^^^ help: if this is intentional, prefix it with an underscore: `_socket`

warning: unused variable: `addr`
   --> kernel/src/services/network.rs:534:32
    |
534 | pub fn net_bind(socket: usize, addr: *const u8, addr_len: usize) -> bool {
    |                                ^^^^ help: if this is intentional, prefix it with an underscore: `_addr`

warning: unused variable: `addr_len`
   --> kernel/src/services/network.rs:534:49
    |
534 | pub fn net_bind(socket: usize, addr: *const u8, addr_len: usize) -> bool {
    |                                                 ^^^^^^^^ help: if this is intentional, prefix it with an underscore: `_addr_len`

warning: unused variable: `socket`
   --> kernel/src/services/network.rs:540:19
    |
540 | pub fn net_listen(socket: usize, backlog: usize) -> bool {
    |                   ^^^^^^ help: if this is intentional, prefix it with an underscore: `_socket`

warning: unused variable: `backlog`
   --> kernel/src/services/network.rs:540:34
    |
540 | pub fn net_listen(socket: usize, backlog: usize) -> bool {
    |                                  ^^^^^^^ help: if this is intentional, prefix it with an underscore: `_backlog`

warning: unused variable: `socket`
   --> kernel/src/services/network.rs:546:19
    |
546 | pub fn net_accept(socket: usize, addr: *mut u8, addr_len: *mut usize) -> Option<usize> {
    |                   ^^^^^^ help: if this is intentional, prefix it with an underscore: `_socket`

warning: unused variable: `addr`
   --> kernel/src/services/network.rs:546:34
    |
546 | pub fn net_accept(socket: usize, addr: *mut u8, addr_len: *mut usize) -> Option<usize> {
    |                                  ^^^^ help: if this is intentional, prefix it with an underscore: `_addr`

warning: unused variable: `addr_len`
   --> kernel/src/services/network.rs:546:49
    |
546 | pub fn net_accept(socket: usize, addr: *mut u8, addr_len: *mut usize) -> Option<usize> {
    |                                                 ^^^^^^^^ help: if this is intentional, prefix it with an underscore: `_addr_len`

warning: unused variable: `socket`
   --> kernel/src/services/network.rs:552:20
    |
552 | pub fn net_connect(socket: usize, addr: *const u8, addr_len: usize) -> bool {
    |                    ^^^^^^ help: if this is intentional, prefix it with an underscore: `_socket`

warning: unused variable: `addr`
   --> kernel/src/services/network.rs:552:35
    |
552 | pub fn net_connect(socket: usize, addr: *const u8, addr_len: usize) -> bool {
    |                                   ^^^^ help: if this is intentional, prefix it with an underscore: `_addr`

warning: unused variable: `addr_len`
   --> kernel/src/services/network.rs:552:52
    |
552 | pub fn net_connect(socket: usize, addr: *const u8, addr_len: usize) -> bool {
    |                                                    ^^^^^^^^ help: if this is intentional, prefix it with an underscore: `_addr_len`

warning: unused variable: `socket`
   --> kernel/src/services/network.rs:558:17
    |
558 | pub fn net_send(socket: usize, buf: *const u8, len: usize, flags: u32) -> Option<usize> {
    |                 ^^^^^^ help: if this is intentional, prefix it with an underscore: `_socket`

warning: unused variable: `buf`
   --> kernel/src/services/network.rs:558:32
    |
558 | pub fn net_send(socket: usize, buf: *const u8, len: usize, flags: u32) -> Option<usize> {
    |                                ^^^ help: if this is intentional, prefix it with an underscore: `_buf`

warning: unused variable: `len`
   --> kernel/src/services/network.rs:558:48
    |
558 | pub fn net_send(socket: usize, buf: *const u8, len: usize, flags: u32) -> Option<usize> {
    |                                                ^^^ help: if this is intentional, prefix it with an underscore: `_len`

warning: unused variable: `flags`
   --> kernel/src/services/network.rs:558:60
    |
558 | pub fn net_send(socket: usize, buf: *const u8, len: usize, flags: u32) -> Option<usize> {
    |                                                            ^^^^^ help: if this is intentional, prefix it with an underscore: `_flags`

warning: unused variable: `socket`
   --> kernel/src/services/network.rs:564:17
    |
564 | pub fn net_recv(socket: usize, buf: *mut u8, len: usize, flags: u32) -> Option<usize> {
    |                 ^^^^^^ help: if this is intentional, prefix it with an underscore: `_socket`

warning: unused variable: `buf`
   --> kernel/src/services/network.rs:564:32
    |
564 | pub fn net_recv(socket: usize, buf: *mut u8, len: usize, flags: u32) -> Option<usize> {
    |                                ^^^ help: if this is intentional, prefix it with an underscore: `_buf`

warning: unused variable: `len`
   --> kernel/src/services/network.rs:564:46
    |
564 | pub fn net_recv(socket: usize, buf: *mut u8, len: usize, flags: u32) -> Option<usize> {
    |                                              ^^^ help: if this is intentional, prefix it with an underscore: `_len`

warning: unused variable: `flags`
   --> kernel/src/services/network.rs:564:58
    |
564 | pub fn net_recv(socket: usize, buf: *mut u8, len: usize, flags: u32) -> Option<usize> {
    |                                                          ^^^^^ help: if this is intentional, prefix it with an underscore: `_flags`

warning: unused variable: `socket`
   --> kernel/src/services/network.rs:570:18
    |
570 | pub fn net_close(socket: usize) -> bool {
    |                  ^^^^^^ help: if this is intentional, prefix it with an underscore: `_socket`

warning: variable does not need to be mutable
   --> kernel/src/services/driver.rs:322:17
    |
322 |             let mut stats = self.driver_stats.lock();
    |                 ----^^^^^
    |                 |
    |                 help: remove this `mut`

warning: variable does not need to be mutable
   --> kernel/src/services/driver.rs:340:17
    |
340 |             let mut stats = self.driver_stats.lock();
    |                 ----^^^^^
    |                 |
    |                 help: remove this `mut`

warning: variable does not need to be mutable
   --> kernel/src/services/driver.rs:368:17
    |
368 |             let mut stats = self.driver_stats.lock();
    |                 ----^^^^^
    |                 |
    |                 help: remove this `mut`

warning: variable does not need to be mutable
   --> kernel/src/services/driver.rs:396:21
    |
396 |                 let mut stats = self.driver_stats.lock();
    |                     ----^^^^^
    |                     |
    |                     help: remove this `mut`

warning: variable does not need to be mutable
   --> kernel/src/services/driver.rs:458:21
    |
458 |                 let mut stats = self.driver_stats.lock();
    |                     ----^^^^^
    |                     |
    |                     help: remove this `mut`

warning: variable does not need to be mutable
   --> kernel/src/services/driver.rs:481:25
    |
481 |                     let mut stats = self.driver_stats.lock();
    |                         ----^^^^^
    |                         |
    |                         help: remove this `mut`

warning: variable does not need to be mutable
   --> kernel/src/services/driver.rs:506:21
    |
506 |                 let mut stats = self.driver_stats.lock();
    |                     ----^^^^^
    |                     |
    |                     help: remove this `mut`

warning: variable does not need to be mutable
   --> kernel/src/services/ipc.rs:687:17
    |
687 |             let mut stats = self.stats.lock();
    |                 ----^^^^^
    |                 |
    |                 help: remove this `mut`

warning: variable does not need to be mutable
   --> kernel/src/services/ipc.rs:721:21
    |
721 |                 let mut stats = self.stats.lock();
    |                     ----^^^^^
    |                     |
    |                     help: remove this `mut`

warning: variable does not need to be mutable
   --> kernel/src/services/ipc.rs:757:21
    |
757 |                 let mut stats = self.stats.lock();
    |                     ----^^^^^
    |                     |
    |                     help: remove this `mut`

warning: unused variable: `start_time`
   --> kernel/src/services/ipc.rs:713:13
    |
713 |         let start_time = get_current_time_ns();
    |             ^^^^^^^^^^ help: if this is intentional, prefix it with an underscore: `_start_time`

warning: variable does not need to be mutable
   --> kernel/src/services/ipc.rs:794:21
    |
794 |                 let mut stats = self.stats.lock();
    |                     ----^^^^^
    |                     |
    |                     help: remove this `mut`

warning: unused variable: `total_bytes`
   --> kernel/src/services/ipc.rs:792:17
    |
792 |             let total_bytes: u64 = messages.iter().map(|m| m.size() as u64).sum();
    |                 ^^^^^^^^^^^ help: if this is intentional, prefix it with an underscore: `_total_bytes`

warning: variable does not need to be mutable
   --> kernel/src/services/ipc.rs:887:17
    |
887 |             let mut stats = self.stats.lock();
    |                 ----^^^^^
    |                 |
    |                 help: remove this `mut`

warning: variable does not need to be mutable
    --> kernel/src/services/ipc.rs:1159:17
     |
1159 |             let mut stats = self.stats.lock();
     |                 ----^^^^^
     |                 |
     |                 help: remove this `mut`

warning: variable does not need to be mutable
    --> kernel/src/services/ipc.rs:1220:17
     |
1220 |             let mut stats = self.stats.lock();
     |                 ----^^^^^
     |                 |
     |                 help: remove this `mut`

warning: variable does not need to be mutable
    --> kernel/src/services/ipc.rs:1241:21
     |
1241 |                 let mut stats = self.stats.lock();
     |                     ----^^^^^
     |                     |
     |                     help: remove this `mut`

warning: variable does not need to be mutable
    --> kernel/src/services/ipc.rs:1281:21
     |
1281 |                 let mut stats = self.stats.lock();
     |                     ----^^^^^
     |                     |
     |                     help: remove this `mut`

warning: variable does not need to be mutable
    --> kernel/src/services/ipc.rs:1321:21
     |
1321 |                 let mut stats = self.stats.lock();
     |                     ----^^^^^
     |                     |
     |                     help: remove this `mut`

warning: variable does not need to be mutable
    --> kernel/src/services/ipc.rs:1341:21
     |
1341 |                 let mut stats = self.stats.lock();
     |                     ----^^^^^
     |                     |
     |                     help: remove this `mut`

warning: variable does not need to be mutable
   --> kernel/src/sync/primitives.rs:223:21
    |
223 |                 let mut table = thread_table();
    |                     ----^^^^^
    |                     |
    |                     help: remove this `mut`

warning: unused variable: `current_tid`
   --> kernel/src/sync/primitives.rs:207:13
    |
207 |         let current_tid = current_thread().unwrap_or(0);
    |             ^^^^^^^^^^^ help: if this is intentional, prefix it with an underscore: `_current_tid`

warning: unused variable: `mutex`
   --> kernel/src/sync/primitives.rs:322:40
    |
322 |     fn try_wait<T: Send + Sync>(&self, mutex: &MutexEnhanced<T>) -> bool {
    |                                        ^^^^^ help: if this is intentional, prefix it with an underscore: `_mutex`

warning: variable does not need to be mutable
   --> kernel/src/sync/primitives.rs:597:17
    |
597 |             let mut queue = self.lock.writer_queue.lock();
    |                 ----^^^^^
    |                 |
    |                 help: remove this `mut`

warning: unused variable: `node`
   --> kernel/src/sync/primitives.rs:748:25
    |
748 |                     let node = unsafe { Box::from_raw(head) };
    |                         ^^^^ help: if this is intentional, prefix it with an underscore: `_node`

warning: unused variable: `current_tid`
   --> kernel/src/sync/primitives.rs:867:13
    |
867 |         let current_tid = current_thread().unwrap_or(0);
    |             ^^^^^^^^^^^ help: if this is intentional, prefix it with an underscore: `_current_tid`

Some errors have detailed explanations: E0004, E0061, E0069, E0277, E0282, E0308, E0382, E0433, E0502...
For more information about an error, try `rustc --explain E0004`.
warning: `kernel` (lib) generated 859 warnings
error: could not compile `kernel` (lib) due to 192 previous errors; 859 warnings emitted
